Component: ARM Compiler 5.06 update 5 (build 528) Tool: armlink [4d35e2]

==============================================================================

Section Cross References

    main.o(i.EXTI1_IRQHandler) refers to stm32f4xx_exti.o(i.EXTI_GetITStatus) for EXTI_GetITStatus
    main.o(i.EXTI1_IRQHandler) refers to stm32f4xx_exti.o(i.EXTI_ClearITPendingBit) for EXTI_ClearITPendingBit
    main.o(i.EXTI1_IRQHandler) refers to main.o(.data) for user_Mode
    main.o(i.checking_Button) refers to button.o(i.BUTTON_STATE) for BUTTON_STATE
    main.o(i.checking_Button) refers to main.o(.data) for user_Mode
    main.o(i.displayFunction) refers to liquidcrystal_i2c.o(i.LCDI2C_setCursor) for LCDI2C_setCursor
    main.o(i.displayFunction) refers to liquidcrystal_i2c.o(i.LCDI2C_write_String) for LCDI2C_write_String
    main.o(i.displayFunction) refers to liquidcrystal_i2c.o(i.LCDI2C_write) for LCDI2C_write
    main.o(i.main) refers to system_stm32f4xx.o(i.SystemInit) for SystemInit
    main.o(i.main) refers to delay_func.o(i.DELAY_Init) for DELAY_Init
    main.o(i.main) refers to led.o(i.LED_Init) for LED_Init
    main.o(i.main) refers to button.o(i.BUTTON_INIT) for BUTTON_INIT
    main.o(i.main) refers to usart2.o(i.USART2_Init) for USART2_Init
    main.o(i.main) refers to putc.o(.text) for putc
    main.o(i.main) refers to i2c.o(i.init_I2C1) for init_I2C1
    main.o(i.main) refers to adc_ctr_fan.o(i.Adc_Start_Init) for Adc_Start_Init
    main.o(i.main) refers to ds18b20.o(i.OneWire_Init) for OneWire_Init
    main.o(i.main) refers to liquidcrystal_i2c.o(i.LCDI2C_init) for LCDI2C_init
    main.o(i.main) refers to liquidcrystal_i2c.o(i.LCDI2C_noBacklight) for LCDI2C_noBacklight
    main.o(i.main) refers to delay_func.o(i.Delay_ms) for Delay_ms
    main.o(i.main) refers to liquidcrystal_i2c.o(i.LCDI2C_backlight) for LCDI2C_backlight
    main.o(i.main) refers to liquidcrystal_i2c.o(i.LCDI2C_clear) for LCDI2C_clear
    main.o(i.main) refers to liquidcrystal_i2c.o(i.LCDI2C_setCursor) for LCDI2C_setCursor
    main.o(i.main) refers to liquidcrystal_i2c.o(i.LCDI2C_write_String) for LCDI2C_write_String
    main.o(i.main) refers to liquidcrystal_i2c.o(i.LCDI2C_write) for LCDI2C_write
    main.o(i.main) refers to ctr_fan.o(i.TIM_PWM_Init) for TIM_PWM_Init
    main.o(i.main) refers to queue.o(i.xQueueGenericCreate) for xQueueGenericCreate
    main.o(i.main) refers to tasks.o(i.xTaskCreate) for xTaskCreate
    main.o(i.main) refers to queue.o(i.xQueueGenericSend) for xQueueGenericSend
    main.o(i.main) refers to tasks.o(i.vTaskStartScheduler) for vTaskStartScheduler
    main.o(i.main) refers to retar.o(.data) for __stdout
    main.o(i.main) refers to main.o(.data) for xSemaphore
    main.o(i.main) refers to main.o(i.vTask1) for vTask1
    main.o(i.main) refers to main.o(i.vTask2) for vTask2
    main.o(i.main) refers to main.o(i.vTask3) for vTask3
    main.o(i.readingFunction) refers to ds18b20.o(i.StartConversion) for StartConversion
    main.o(i.readingFunction) refers to delay_func.o(i.Delay_ms) for Delay_ms
    main.o(i.readingFunction) refers to ds18b20.o(i.ReportTemperature_2) for ReportTemperature_2
    main.o(i.readingFunction) refers to main.o(.data) for reading_Temp
    main.o(i.vTask1) refers to _printf_percent.o(.ARM.Collect$$_printf_percent$$00000000) for _printf_percent
    main.o(i.vTask1) refers to _printf_s.o(.ARM.Collect$$_printf_percent$$00000014) for _printf_s
    main.o(i.vTask1) refers to _printf_str.o(.text) for _printf_str
    main.o(i.vTask1) refers to tasks.o(i.xTaskGetTickCount) for xTaskGetTickCount
    main.o(i.vTask1) refers to tasks.o(i.vTaskDelayUntil) for vTaskDelayUntil
    main.o(i.vTask1) refers to queue.o(i.xQueueSemaphoreTake) for xQueueSemaphoreTake
    main.o(i.vTask1) refers to noretval__2printf.o(.text) for __2printf
    main.o(i.vTask1) refers to main.o(i.readingFunction) for readingFunction
    main.o(i.vTask1) refers to queue.o(i.xQueueGenericSend) for xQueueGenericSend
    main.o(i.vTask1) refers to main.o(.data) for xSemaphore
    main.o(i.vTask2) refers to _printf_percent.o(.ARM.Collect$$_printf_percent$$00000000) for _printf_percent
    main.o(i.vTask2) refers to _printf_s.o(.ARM.Collect$$_printf_percent$$00000014) for _printf_s
    main.o(i.vTask2) refers to _printf_str.o(.text) for _printf_str
    main.o(i.vTask2) refers to _printf_f.o(.ARM.Collect$$_printf_percent$$00000003) for _printf_f
    main.o(i.vTask2) refers to printf1.o(x$fpl$printf1) for _printf_fp_dec
    main.o(i.vTask2) refers to queue.o(i.xQueueSemaphoreTake) for xQueueSemaphoreTake
    main.o(i.vTask2) refers to noretval__2printf.o(.text) for __2printf
    main.o(i.vTask2) refers to f2d.o(x$fpl$f2d) for __aeabi_f2d
    main.o(i.vTask2) refers to noretval__2sprintf.o(.text) for __2sprintf
    main.o(i.vTask2) refers to main.o(i.displayFunction) for displayFunction
    main.o(i.vTask2) refers to queue.o(i.xQueueGenericSend) for xQueueGenericSend
    main.o(i.vTask2) refers to tasks.o(i.vTaskDelay) for vTaskDelay
[...]
    i.prvSampleTimeNow                       0x080033a0   Section        0  timers.o(i.prvSampleTimeNow)
    prvSampleTimeNow                         0x080033a1   Thumb Code    40  timers.o(i.prvSampleTimeNow)
    i.prvSwitchTimerLists                    0x080033cc   Section        0  timers.o(i.prvSwitchTimerLists)
    prvSwitchTimerLists                      0x080033cd   Thumb Code   152  timers.o(i.prvSwitchTimerLists)
    i.prvTaskExitError                       0x0800346c   Section        0  port.o(i.prvTaskExitError)
    prvTaskExitError                         0x0800346d   Thumb Code    62  port.o(i.prvTaskExitError)
    i.prvTimerTask                           0x080034b0   Section        0  timers.o(i.prvTimerTask)
    prvTimerTask                             0x080034b1   Thumb Code    26  timers.o(i.prvTimerTask)
    i.prvUnlockQueue                         0x080034ca   Section        0  queue.o(i.prvUnlockQueue)
    prvUnlockQueue                           0x080034cb   Thumb Code   126  queue.o(i.prvUnlockQueue)
    i.pvPortMalloc                           0x08003548   Section        0  heap_4.o(i.pvPortMalloc)
    i.pvTaskIncrementMutexHeldCount          0x08003694   Section        0  tasks.o(i.pvTaskIncrementMutexHeldCount)
    i.pxPortInitialiseStack                  0x080036b4   Section        0  port.o(i.pxPortInitialiseStack)
    i.readingFunction                        0x080036e0   Section        0  main.o(i.readingFunction)
    i.uxListRemove                           0x080036fc   Section        0  list.o(i.uxListRemove)
    i.vApplicationMallocFailedHook           0x08003724   Section        0  main.o(i.vApplicationMallocFailedHook)
    i.vListInitialise                        0x08003728   Section        0  list.o(i.vListInitialise)
    i.vListInitialiseItem                    0x08003742   Section        0  list.o(i.vListInitialiseItem)
    i.vListInsert                            0x08003748   Section        0  list.o(i.vListInsert)
    i.vListInsertEnd                         0x0800377c   Section        0  list.o(i.vListInsertEnd)
    i.vPortEnterCritical                     0x08003794   Section        0  port.o(i.vPortEnterCritical)
    i.vPortExitCritical                      0x080037ec   Section        0  port.o(i.vPortExitCritical)
    i.vPortFree                              0x0800382c   Section        0  heap_4.o(i.vPortFree)
    i.vPortSetupTimerInterrupt               0x080038c4   Section        0  port.o(i.vPortSetupTimerInterrupt)
    i.vPortValidateInterruptPriority         0x080038ec   Section        0  port.o(i.vPortValidateInterruptPriority)
    i.vQueueAddToRegistry                    0x08003968   Section        0  queue.o(i.vQueueAddToRegistry)
    i.vQueueWaitForMessageRestricted         0x08003994   Section        0  queue.o(i.vQueueWaitForMessageRestricted)
    i.vTask1                                 0x080039e0   Section        0  main.o(i.vTask1)
    i.vTask2                                 0x08003a40   Section        0  main.o(i.vTask2)
    i.vTask3                                 0x08003ad8   Section        0  main.o(i.vTask3)
    i.vTask4                                 0x08003bc4   Section        0  main.o(i.vTask4)
    i.vTaskDelay                             0x08003c44   Section        0  tasks.o(i.vTaskDelay)
    i.vTaskDelayUntil                        0x08003ca0   Section        0  tasks.o(i.vTaskDelayUntil)
    i.vTaskDelete                            0x08003d7c   Section        0  tasks.o(i.vTaskDelete)
    i.vTaskInternalSetTimeOutState           0x08003e70   Section        0  tasks.o(i.vTaskInternalSetTimeOutState)
    i.vTaskMissedYield                       0x08003e88   Section        0  tasks.o(i.vTaskMissedYield)
    i.vTaskPlaceOnEventList                  0x08003e94   Section        0  tasks.o(i.vTaskPlaceOnEventList)
    i.vTaskPlaceOnEventListRestricted        0x08003ed0   Section        0  tasks.o(i.vTaskPlaceOnEventListRestricted)
    i.vTaskPriorityDisinheritAfterTimeout    0x08003f14   Section        0  tasks.o(i.vTaskPriorityDisinheritAfterTimeout)
    i.vTaskStartScheduler                    0x0800400c   Section        0  tasks.o(i.vTaskStartScheduler)
    i.vTaskSuspendAll                        0x080040a0   Section        0  tasks.o(i.vTaskSuspendAll)
    i.vTaskSwitchContext                     0x080040b0   Section        0  tasks.o(i.vTaskSwitchContext)
    i.xPortStartScheduler                    0x0800413c   Section        0  port.o(i.xPortStartScheduler)
    i.xQueueGenericCreate                    0x080042ac   Section        0  queue.o(i.xQueueGenericCreate)
    i.xQueueGenericReset                     0x08004308   Section        0  queue.o(i.xQueueGenericReset)
    i.xQueueGenericSend                      0x080043a0   Section        0  queue.o(i.xQueueGenericSend)
    i.xQueueGenericSendFromISR               0x08004550   Section        0  queue.o(i.xQueueGenericSendFromISR)
    i.xQueueReceive                          0x08004650   Section        0  queue.o(i.xQueueReceive)
    i.xQueueSemaphoreTake                    0x080047c0   Section        0  queue.o(i.xQueueSemaphoreTake)
    i.xTaskCheckForTimeOut                   0x08004980   Section        0  tasks.o(i.xTaskCheckForTimeOut)
    i.xTaskCreate                            0x08004a10   Section        0  tasks.o(i.xTaskCreate)
    i.xTaskGetSchedulerState                 0x08004a70   Section        0  tasks.o(i.xTaskGetSchedulerState)
    i.xTaskGetTickCount                      0x08004a90   Section        0  tasks.o(i.xTaskGetTickCount)
    i.xTaskIncrementTick                     0x08004a9c   Section        0  tasks.o(i.xTaskIncrementTick)
    i.xTaskPriorityDisinherit                0x08004be4   Section        0  tasks.o(i.xTaskPriorityDisinherit)
    i.xTaskPriorityInherit                   0x08004cb0   Section        0  tasks.o(i.xTaskPriorityInherit)
    i.xTaskRemoveFromEventList               0x08004d78   Section        0  tasks.o(i.xTaskRemoveFromEventList)
    i.xTaskResumeAll                         0x08004e14   Section        0  tasks.o(i.xTaskResumeAll)
    i.xTimerCreateTimerTask                  0x08004f1c   Section        0  timers.o(i.xTimerCreateTimerTask)
    i.xTimerGenericCommand                   0x08004f74   Section        0  timers.o(i.xTimerGenericCommand)
    locale$$code                             0x08004ff8   Section       44  lc_numeric_c.o(locale$$code)
    x$fpl$dretinf                            0x08005024   Section       12  dretinf.o(x$fpl$dretinf)
    $v0                                      0x08005024   Number         0  dretinf.o(x$fpl$dretinf)
    x$fpl$f2d                                0x08005030   Section       86  f2d.o(x$fpl$f2d)
    $v0                                      0x08005030   Number         0  f2d.o(x$fpl$f2d)
    x$fpl$fnaninf                            0x08005086   Section      140  fnaninf.o(x$fpl$fnaninf)
    $v0                                      0x08005086   Number         0  fnaninf.o(x$fpl$fnaninf)
    x$fpl$fpinit                             0x08005112   Section       10  fpinit.o(x$fpl$fpinit)
    $v0                                      0x08005112   Number         0  fpinit.o(x$fpl$fpinit)
    x$fpl$printf1                            0x0800511c   Section        4  printf1.o(x$fpl$printf1)
    $v0                                      0x0800511c   Number         0  printf1.o(x$fpl$printf1)
    .constdata                               0x08005120   Section       16  liquidcrystal_i2c.o(.constdata)
    x$fpl$usenofp                            0x08005120   Section        0  usenofp.o(x$fpl$usenofp)
    .constdata                               0x08005130   Section       40  _printf_hex_int.o(.constdata)
    uc_hextab                                0x08005130   Data          20  _printf_hex_int.o(.constdata)
    lc_hextab                                0x08005144   Data          20  _printf_hex_int.o(.constdata)
    .constdata                               0x08005158   Section       17  __printf_flags_wp.o(.constdata)
    maptable                                 0x08005158   Data          17  __printf_flags_wp.o(.constdata)
    .constdata                               0x0800516c   Section      148  bigflt0.o(.constdata)
    tenpwrs_x                                0x0800516c   Data          60  bigflt0.o(.constdata)
    tenpwrs_i                                0x080051a8   Data          64  bigflt0.o(.constdata)
    locale$$data                             0x08005220   Section       28  lc_numeric_c.o(locale$$data)
    __lcnum_c_name                           0x08005224   Data           2  lc_numeric_c.o(locale$$data)
    __lcnum_c_start                          0x0800522c   Data           0  lc_numeric_c.o(locale$$data)
    __lcnum_c_point                          0x08005238   Data           0  lc_numeric_c.o(locale$$data)
    __lcnum_c_thousands                      0x0800523a   Data           0  lc_numeric_c.o(locale$$data)
    __lcnum_c_grouping                       0x0800523b   Data           0  lc_numeric_c.o(locale$$data)
    __lcnum_c_end                            0x0800523c   Data           0  lc_numeric_c.o(locale$$data)
    .data                                    0x20000000   Section       21  main.o(.data)
    user_Mode                                0x2000000c   Data           1  main.o(.data)
    .data                                    0x20000018   Section       60  tasks.o(.data)
    pxDelayedTaskList                        0x2000001c   Data           4  tasks.o(.data)
    pxOverflowDelayedTaskList                0x20000020   Data           4  tasks.o(.data)
    uxDeletedTasksWaitingCleanUp             0x20000024   Data           4  tasks.o(.data)
    uxCurrentNumberOfTasks                   0x20000028   Data           4  tasks.o(.data)
    xTickCount                               0x2000002c   Data           4  tasks.o(.data)
    uxTopReadyPriority                       0x20000030   Data           4  tasks.o(.data)
    xSchedulerRunning                        0x20000034   Data           4  tasks.o(.data)
    uxPendedTicks                            0x20000038   Data           4  tasks.o(.data)
    xYieldPending                            0x2000003c   Data           4  tasks.o(.data)
    xNumOfOverflows                          0x20000040   Data           4  tasks.o(.data)
    uxTaskNumber                             0x20000044   Data           4  tasks.o(.data)
    xNextTaskUnblockTime                     0x20000048   Data           4  tasks.o(.data)
    xIdleTaskHandle                          0x2000004c   Data           4  tasks.o(.data)
    uxSchedulerSuspended                     0x20000050   Data           4  tasks.o(.data)
    .data                                    0x20000054   Section       20  timers.o(.data)
    pxCurrentTimerList                       0x20000054   Data           4  timers.o(.data)
    pxOverflowTimerList                      0x20000058   Data           4  timers.o(.data)
    xTimerQueue                              0x2000005c   Data           4  timers.o(.data)
    xTimerTaskHandle                         0x20000060   Data           4  timers.o(.data)
    xLastTime                                0x20000064   Data           4  timers.o(.data)
    .data                                    0x20000068   Section       12  port.o(.data)
    uxCriticalNesting                        0x20000068   Data           4  port.o(.data)
    ucMaxSysCallPriority                     0x2000006c   Data           1  port.o(.data)
    ulMaxPRIGROUPValue                       0x20000070   Data           4  port.o(.data)
    .data                                    0x20000074   Section       24  heap_4.o(.data)
    xStart                                   0x20000074   Data           8  heap_4.o(.data)
    pxEnd                                    0x2000007c   Data           4  heap_4.o(.data)
    xFreeBytesRemaining                      0x20000080   Data           4  heap_4.o(.data)
    xMinimumEverFreeBytesRemaining           0x20000084   Data           4  heap_4.o(.data)
    xBlockAllocatedBit                       0x20000088   Data           4  heap_4.o(.data)
    .data                                    0x2000008c   Section        8  retar.o(.data)
    .data                                    0x20000094   Section        8  i2c.o(.data)
    .data                                    0x2000009c   Section        8  liquidcrystal_i2c.o(.data)
    .data                                    0x200000a4   Section       16  stm32f4xx_rcc.o(.data)
    APBAHBPrescTable                         0x200000a4   Data          16  stm32f4xx_rcc.o(.data)
    .data                                    0x200000b4   Section        4  system_stm32f4xx.o(.data)
    .bss                                     0x200000b8   Section       64  queue.o(.bss)
    .bss                                     0x200000f8   Section      400  tasks.o(.bss)
    pxReadyTasksLists                        0x200000f8   Data         300  tasks.o(.bss)
    xDelayedTaskList1                        0x20000224   Data          20  tasks.o(.bss)
    xDelayedTaskList2                        0x20000238   Data          20  tasks.o(.bss)
    xPendingReadyList                        0x2000024c   Data          20  tasks.o(.bss)
    xTasksWaitingTermination                 0x20000260   Data          20  tasks.o(.bss)
    xSuspendedTaskList                       0x20000274   Data          20  tasks.o(.bss)
    .bss                                     0x20000288   Section       40  timers.o(.bss)
    xActiveTimerList1                        0x20000288   Data          20  timers.o(.bss)
    xActiveTimerList2                        0x2000029c   Data          20  timers.o(.bss)
    .bss                                     0x200002b0   Section    102400  heap_4.o(.bss)
    ucHeap                                   0x200002b0   Data       102400  heap_4.o(.bss)
    .bss                                     0x200192b0   Section       16  i2c.o(.bss)
    .bss                                     0x200192c0   Section        9  ds18b20.o(.bss)
    .bss                                     0x200192cc   Section       96  libspace.o(.bss)
    HEAP                                     0x20019330   Section      512  startup_stm32f411xe.o(HEAP)
    Heap_Mem                                 0x20019330   Data         512  startup_stm32f411xe.o(HEAP)
    STACK                                    0x20019530   Section     1024  startup_stm32f411xe.o(STACK)
    Stack_Mem                                0x20019530   Data        1024  startup_stm32f411xe.o(STACK)
    __initial_sp                             0x20019930   Data           0  startup_stm32f411xe.o(STACK)

    Global Symbols

    Symbol Name                              Value     Ov Type        Size  Object(Section)

    BuildAttributes$$THM_ISAv4$E$P$D$K$B$S$7EM$VFPi3$EXTD16$VFPS$VFMA$PE$A:L22UL41UL21$X:L11$S22US41US21$IEEE1$IW$USESV6$~STKCKD$USESV7$~SHL$OTIME$ROPI$IEEEJ$EBA8$UX$STANDARDLIB$REQ8$PRES8$EABIv2 0x00000000   Number         0  anon$$obj.o ABSOLUTE
    __ARM_use_no_argv                        0x00000000   Number         0  main.o ABSOLUTE
    _printf_flags                            0x00000000   Number         0  printf_stubs.o ABSOLUTE
    _printf_return_value                     0x00000000   Number         0  printf_stubs.o ABSOLUTE
    _printf_sizespec                         0x00000000   Number         0  printf_stubs.o ABSOLUTE
    _printf_widthprec                        0x00000000   Number         0  printf_stubs.o ABSOLUTE
    __ARM_exceptions_init                     - Undefined Weak Reference
    __alloca_initialize                       - Undefined Weak Reference
    __arm_preinit_                            - Undefined Weak Reference
    __cpp_initialize__aeabi_                  - Undefined Weak Reference
    __cxa_finalize                            - Undefined Weak Reference
    __sigvec_lookup                           - Undefined Weak Reference
    _atexit_init                              - Undefined Weak Reference
    _call_atexit_fns                          - Undefined Weak Reference
    _clock_init                               - Undefined Weak Reference
    _fp_trap_init                             - Undefined Weak Reference
    _fp_trap_shutdown                         - Undefined Weak Reference
    _get_lc_collate                           - Undefined Weak Reference
    _get_lc_ctype                             - Undefined Weak Reference
    _get_lc_monetary                          - Undefined Weak Reference
    _get_lc_time                              - Undefined Weak Reference
    _getenv_init                              - Undefined Weak Reference
    _handle_redirection                       - Undefined Weak Reference
    _init_alloc                               - Undefined Weak Reference
    _init_user_alloc                          - Undefined Weak Reference
    _initio                                   - Undefined Weak Reference
    _printf_mbtowc                            - Undefined Weak Reference
    _printf_truncate_signed                   - Undefined Weak Reference
    _printf_truncate_unsigned                 - Undefined Weak Reference
    _rand_init                                - Undefined Weak Reference
    _signal_finish                            - Undefined Weak Reference
    _signal_init                              - Undefined Weak Reference
    _terminate_alloc                          - Undefined Weak Reference
    _terminate_user_alloc                     - Undefined Weak Reference
    _terminateio                              - Undefined Weak Reference
    __Vectors_Size                           0x00000198   Number         0  startup_stm32f411xe.o ABSOLUTE
    __Vectors                                0x08000000   Data           4  startup_stm32f411xe.o(RESET)
    __Vectors_End                            0x08000198   Data           0  startup_stm32f411xe.o(RESET)
    __main                                   0x08000199   Thumb Code     8  __main.o(!!!main)
    __scatterload                            0x080001a1   Thumb Code     0  __scatter.o(!!!scatter)
    __scatterload_rt2                        0x080001a1   Thumb Code    44  __scatter.o(!!!scatter)
    __scatterload_rt2_thumb_only             0x080001a1   Thumb Code     0  __scatter.o(!!!scatter)
    __scatterload_null                       0x080001af   Thumb Code     0  __scatter.o(!!!scatter)
    __scatterload_copy                       0x080001d5   Thumb Code    26  __scatter_copy.o(!!handler_copy)
    __scatterload_zeroinit                   0x080001f1   Thumb Code    28  __scatter_zi.o(!!handler_zi)
    _printf_f                                0x0800020d   Thumb Code     0  _printf_f.o(.ARM.Collect$$_printf_percent$$00000003)
    _printf_percent                          0x0800020d   Thumb Code     0  _printf_percent.o(.ARM.Collect$$_printf_percent$$00000000)
    _printf_d                                0x08000213   Thumb Code     0  _printf_d.o(.ARM.Collect$$_printf_percent$$00000009)
    _printf_x                                0x08000219   Thumb Code     0  _printf_x.o(.ARM.Collect$$_printf_percent$$0000000C)
    _printf_s                                0x0800021f   Thumb Code     0  _printf_s.o(.ARM.Collect$$_printf_percent$$00000014)
    _printf_percent_end                      0x08000225   Thumb Code     0  _printf_percent_end.o(.ARM.Collect$$_printf_percent$$00000017)
    __rt_lib_init                            0x08000229   Thumb Code     0  libinit.o(.ARM.Collect$$libinit$$00000000)
    __rt_lib_init_fp_1                       0x0800022b   Thumb Code     0  libinit2.o(.ARM.Collect$$libinit$$00000001)
    __rt_lib_init_heap_1                     0x0800022f   Thumb Code     0  libinit2.o(.ARM.Collect$$libinit$$0000000A)
    __rt_lib_init_lc_common                  0x0800022f   Thumb Code     0  libinit2.o(.ARM.Collect$$libinit$$0000000F)
    __rt_lib_init_preinit_1                  0x0800022f   Thumb Code     0  libinit2.o(.ARM.Collect$$libinit$$00000004)
    __rt_lib_init_rand_1                     0x0800022f   Thumb Code     0  libinit2.o(.ARM.Collect$$libinit$$0000000E)
    __rt_lib_init_user_alloc_1               0x0800022f   Thumb Code     0  libinit2.o(.ARM.Collect$$libinit$$0000000C)
    __rt_lib_init_lc_collate_1               0x08000235   Thumb Code     0  libinit2.o(.ARM.Collect$$libinit$$00000011)
    __rt_lib_init_lc_ctype_1                 0x08000235   Thumb Code     0  libinit2.o(.ARM.Collect$$libinit$$00000013)
    __rt_lib_init_lc_monetary_1              0x08000235   Thumb Code     0  libinit2.o(.ARM.Collect$$libinit$$00000015)
    __rt_lib_init_lc_numeric_2               0x08000235   Thumb Code     0  libinit2.o(.ARM.Collect$$libinit$$00000016)
    __rt_lib_init_alloca_1                   0x0800023f   Thumb Code     0  libinit2.o(.ARM.Collect$$libinit$$0000002E)
    __rt_lib_init_argv_1                     0x0800023f   Thumb Code     0  libinit2.o(.ARM.Collect$$libinit$$0000002C)
    __rt_lib_init_atexit_1                   0x0800023f   Thumb Code     0  libinit2.o(.ARM.Collect$$libinit$$0000001B)
    __rt_lib_init_clock_1                    0x0800023f   Thumb Code     0  libinit2.o(.ARM.Collect$$libinit$$00000021)
    __rt_lib_init_cpp_1                      0x0800023f   Thumb Code     0  libinit2.o(.ARM.Collect$$libinit$$00000032)
    __rt_lib_init_exceptions_1               0x0800023f   Thumb Code     0  libinit2.o(.ARM.Collect$$libinit$$00000030)
    __rt_lib_init_fp_trap_1                  0x0800023f   Thumb Code     0  libinit2.o(.ARM.Collect$$libinit$$0000001F)
    __rt_lib_init_getenv_1                   0x0800023f   Thumb Code     0  libinit2.o(.ARM.Collect$$libinit$$00000023)
    __rt_lib_init_lc_numeric_1               0x0800023f   Thumb Code     0  libinit2.o(.ARM.Collect$$libinit$$00000017)
    __rt_lib_init_lc_time_1                  0x0800023f   Thumb Code     0  libinit2.o(.ARM.Collect$$libinit$$00000019)
    __rt_lib_init_return                     0x0800023f   Thumb Code     0  libinit2.o(.ARM.Collect$$libinit$$00000033)
    __rt_lib_init_signal_1                   0x0800023f   Thumb Code     0  libinit2.o(.ARM.Collect$$libinit$$0000001D)
    __rt_lib_init_stdio_1                    0x0800023f   Thumb Code     0  libinit2.o(.ARM.Collect$$libinit$$00000025)
    __rt_lib_shutdown                        0x08000241   Thumb Code     0  libshutdown.o(.ARM.Collect$$libshutdown$$00000000)
    __rt_lib_shutdown_cpp_1                  0x08000243   Thumb Code     0  libshutdown2.o(.ARM.Collect$$libshutdown$$00000002)
    __rt_lib_shutdown_fp_trap_1              0x08000243   Thumb Code     0  libshutdown2.o(.ARM.Collect$$libshutdown$$00000007)
    __rt_lib_shutdown_heap_1                 0x08000243   Thumb Code     0  libshutdown2.o(.ARM.Collect$$libshutdown$$0000000F)
    __rt_lib_shutdown_return                 0x08000243   Thumb Code     0  libshutdown2.o(.ARM.Collect$$libshutdown$$00000010)
    __rt_lib_shutdown_signal_1               0x08000243   Thumb Code     0  libshutdown2.o(.ARM.Collect$$libshutdown$$0000000A)
    __rt_lib_shutdown_stdio_1                0x08000243   Thumb Code     0  libshutdown2.o(.ARM.Collect$$libshutdown$$00000004)
    __rt_lib_shutdown_user_alloc_1           0x08000243   Thumb Code     0  libshutdown2.o(.ARM.Collect$$libshutdown$$0000000C)
    __rt_entry                               0x08000245   Thumb Code     0  __rtentry.o(.ARM.Collect$$rtentry$$00000000)
    __rt_entry_presh_1                       0x08000245   Thumb Code     0  __rtentry2.o(.ARM.Collect$$rtentry$$00000002)
    __rt_entry_sh                            0x08000245   Thumb Code     0  __rtentry4.o(.ARM.Collect$$rtentry$$00000004)
    __rt_entry_li                            0x0800024b   Thumb Code     0  __rtentry2.o(.ARM.Collect$$rtentry$$0000000A)
    __rt_entry_postsh_1                      0x0800024b   Thumb Code     0  __rtentry2.o(.ARM.Collect$$rtentry$$00000009)
    __rt_entry_main                          0x0800024f   Thumb Code     0  __rtentry2.o(.ARM.Collect$$rtentry$$0000000D)
    __rt_entry_postli_1                      0x0800024f   Thumb Code     0  __rtentry2.o(.ARM.Collect$$rtentry$$0000000C)
    __rt_exit                                0x08000257   Thumb Code     0  rtexit.o(.ARM.Collect$$rtexit$$00000000)
    __rt_exit_ls                             0x08000259   Thumb Code     0  rtexit2.o(.ARM.Collect$$rtexit$$00000003)
    __rt_exit_prels_1                        0x08000259   Thumb Code     0  rtexit2.o(.ARM.Collect$$rtexit$$00000002)
    __rt_exit_exit                           0x0800025d   Thumb Code     0  rtexit2.o(.ARM.Collect$$rtexit$$00000004)
    SVC_Handler                              0x08000265   Thumb Code    28  port.o(.emb_text)
    __asm___6_port_c_39a90d8d__prvStartFirstTask 0x08000285   Thumb Code    36  port.o(.emb_text)
    __asm___6_port_c_39a90d8d__prvEnableVFP  0x080002ad   Thumb Code    16  port.o(.emb_text)
    PendSV_Handler                           0x080002c1   Thumb Code    88  port.o(.emb_text)
    vPortGetIPSR                             0x0800031d   Thumb Code     6  port.o(.emb_text)
    Reset_Handler                            0x08000325   Thumb Code     8  startup_stm32f411xe.o(.text)
    NMI_Handler                              0x0800032d   Thumb Code     2  startup_stm32f411xe.o(.text)
    HardFault_Handler                        0x0800032f   Thumb Code     2  startup_stm32f411xe.o(.text)
    MemManage_Handler                        0x08000331   Thumb Code     2  startup_stm32f411xe.o(.text)
    BusFault_Handler                         0x08000333   Thumb Code     2  startup_stm32f411xe.o(.text)
    UsageFault_Handler                       0x08000335   Thumb Code     2  startup_stm32f411xe.o(.text)
    DebugMon_Handler                         0x08000339   Thumb Code     2  startup_stm32f411xe.o(.text)
    ADC_IRQHandler                           0x0800033f   Thumb Code     0  startup_stm32f411xe.o(.text)
    DMA1_Stream0_IRQHandler                  0x0800033f   Thumb Code     0  startup_stm32f411xe.o(.text)
    DMA1_Stream1_IRQHandler                  0x0800033f   Thumb Code     0  startup_stm32f411xe.o(.text)
    DMA1_Stream2_IRQHandler                  0x0800033f   Thumb Code     0  startup_stm32f411xe.o(.text)
    DMA1_Stream3_IRQHandler                  0x0800033f   Thumb Code     0  startup_stm32f411xe.o(.text)
    DMA1_Stream4_IRQHandler                  0x0800033f   Thumb Code     0  startup_stm32f411xe.o(.text)
    DMA1_Stream5_IRQHandler                  0x0800033f   Thumb Code     0  startup_stm32f411xe.o(.text)
    DMA1_Stream6_IRQHandler                  0x0800033f   Thumb Code     0  startup_stm32f411xe.o(.text)
    DMA1_Stream7_IRQHandler                  0x0800033f   Thumb Code     0  startup_stm32f411xe.o(.text)
    DMA2_Stream0_IRQHandler                  0x0800033f   Thumb Code     0  startup_stm32f411xe.o(.text)
    DMA2_Stream1_IRQHandler                  0x0800033f   Thumb Code     0  startup_stm32f411xe.o(.text)
    DMA2_Stream2_IRQHandler                  0x0800033f   Thumb Code     0  startup_stm32f411xe.o(.text)
    DMA2_Stream3_IRQHandler                  0x0800033f   Thumb Code     0  startup_stm32f411xe.o(.text)
    DMA2_Stream4_IRQHandler                  0x0800033f   Thumb Code     0  startup_stm32f411xe.o(.text)
    DMA2_Stream5_IRQHandler                  0x0800033f   Thumb Code     0  startup_stm32f411xe.o(.text)
    DMA2_Stream6_IRQHandler                  0x0800033f   Thumb Code     0  startup_stm32f411xe.o(.text)
    DMA2_Stream7_IRQHandler                  0x0800033f   Thumb Code     0  startup_stm32f411xe.o(.text)
    EXTI0_IRQHandler                         0x0800033f   Thumb Code     0  startup_stm32f411xe.o(.text)
    EXTI15_10_IRQHandler                     0x0800033f   Thumb Code     0  startup_stm32f411xe.o(.text)
    EXTI2_IRQHandler                         0x0800033f   Thumb Code     0  startup_stm32f411xe.o(.text)
    EXTI3_IRQHandler                         0x0800033f   Thumb Code     0  startup_stm32f411xe.o(.text)
    EXTI4_IRQHandler                         0x0800033f   Thumb Code     0  startup_stm32f411xe.o(.text)
    EXTI9_5_IRQHandler                       0x0800033f   Thumb Code     0  startup_stm32f411xe.o(.text)
    FLASH_IRQHandler                         0x0800033f   Thumb Code     0  startup_stm32f411xe.o(.text)
    FPU_IRQHandler                           0x0800033f   Thumb Code     0  startup_stm32f411xe.o(.text)
    I2C1_ER_IRQHandler                       0x0800033f   Thumb Code     0  startup_stm32f411xe.o(.text)
    I2C1_EV_IRQHandler                       0x0800033f   Thumb Code     0  startup_stm32f411xe.o(.text)
    I2C2_ER_IRQHandler                       0x0800033f   Thumb Code     0  startup_stm32f411xe.o(.text)
    I2C2_EV_IRQHandler                       0x0800033f   Thumb Code     0  startup_stm32f411xe.o(.text)
    I2C3_ER_IRQHandler                       0x0800033f   Thumb Code     0  startup_stm32f411xe.o(.text)
    I2C3_EV_IRQHandler                       0x0800033f   Thumb Code     0  startup_stm32f411xe.o(.text)
    OTG_FS_IRQHandler                        0x0800033f   Thumb Code     0  startup_stm32f411xe.o(.text)
    OTG_FS_WKUP_IRQHandler                   0x0800033f   Thumb Code     0  startup_stm32f411xe.o(.text)
    PVD_IRQHandler                           0x0800033f   Thumb Code     0  startup_stm32f411xe.o(.text)
    RCC_IRQHandler                           0x0800033f   Thumb Code     0  startup_stm32f411xe.o(.text)
    RTC_Alarm_IRQHandler                     0x0800033f   Thumb Code     0  startup_stm32f411xe.o(.text)
    RTC_WKUP_IRQHandler                      0x0800033f   Thumb Code     0  startup_stm32f411xe.o(.text)
    SDIO_IRQHandler                          0x0800033f   Thumb Code     0  startup_stm32f411xe.o(.text)
    SPI1_IRQHandler                          0x0800033f   Thumb Code     0  startup_stm32f411xe.o(.text)
    SPI2_IRQHandler                          0x0800033f   Thumb Code     0  startup_stm32f411xe.o(.text)
    SPI3_IRQHandler                          0x0800033f   Thumb Code     0  startup_stm32f411xe.o(.text)
    SPI4_IRQHandler                          0x0800033f   Thumb Code     0  startup_stm32f411xe.o(.text)
    SPI5_IRQHandler                          0x0800033f   Thumb Code     0  startup_stm32f411xe.o(.text)
    TAMP_STAMP_IRQHandler                    0x0800033f   Thumb Code     0  startup_stm32f411xe.o(.text)
    TIM1_BRK_TIM9_IRQHandler                 0x0800033f   Thumb Code     0  startup_stm32f411xe.o(.text)
    TIM1_CC_IRQHandler                       0x0800033f   Thumb Code     0  startup_stm32f411xe.o(.text)
    TIM1_TRG_COM_TIM11_IRQHandler            0x0800033f   Thumb Code     0  startup_stm32f411xe.o(.text)
    TIM1_UP_TIM10_IRQHandler                 0x0800033f   Thumb Code     0  startup_stm32f411xe.o(.text)
    TIM2_IRQHandler                          0x0800033f   Thumb Code     0  startup_stm32f411xe.o(.text)
    TIM3_IRQHandler                          0x0800033f   Thumb Code     0  startup_stm32f411xe.o(.text)
    TIM4_IRQHandler                          0x0800033f   Thumb Code     0  startup_stm32f411xe.o(.text)
    TIM5_IRQHandler                          0x0800033f   Thumb Code     0  startup_stm32f411xe.o(.text)
    USART1_IRQHandler                        0x0800033f   Thumb Code     0  startup_stm32f411xe.o(.text)
    USART2_IRQHandler                        0x0800033f   Thumb Code     0  startup_stm32f411xe.o(.text)
    USART6_IRQHandler                        0x0800033f   Thumb Code     0  startup_stm32f411xe.o(.text)
    WWDG_IRQHandler                          0x0800033f   Thumb Code     0  startup_stm32f411xe.o(.text)
    __user_initial_stackheap                 0x08000341   Thumb Code     0  startup_stm32f411xe.o(.text)
    __I$use$semihosting                      0x08000365   Thumb Code     0  use_no_semi.o(.text)
    __use_no_semihosting_swi                 0x08000365   Thumb Code     2  use_no_semi.o(.text)
    __2printf                                0x08000369   Thumb Code    20  noretval__2printf.o(.text)
    __2sprintf                               0x08000381   Thumb Code    34  noretval__2sprintf.o(.text)
    _printf_pre_padding                      0x080003a9   Thumb Code    44  _printf_pad.o(.text)
    _printf_post_padding                     0x080003d5   Thumb Code    34  _printf_pad.o(.text)
    _printf_str                              0x080003f7   Thumb Code    82  _printf_str.o(.text)
    _printf_int_dec                          0x08000449   Thumb Code   104  _printf_dec.o(.text)
    _printf_int_hex                          0x080004c1   Thumb Code    84  _printf_hex_int.o(.text)
    _printf_longlong_hex                     0x080004c1   Thumb Code     0  _printf_hex_int.o(.text)
    __printf                                 0x08000519   Thumb Code   308  __printf_flags_wp.o(.text)
    putc                                     0x08000651   Thumb Code     4  putc.o(.text)
    __aeabi_memcpy                           0x08000655   Thumb Code     0  rt_memcpy_v6.o(.text)
    __rt_memcpy                              0x08000655   Thumb Code   138  rt_memcpy_v6.o(.text)
    _memcpy_lastbytes                        0x080006bb   Thumb Code     0  rt_memcpy_v6.o(.text)
    __use_two_region_memory                  0x080006df   Thumb Code     2  heapauxi.o(.text)
    __rt_heap_escrow$2region                 0x080006e1   Thumb Code     2  heapauxi.o(.text)
    __rt_heap_expand$2region                 0x080006e3   Thumb Code     2  heapauxi.o(.text)
    _printf_int_common                       0x080006e5   Thumb Code   178  _printf_intcommon.o(.text)
    __lib_sel_fp_printf                      0x08000797   Thumb Code     2  _printf_fp_dec.o(.text)
    _printf_fp_dec_real                      0x08000949   Thumb Code   620  _printf_fp_dec.o(.text)
    _printf_char_common                      0x08000bbf   Thumb Code    32  _printf_char_common.o(.text)
    _sputc                                   0x08000be5   Thumb Code    10  _sputc.o(.text)
    _printf_cs_common                        0x08000bef   Thumb Code    20  _printf_char.o(.text)
    _printf_char                             0x08000c03   Thumb Code    16  _printf_char.o(.text)
    _printf_string                           0x08000c13   Thumb Code     8  _printf_char.o(.text)
    _printf_char_file                        0x08000c1d   Thumb Code    32  _printf_char_file.o(.text)
    __aeabi_memcpy4                          0x08000c41   Thumb Code     0  rt_memcpy_w.o(.text)
    __aeabi_memcpy8                          0x08000c41   Thumb Code     0  rt_memcpy_w.o(.text)
    __rt_memcpy_w                            0x08000c41   Thumb Code   100  rt_memcpy_w.o(.text)
    _memcpy_lastbytes_aligned                0x08000c89   Thumb Code     0  rt_memcpy_w.o(.text)
    __rt_locale                              0x08000ca5   Thumb Code     8  rt_locale_intlibspace.o(.text)
    _ll_udiv10                               0x08000cad   Thumb Code   138  lludiv10.o(.text)
    _printf_fp_infnan                        0x08000d39   Thumb Code   112  _printf_fp_infnan.o(.text)
    _btod_etento                             0x08000db9   Thumb Code   224  bigflt0.o(.text)
    __user_libspace                          0x08000e9d   Thumb Code     8  libspace.o(.text)
    __user_perproc_libspace                  0x08000e9d   Thumb Code     0  libspace.o(.text)
    __user_perthread_libspace                0x08000e9d   Thumb Code     0  libspace.o(.text)
    __user_setup_stackheap                   0x08000ea5   Thumb Code    74  sys_stackheap_outer.o(.text)
    exit                                     0x08000eef   Thumb Code    18  exit.o(.text)
    strcmp                                   0x08000f01   Thumb Code   128  strcmpv7m.o(.text)
    _btod_d2e                                0x08000f81   Thumb Code    62  btod.o(CL$$btod_d2e)
    _d2e_denorm_low                          0x08000fbf   Thumb Code    70  btod.o(CL$$btod_d2e_denorm_low)
    _d2e_norm_op1                            0x08001005   Thumb Code    96  btod.o(CL$$btod_d2e_norm_op1)
    __btod_div_common                        0x08001065   Thumb Code   696  btod.o(CL$$btod_div_common)
    _e2e                                     0x0800139d   Thumb Code   220  btod.o(CL$$btod_e2e)
    _btod_ediv                               0x08001479   Thumb Code    42  btod.o(CL$$btod_ediv)
    _btod_emul                               0x080014a3   Thumb Code    42  btod.o(CL$$btod_emul)
    __btod_mult_common                       0x080014cd   Thumb Code   580  btod.o(CL$$btod_mult_common)
    ADC_Cmd                                  0x08001711   Thumb Code    22  stm32f4xx_adc.o(i.ADC_Cmd)
    ADC_GetConversionValue                   0x08001727   Thumb Code     8  stm32f4xx_adc.o(i.ADC_GetConversionValue)
    ADC_GetFlagStatus                        0x0800172f   Thumb Code    18  stm32f4xx_adc.o(i.ADC_GetFlagStatus)
    ADC_Init                                 0x08001741   Thumb Code    74  stm32f4xx_adc.o(i.ADC_Init)
    ADC_Read                                 0x08001795   Thumb Code    30  adc_ctr_fan.o(i.ADC_Read)
    ADC_RegularChannelConfig                 0x080017b9   Thumb Code   184  stm32f4xx_adc.o(i.ADC_RegularChannelConfig)
    ADC_SoftwareStartConv                    0x08001871   Thumb Code    10  stm32f4xx_adc.o(i.ADC_SoftwareStartConv)
    Adc_Start_Init                           0x0800187d   Thumb Code    94  adc_ctr_fan.o(i.Adc_Start_Init)
    BUTTON_INIT                              0x080018e5   Thumb Code   120  button.o(i.BUTTON_INIT)
    DELAY_Init                               0x08001961   Thumb Code    56  delay_func.o(i.DELAY_Init)
    Delay_ms                                 0x08001999   Thumb Code    36  delay_func.o(i.Delay_ms)
    Delay_us                                 0x080019bd   Thumb Code    32  delay_func.o(i.Delay_us)
    EXTI1_IRQHandler                         0x080019dd   Thumb Code    42  main.o(i.EXTI1_IRQHandler)
    EXTI_ClearITPendingBit                   0x08001a11   Thumb Code     6  stm32f4xx_exti.o(i.EXTI_ClearITPendingBit)
    EXTI_GetITStatus                         0x08001a1d   Thumb Code    20  stm32f4xx_exti.o(i.EXTI_GetITStatus)
    EXTI_Init                                0x08001a35   Thumb Code   142  stm32f4xx_exti.o(i.EXTI_Init)
    GPIO_Init                                0x08001ac9   Thumb Code   144  stm32f4xx_gpio.o(i.GPIO_Init)
    GPIO_PinAFConfig                         0x08001b59   Thumb Code    70  stm32f4xx_gpio.o(i.GPIO_PinAFConfig)
    GPIO_WriteBit                            0x08001b9f   Thumb Code    10  stm32f4xx_gpio.o(i.GPIO_WriteBit)
    I2C_CheckEvent                           0x08001ba9   Thumb Code    42  stm32f4xx_i2c.o(i.I2C_CheckEvent)
    I2C_Cmd                                  0x08001bd3   Thumb Code    24  stm32f4xx_i2c.o(i.I2C_Cmd)
    I2C_GenerateSTART                        0x08001beb   Thumb Code    24  stm32f4xx_i2c.o(i.I2C_GenerateSTART)
    I2C_GenerateSTOP                         0x08001c03   Thumb Code    24  stm32f4xx_i2c.o(i.I2C_GenerateSTOP)
    I2C_GetFlagStatus                        0x08001c1b   Thumb Code    58  stm32f4xx_i2c.o(i.I2C_GetFlagStatus)
    I2C_Init                                 0x08001c55   Thumb Code   218  stm32f4xx_i2c.o(i.I2C_Init)
    I2C_Send7bitAddress                      0x08001d3d   Thumb Code    16  stm32f4xx_i2c.o(i.I2C_Send7bitAddress)
    I2C_SendData                             0x08001d4d   Thumb Code     4  stm32f4xx_i2c.o(i.I2C_SendData)
    I2C_StartTransmission                    0x08001d51   Thumb Code    96  i2c.o(i.I2C_StartTransmission)
    I2C_WriteData                            0x08001db9   Thumb Code    30  i2c.o(i.I2C_WriteData)
    LCDI2C_backlight                         0x08001ddd   Thumb Code    16  liquidcrystal_i2c.o(i.LCDI2C_backlight)
    LCDI2C_begin                             0x08001df1   Thumb Code   138  liquidcrystal_i2c.o(i.LCDI2C_begin)
    LCDI2C_clear                             0x08001e81   Thumb Code    16  liquidcrystal_i2c.o(i.LCDI2C_clear)
    LCDI2C_command                           0x08001e91   Thumb Code    14  liquidcrystal_i2c.o(i.LCDI2C_command)
    LCDI2C_display                           0x08001ea1   Thumb Code    26  liquidcrystal_i2c.o(i.LCDI2C_display)
    LCDI2C_expanderWrite                     0x08001ec1   Thumb Code    40  liquidcrystal_i2c.o(i.LCDI2C_expanderWrite)
    LCDI2C_home                              0x08001ef1   Thumb Code    18  liquidcrystal_i2c.o(i.LCDI2C_home)
    LCDI2C_init                              0x08001f05   Thumb Code    42  liquidcrystal_i2c.o(i.LCDI2C_init)
    LCDI2C_noBacklight                       0x08001f35   Thumb Code    14  liquidcrystal_i2c.o(i.LCDI2C_noBacklight)
    LCDI2C_pulseEnable                       0x08001f49   Thumb Code    34  liquidcrystal_i2c.o(i.LCDI2C_pulseEnable)
    LCDI2C_send                              0x08001f6b   Thumb Code    38  liquidcrystal_i2c.o(i.LCDI2C_send)
    LCDI2C_setCursor                         0x08001f91   Thumb Code    48  liquidcrystal_i2c.o(i.LCDI2C_setCursor)
    LCDI2C_write                             0x08001fc9   Thumb Code    14  liquidcrystal_i2c.o(i.LCDI2C_write)
    LCDI2C_write4bits                        0x08001fd7   Thumb Code    18  liquidcrystal_i2c.o(i.LCDI2C_write4bits)
    LCDI2C_write_String                      0x08001fe9   Thumb Code    26  liquidcrystal_i2c.o(i.LCDI2C_write_String)
    LED_Init                                 0x08002005   Thumb Code    46  led.o(i.LED_Init)
    LED_OFF                                  0x08002039   Thumb Code    14  led.o(i.LED_OFF)
    LED_ON                                   0x0800204d   Thumb Code    14  led.o(i.LED_ON)
    NVIC_Init                                0x08002061   Thumb Code   106  misc.o(i.NVIC_Init)
    OneWire_Init                             0x080020d9   Thumb Code    46  ds18b20.o(i.OneWire_Init)
    RCC_AHB1PeriphClockCmd                   0x0800210d   Thumb Code    26  stm32f4xx_rcc.o(i.RCC_AHB1PeriphClockCmd)
    RCC_APB1PeriphClockCmd                   0x0800212d   Thumb Code    26  stm32f4xx_rcc.o(i.RCC_APB1PeriphClockCmd)
    RCC_APB2PeriphClockCmd                   0x0800214d   Thumb Code    26  stm32f4xx_rcc.o(i.RCC_APB2PeriphClockCmd)
    RCC_GetClocksFreq                        0x0800216d   Thumb Code   214  stm32f4xx_rcc.o(i.RCC_GetClocksFreq)
    ReadByte                                 0x08002255   Thumb Code   102  ds18b20.o(i.ReadByte)
    ReportTemperature_2                      0x080022c1   Thumb Code   126  ds18b20.o(i.ReportTemperature_2)
    SER_PutChar                              0x0800239d   Thumb Code    24  usart2.o(i.SER_PutChar)
    SYSCFG_EXTILineConfig                    0x080023b9   Thumb Code    60  stm32f4xx_syscfg.o(i.SYSCFG_EXTILineConfig)
    SendByte                                 0x080023f9   Thumb Code    82  ds18b20.o(i.SendByte)
    SendInitialization                       0x08002451   Thumb Code    72  ds18b20.o(i.SendInitialization)
    StartConversion                          0x0800249d   Thumb Code    32  ds18b20.o(i.StartConversion)
    SysTick_Handler                          0x080024e5   Thumb Code    46  port.o(i.SysTick_Handler)
    SystemInit                               0x08002519   Thumb Code    82  system_stm32f4xx.o(i.SystemInit)
    TIM_ARRPreloadConfig                     0x0800257d   Thumb Code    24  stm32f4xx_tim.o(i.TIM_ARRPreloadConfig)
    TIM_Cmd                                  0x08002595   Thumb Code    24  stm32f4xx_tim.o(i.TIM_Cmd)
    TIM_GetCounter                           0x080025ad   Thumb Code     6  stm32f4xx_tim.o(i.TIM_GetCounter)
    TIM_OC1Init                              0x080025b5   Thumb Code   114  stm32f4xx_tim.o(i.TIM_OC1Init)
    TIM_OC1PreloadConfig                     0x08002631   Thumb Code    18  stm32f4xx_tim.o(i.TIM_OC1PreloadConfig)
    TIM_PWM_Init                             0x08002645   Thumb Code   166  ctr_fan.o(i.TIM_PWM_Init)
    TIM_SetCounter                           0x080026f5   Thumb Code     4  stm32f4xx_tim.o(i.TIM_SetCounter)
    TIM_TimeBaseInit                         0x080026f9   Thumb Code   104  stm32f4xx_tim.o(i.TIM_TimeBaseInit)
    USART2_Init                              0x0800277d   Thumb Code   126  usart2.o(i.USART2_Init)
    USART_Cmd                                0x08002805   Thumb Code    24  stm32f4xx_usart.o(i.USART_Cmd)
    USART_Init                               0x0800281d   Thumb Code   204  stm32f4xx_usart.o(i.USART_Init)
    __ARM_fpclassify                         0x080028f1   Thumb Code    48  fpclassify.o(i.__ARM_fpclassify)
    _is_digit                                0x08002921   Thumb Code    14  __printf_wp.o(i._is_digit)
    _sys_exit                                0x0800292f   Thumb Code     4  retar.o(i._sys_exit)
    displayFunction                          0x08002935   Thumb Code    62  main.o(i.displayFunction)
    driving_Fan                              0x08002981   Thumb Code   120  main.o(i.driving_Fan)
    ferror                                   0x080029fd   Thumb Code     8  retar.o(i.ferror)
    fputc                                    0x08002a05   Thumb Code    14  retar.o(i.fputc)
    init_I2C1                                0x08002a15   Thumb Code   110  i2c.o(i.init_I2C1)
    main                                     0x08002a99   Thumb Code   234  main.o(i.main)
    pvPortMalloc                             0x08003549   Thumb Code   312  heap_4.o(i.pvPortMalloc)
    pvTaskIncrementMutexHeldCount            0x08003695   Thumb Code    26  tasks.o(i.pvTaskIncrementMutexHeldCount)
    pxPortInitialiseStack                    0x080036b5   Thumb Code    38  port.o(i.pxPortInitialiseStack)
    readingFunction                          0x080036e1   Thumb Code    24  main.o(i.readingFunction)
    uxListRemove                             0x080036fd   Thumb Code    40  list.o(i.uxListRemove)
    vApplicationMallocFailedHook             0x08003725   Thumb Code     4  main.o(i.vApplicationMallocFailedHook)
    vListInitialise                          0x08003729   Thumb Code    26  list.o(i.vListInitialise)
    vListInitialiseItem                      0x08003743   Thumb Code     6  list.o(i.vListInitialiseItem)
    vListInsert                              0x08003749   Thumb Code    52  list.o(i.vListInsert)
    vListInsertEnd                           0x0800377d   Thumb Code    24  list.o(i.vListInsertEnd)
    vPortEnterCritical                       0x08003795   Thumb Code    78  port.o(i.vPortEnterCritical)
    vPortExitCritical                        0x080037ed   Thumb Code    58  port.o(i.vPortExitCritical)
    vPortFree                                0x0800382d   Thumb Code   144  heap_4.o(i.vPortFree)
    vPortSetupTimerInterrupt                 0x080038c5   Thumb Code    36  port.o(i.vPortSetupTimerInterrupt)
    vPortValidateInterruptPriority           0x080038ed   Thumb Code   110  port.o(i.vPortValidateInterruptPriority)
    vQueueAddToRegistry                      0x08003969   Thumb Code    38  queue.o(i.vQueueAddToRegistry)
    vQueueWaitForMessageRestricted           0x08003995   Thumb Code    74  queue.o(i.vQueueWaitForMessageRestricted)
    vTask1                                   0x080039e1   Thumb Code    66  main.o(i.vTask1)
    vTask2                                   0x08003a41   Thumb Code   112  main.o(i.vTask2)
    vTask3                                   0x08003ad9   Thumb Code   138  main.o(i.vTask3)
    vTask4                                   0x08003bc5   Thumb Code    76  main.o(i.vTask4)
    vTaskDelay                               0x08003c45   Thumb Code    84  tasks.o(i.vTaskDelay)
    vTaskDelayUntil                          0x08003ca1   Thumb Code   206  tasks.o(i.vTaskDelayUntil)
    vTaskDelete                              0x08003d7d   Thumb Code   204  tasks.o(i.vTaskDelete)
    vTaskInternalSetTimeOutState             0x08003e71   Thumb Code    14  tasks.o(i.vTaskInternalSetTimeOutState)
    vTaskMissedYield                         0x08003e89   Thumb Code     8  tasks.o(i.vTaskMissedYield)
    vTaskPlaceOnEventList                    0x08003e95   Thumb Code    54  tasks.o(i.vTaskPlaceOnEventList)
    vTaskPlaceOnEventListRestricted          0x08003ed1   Thumb Code    62  tasks.o(i.vTaskPlaceOnEventListRestricted)
    vTaskPriorityDisinheritAfterTimeout      0x08003f15   Thumb Code   234  tasks.o(i.vTaskPriorityDisinheritAfterTimeout)
    vTaskStartScheduler                      0x0800400d   Thumb Code   120  tasks.o(i.vTaskStartScheduler)
    vTaskSuspendAll                          0x080040a1   Thumb Code    12  tasks.o(i.vTaskSuspendAll)
    vTaskSwitchContext                       0x080040b1   Thumb Code   120  tasks.o(i.vTaskSwitchContext)
    xPortStartScheduler                      0x0800413d   Thumb Code   338  port.o(i.xPortStartScheduler)
    xQueueGenericCreate                      0x080042ad   Thumb Code    90  queue.o(i.xQueueGenericCreate)
    xQueueGenericReset                       0x08004309   Thumb Code   148  queue.o(i.xQueueGenericReset)
    xQueueGenericSend                        0x080043a1   Thumb Code   428  queue.o(i.xQueueGenericSend)
    xQueueGenericSendFromISR                 0x08004551   Thumb Code   254  queue.o(i.xQueueGenericSendFromISR)
    xQueueReceive                            0x08004651   Thumb Code   362  queue.o(i.xQueueReceive)
    xQueueSemaphoreTake                      0x080047c1   Thumb Code   442  queue.o(i.xQueueSemaphoreTake)
    xTaskCheckForTimeOut                     0x08004981   Thumb Code   136  tasks.o(i.xTaskCheckForTimeOut)
    xTaskCreate                              0x08004a11   Thumb Code    96  tasks.o(i.xTaskCreate)
    xTaskGetSchedulerState                   0x08004a71   Thumb Code    24  tasks.o(i.xTaskGetSchedulerState)
    xTaskGetTickCount                        0x08004a91   Thumb Code     6  tasks.o(i.xTaskGetTickCount)
    xTaskIncrementTick                       0x08004a9d   Thumb Code   284  tasks.o(i.xTaskIncrementTick)
    xTaskPriorityDisinherit                  0x08004be5   Thumb Code   192  tasks.o(i.xTaskPriorityDisinherit)
    xTaskPriorityInherit                     0x08004cb1   Thumb Code   186  tasks.o(i.xTaskPriorityInherit)
    xTaskRemoveFromEventList                 0x08004d79   Thumb Code   130  tasks.o(i.xTaskRemoveFromEventList)
    xTaskResumeAll                           0x08004e15   Thumb Code   226  tasks.o(i.xTaskResumeAll)
    xTimerCreateTimerTask                    0x08004f1d   Thumb Code    68  timers.o(i.xTimerCreateTimerTask)
    xTimerGenericCommand                     0x08004f75   Thumb Code   128  timers.o(i.xTimerGenericCommand)
    _get_lc_numeric                          0x08004ff9   Thumb Code    44  lc_numeric_c.o(locale$$code)
    __fpl_dretinf                            0x08005025   Thumb Code    12  dretinf.o(x$fpl$dretinf)
    __aeabi_f2d                              0x08005031   Thumb Code     0  f2d.o(x$fpl$f2d)
    _f2d                                     0x08005031   Thumb Code    86  f2d.o(x$fpl$f2d)
    __fpl_fnaninf                            0x08005087   Thumb Code   140  fnaninf.o(x$fpl$fnaninf)
    _fp_init                                 0x08005113   Thumb Code    10  fpinit.o(x$fpl$fpinit)
    __fplib_config_fpu_vfp                   0x0800511b   Thumb Code     0  fpinit.o(x$fpl$fpinit)
    __fplib_config_pureend_doubles           0x0800511b   Thumb Code     0  fpinit.o(x$fpl$fpinit)
    _printf_fp_dec                           0x0800511d   Thumb Code     4  printf1.o(x$fpl$printf1)
    __I$use$fp                               0x08005120   Number         0  usenofp.o(x$fpl$usenofp)
    Region$$Table$$Base                      0x08005200   Number         0  anon$$obj.o(Region$$Table)
    Region$$Table$$Limit                     0x08005220   Number         0  anon$$obj.o(Region$$Table)
    xSemaphore                               0x20000000   Data           4  main.o(.data)
    xTask4                                   0x20000004   Data           4  main.o(.data)
    reading_Temp                             0x20000008   Data           4  main.o(.data)
    debug_Timing                             0x20000010   Data           4  main.o(.data)
    sensor_detected                          0x20000014   Data           1  main.o(.data)
    pxCurrentTCB                             0x20000018   Data           4  tasks.o(.data)
    __stdout                                 0x2000008c   Data           4  retar.o(.data)
    __stdin                                  0x20000090   Data           4  retar.o(.data)
    i2c_gpio                                 0x20000094   Data           8  i2c.o(.data)
    lcdi2c                                   0x2000009c   Data           8  liquidcrystal_i2c.o(.data)
    SystemCoreClock                          0x200000b4   Data           4  system_stm32f4xx.o(.data)
    xQueueRegistry                           0x200000b8   Data          64  queue.o(.bss)
    i2c                                      0x200192b0   Data          16  i2c.o(.bss)
    reading_pad                              0x200192c0   Data           9  ds18b20.o(.bss)
    __libspace_start                         0x200192cc   Data          96  libspace.o(.bss)
    __temporary_stack_top$libspace           0x2001932c   Data           0  libspace.o(.bss)



==============================================================================

Memory Map of the image

  Image Entry point : 0x08000325

  Load Region LR_1 (Base: 0x08000000, Size: 0x000052f4, Max: 0xffffffff, ABSOLUTE)

    Execution Region ER_RO (Exec base: 0x08000000, Load base: 0x08000000, Size: 0x0000523c, Max: 0xffffffff, ABSOLUTE)

    Exec Addr    Load Addr    Size         Type   Attr      Idx    E Section Name        Object

    0x08000000   0x08000000   0x00000198   Data   RO         3971    RESET               startup_stm32f411xe.o
    0x08000198   0x08000198   0x00000008   Code   RO         4089  * !!!main             c_w.l(__main.o)
    0x080001a0   0x080001a0   0x00000034   Code   RO         4311    !!!scatter          c_w.l(__scatter.o)
    0x080001d4   0x080001d4   0x0000001a   Code   RO         4313    !!handler_copy      c_w.l(__scatter_copy.o)
    0x080001ee   0x080001ee   0x00000002   PAD
    0x080001f0   0x080001f0   0x0000001c   Code   RO         4315    !!handler_zi        c_w.l(__scatter_zi.o)
    0x0800020c   0x0800020c   0x00000000   Code   RO         4078    .ARM.Collect$$_printf_percent$$00000000  c_w.l(_printf_percent.o)
    0x0800020c   0x0800020c   0x00000006   Code   RO         4077    .ARM.Collect$$_printf_percent$$00000003  c_w.l(_printf_f.o)
    0x08000212   0x08000212   0x00000006   Code   RO         4076    .ARM.Collect$$_printf_percent$$00000009  c_w.l(_printf_d.o)
    0x08000218   0x08000218   0x00000006   Code   RO         4075    .ARM.Collect$$_printf_percent$$0000000C  c_w.l(_printf_x.o)
    0x0800021e   0x0800021e   0x00000006   Code   RO         4074    .ARM.Collect$$_printf_percent$$00000014  c_w.l(_printf_s.o)
    0x08000224   0x08000224   0x00000004   Code   RO         4108    .ARM.Collect$$_printf_percent$$00000017  c_w.l(_printf_percent_end.o)
    0x08000228   0x08000228   0x00000002   Code   RO         4190    .ARM.Collect$$libinit$$00000000  c_w.l(libinit.o)
    0x0800022a   0x0800022a   0x00000004   Code   RO         4191    .ARM.Collect$$libinit$$00000001  c_w.l(libinit2.o)
    0x0800022e   0x0800022e   0x00000000   Code   RO         4194    .ARM.Collect$$libinit$$00000004  c_w.l(libinit2.o)
    0x0800022e   0x0800022e   0x00000000   Code   RO         4197    .ARM.Collect$$libinit$$0000000A  c_w.l(libinit2.o)
    0x0800022e   0x0800022e   0x00000000   Code   RO         4199    .ARM.Collect$$libinit$$0000000C  c_w.l(libinit2.o)
    0x0800022e   0x0800022e   0x00000000   Code   RO         4201    .ARM.Collect$$libinit$$0000000E  c_w.l(libinit2.o)
    0x0800022e   0x0800022e   0x00000006   Code   RO         4202    .ARM.Collect$$libinit$$0000000F  c_w.l(libinit2.o)
    0x08000234   0x08000234   0x00000000   Code   RO         4204    .ARM.Collect$$libinit$$00000011  c_w.l(libinit2.o)
    0x08000234   0x08000234   0x00000000   Code   RO         4206    .ARM.Collect$$libinit$$00000013  c_w.l(libinit2.o)
    0x08000234   0x08000234   0x00000000   Code   RO         4208    .ARM.Collect$$libinit$$00000015  c_w.l(libinit2.o)
    0x08000234   0x08000234   0x0000000a   Code   RO         4209    .ARM.Collect$$libinit$$00000016  c_w.l(libinit2.o)
    0x0800023e   0x0800023e   0x00000000   Code   RO         4210    .ARM.Collect$$libinit$$00000017  c_w.l(libinit2.o)
    0x0800023e   0x0800023e   0x00000000   Code   RO         4212    .ARM.Collect$$libinit$$00000019  c_w.l(libinit2.o)
    0x0800023e   0x0800023e   0x00000000   Code   RO         4214    .ARM.Collect$$libinit$$0000001B  c_w.l(libinit2.o)
    0x0800023e   0x0800023e   0x00000000   Code   RO         4216    .ARM.Collect$$libinit$$0000001D  c_w.l(libinit2.o)
    0x0800023e   0x0800023e   0x00000000   Code   RO         4218    .ARM.Collect$$libinit$$0000001F  c_w.l(libinit2.o)
    0x0800023e   0x0800023e   0x00000000   Code   RO         4220    .ARM.Collect$$libinit$$00000021  c_w.l(libinit2.o)
    0x0800023e   0x0800023e   0x00000000   Code   RO         4222    .ARM.Collect$$libinit$$00000023  c_w.l(libinit2.o)
    0x0800023e   0x0800023e   0x00000000   Code   RO         4224    .ARM.Collect$$libinit$$00000025  c_w.l(libinit2.o)
    0x0800023e   0x0800023e   0x00000000   Code   RO         4228    .ARM.Collect$$libinit$$0000002C  c_w.l(libinit2.o)
    0x0800023e   0x0800023e   0x00000000   Code   RO         4230    .ARM.Collect$$libinit$$0000002E  c_w.l(libinit2.o)
    0x0800023e   0x0800023e   0x00000000   Code   RO         4232    .ARM.Collect$$libinit$$00000030  c_w.l(libinit2.o)
    0x0800023e   0x0800023e   0x00000000   Code   RO         4234    .ARM.Collect$$libinit$$00000032  c_w.l(libinit2.o)
    0x0800023e   0x0800023e   0x00000002   Code   RO         4235    .ARM.Collect$$libinit$$00000033  c_w.l(libinit2.o)
    0x08000240   0x08000240   0x00000002   Code   RO         4263    .ARM.Collect$$libshutdown$$00000000  c_w.l(libshutdown.o)
    0x08000242   0x08000242   0x00000000   Code   RO         4272    .ARM.Collect$$libshutdown$$00000002  c_w.l(libshutdown2.o)
    0x08000242   0x08000242   0x00000000   Code   RO         4274    .ARM.Collect$$libshutdown$$00000004  c_w.l(libshutdown2.o)
    0x08000242   0x08000242   0x00000000   Code   RO         4277    .ARM.Collect$$libshutdown$$00000007  c_w.l(libshutdown2.o)
    0x08000242   0x08000242   0x00000000   Code   RO         4280    .ARM.Collect$$libshutdown$$0000000A  c_w.l(libshutdown2.o)
    0x08000242   0x08000242   0x00000000   Code   RO         4282    .ARM.Collect$$libshutdown$$0000000C  c_w.l(libshutdown2.o)
    0x08000242   0x08000242   0x00000000   Code   RO         4285    .ARM.Collect$$libshutdown$$0000000F  c_w.l(libshutdown2.o)
    0x08000242   0x08000242   0x00000002   Code   RO         4286    .ARM.Collect$$libshutdown$$00000010  c_w.l(libshutdown2.o)
    0x08000244   0x08000244   0x00000000   Code   RO         4095    .ARM.Collect$$rtentry$$00000000  c_w.l(__rtentry.o)
    0x08000244   0x08000244   0x00000000   Code   RO         4119    .ARM.Collect$$rtentry$$00000002  c_w.l(__rtentry2.o)
    0x08000244   0x08000244   0x00000006   Code   RO         4131    .ARM.Collect$$rtentry$$00000004  c_w.l(__rtentry4.o)
    0x0800024a   0x0800024a   0x00000000   Code   RO         4121    .ARM.Collect$$rtentry$$00000009  c_w.l(__rtentry2.o)
    0x0800024a   0x0800024a   0x00000004   Code   RO         4122    .ARM.Collect$$rtentry$$0000000A  c_w.l(__rtentry2.o)
    0x0800024e   0x0800024e   0x00000000   Code   RO         4124    .ARM.Collect$$rtentry$$0000000C  c_w.l(__rtentry2.o)
    0x0800024e   0x0800024e   0x00000008   Code   RO         4125    .ARM.Collect$$rtentry$$0000000D  c_w.l(__rtentry2.o)
    0x08000256   0x08000256   0x00000002   Code   RO         4236    .ARM.Collect$$rtexit$$00000000  c_w.l(rtexit.o)
    0x08000258   0x08000258   0x00000000   Code   RO         4243    .ARM.Collect$$rtexit$$00000002  c_w.l(rtexit2.o)
    0x08000258   0x08000258   0x00000004   Code   RO         4244    .ARM.Collect$$rtexit$$00000003  c_w.l(rtexit2.o)
    0x0800025c   0x0800025c   0x00000006   Code   RO         4245    .ARM.Collect$$rtexit$$00000004  c_w.l(rtexit2.o)
    0x08000262   0x08000262   0x00000002   PAD
    0x08000264   0x08000264   0x000000be   Code   RO         1223    .emb_text           port.o
    0x08000322   0x08000322   0x00000002   PAD
    0x08000324   0x08000324   0x00000040   Code   RO         3972  * .text               startup_stm32f411xe.o
    0x08000364   0x08000364   0x00000002   Code   RO         4015    .text               c_w.l(use_no_semi.o)
    0x08000366   0x08000366   0x00000002   PAD
    0x08000368   0x08000368   0x00000018   Code   RO         4021    .text               c_w.l(noretval__2printf.o)
    0x08000380   0x08000380   0x00000028   Code   RO         4023    .text               c_w.l(noretval__2sprintf.o)
    0x080003a8   0x080003a8   0x0000004e   Code   RO         4027    .text               c_w.l(_printf_pad.o)
    0x080003f6   0x080003f6   0x00000052   Code   RO         4029    .text               c_w.l(_printf_str.o)
    0x08000448   0x08000448   0x00000078   Code   RO         4031    .text               c_w.l(_printf_dec.o)
    0x080004c0   0x080004c0   0x00000058   Code   RO         4036    .text               c_w.l(_printf_hex_int.o)
    0x08000518   0x08000518   0x00000138   Code   RO         4066    .text               c_w.l(__printf_flags_wp.o)
    0x08000650   0x08000650   0x00000004   Code   RO         4079    .text               c_w.l(putc.o)
    0x08000654   0x08000654   0x0000008a   Code   RO         4081    .text               c_w.l(rt_memcpy_v6.o)
    0x080006de   0x080006de   0x00000006   Code   RO         4087    .text               c_w.l(heapauxi.o)
    0x080006e4   0x080006e4   0x000000b2   Code   RO         4096    .text               c_w.l(_printf_intcommon.o)
    0x08000796   0x08000796   0x0000041e   Code   RO         4098    .text               c_w.l(_printf_fp_dec.o)
    0x08000bb4   0x08000bb4   0x00000030   Code   RO         4100    .text               c_w.l(_printf_char_common.o)
    0x08000be4   0x08000be4   0x0000000a   Code   RO         4102    .text               c_w.l(_sputc.o)
    0x08000bee   0x08000bee   0x0000002c   Code   RO         4104    .text               c_w.l(_printf_char.o)
    0x08000c1a   0x08000c1a   0x00000002   PAD
    0x08000c1c   0x08000c1c   0x00000024   Code   RO         4106    .text               c_w.l(_printf_char_file.o)
    0x08000c40   0x08000c40   0x00000064   Code   RO         4109    .text               c_w.l(rt_memcpy_w.o)
    0x08000ca4   0x08000ca4   0x00000008   Code   RO         4136    .text               c_w.l(rt_locale_intlibspace.o)
    0x08000cac   0x08000cac   0x0000008a   Code   RO         4138    .text               c_w.l(lludiv10.o)
    0x08000d36   0x08000d36   0x00000002   PAD
    0x08000d38   0x08000d38   0x00000080   Code   RO         4140    .text               c_w.l(_printf_fp_infnan.o)
    0x08000db8   0x08000db8   0x000000e4   Code   RO         4144    .text               c_w.l(bigflt0.o)
    0x08000e9c   0x08000e9c   0x00000008   Code   RO         4176    .text               c_w.l(libspace.o)
    0x08000ea4   0x08000ea4   0x0000004a   Code   RO         4179    .text               c_w.l(sys_stackheap_outer.o)
    0x08000eee   0x08000eee   0x00000012   Code   RO         4181    .text               c_w.l(exit.o)
    0x08000f00   0x08000f00   0x00000080   Code   RO         4183    .text               c_w.l(strcmpv7m.o)
    0x08000f80   0x08000f80   0x0000003e   Code   RO         4147    CL$$btod_d2e        c_w.l(btod.o)
    0x08000fbe   0x08000fbe   0x00000046   Code   RO         4149    CL$$btod_d2e_denorm_low  c_w.l(btod.o)
    0x08001004   0x08001004   0x00000060   Code   RO         4148    CL$$btod_d2e_norm_op1  c_w.l(btod.o)
    0x08001064   0x08001064   0x00000338   Code   RO         4157    CL$$btod_div_common  c_w.l(btod.o)
    0x0800139c   0x0800139c   0x000000dc   Code   RO         4154    CL$$btod_e2e        c_w.l(btod.o)
    0x08001478   0x08001478   0x0000002a   Code   RO         4151    CL$$btod_ediv       c_w.l(btod.o)
    0x080014a2   0x080014a2   0x0000002a   Code   RO         4150    CL$$btod_emul       c_w.l(btod.o)
    0x080014cc   0x080014cc   0x00000244   Code   RO         4156    CL$$btod_mult_common  c_w.l(btod.o)
    0x08001710   0x08001710   0x00000016   Code   RO         3509    i.ADC_Cmd           stm32f4xx_adc.o
    0x08001726   0x08001726   0x00000008   Code   RO         3521    i.ADC_GetConversionValue  stm32f4xx_adc.o
    0x0800172e   0x0800172e   0x00000012   Code   RO         3522    i.ADC_GetFlagStatus  stm32f4xx_adc.o
    0x08001740   0x08001740   0x00000054   Code   RO         3529    i.ADC_Init          stm32f4xx_adc.o
    0x08001794   0x08001794   0x00000024   Code   RO         2011    i.ADC_Read          adc_ctr_fan.o
    0x080017b8   0x080017b8   0x000000b8   Code   RO         3534    i.ADC_RegularChannelConfig  stm32f4xx_adc.o
    0x08001870   0x08001870   0x0000000a   Code   RO         3536    i.ADC_SoftwareStartConv  stm32f4xx_adc.o
    0x0800187a   0x0800187a   0x00000002   PAD
    0x0800187c   0x0800187c   0x00000068   Code   RO         2012    i.Adc_Start_Init    adc_ctr_fan.o
    0x080018e4   0x080018e4   0x0000007c   Code   RO         1446    i.BUTTON_INIT       button.o
    0x08001960   0x08001960   0x00000038   Code   RO         1882    i.DELAY_Init        delay_func.o
    0x08001998   0x08001998   0x00000024   Code   RO         1883    i.Delay_ms          delay_func.o
    0x080019bc   0x080019bc   0x00000020   Code   RO         1885    i.Delay_us          delay_func.o
    0x080019dc   0x080019dc   0x00000034   Code   RO            4    i.EXTI1_IRQHandler  main.o
    0x08001a10   0x08001a10   0x0000000c   Code   RO         3753    i.EXTI_ClearITPendingBit  stm32f4xx_exti.o
    0x08001a1c   0x08001a1c   0x00000018   Code   RO         3757    i.EXTI_GetITStatus  stm32f4xx_exti.o
    0x08001a34   0x08001a34   0x00000094   Code   RO         3758    i.EXTI_Init         stm32f4xx_exti.o
    0x08001ac8   0x08001ac8   0x00000090   Code   RO         2551    i.GPIO_Init         stm32f4xx_gpio.o
    0x08001b58   0x08001b58   0x00000046   Code   RO         2552    i.GPIO_PinAFConfig  stm32f4xx_gpio.o
    0x08001b9e   0x08001b9e   0x0000000a   Code   RO         2563    i.GPIO_WriteBit     stm32f4xx_gpio.o
    0x08001ba8   0x08001ba8   0x0000002a   Code   RO         2707    i.I2C_CheckEvent    stm32f4xx_i2c.o
    0x08001bd2   0x08001bd2   0x00000018   Code   RO         2710    i.I2C_Cmd           stm32f4xx_i2c.o
    0x08001bea   0x08001bea   0x00000018   Code   RO         2718    i.I2C_GenerateSTART  stm32f4xx_i2c.o
    0x08001c02   0x08001c02   0x00000018   Code   RO         2719    i.I2C_GenerateSTOP  stm32f4xx_i2c.o
    0x08001c1a   0x08001c1a   0x0000003a   Code   RO         2720    i.I2C_GetFlagStatus  stm32f4xx_i2c.o
    0x08001c54   0x08001c54   0x000000e8   Code   RO         2725    i.I2C_Init          stm32f4xx_i2c.o
    0x08001d3c   0x08001d3c   0x00000010   Code   RO         2732    i.I2C_Send7bitAddress  stm32f4xx_i2c.o
    0x08001d4c   0x08001d4c   0x00000004   Code   RO         2733    i.I2C_SendData      stm32f4xx_i2c.o
    0x08001d50   0x08001d50   0x00000068   Code   RO         1516    i.I2C_StartTransmission  i2c.o
    0x08001db8   0x08001db8   0x00000024   Code   RO         1517    i.I2C_WriteData     i2c.o
    0x08001ddc   0x08001ddc   0x00000014   Code   RO         1563    i.LCDI2C_backlight  liquidcrystal_i2c.o
    0x08001df0   0x08001df0   0x00000090   Code   RO         1564    i.LCDI2C_begin      liquidcrystal_i2c.o
    0x08001e80   0x08001e80   0x00000010   Code   RO         1568    i.LCDI2C_clear      liquidcrystal_i2c.o
    0x08001e90   0x08001e90   0x0000000e   Code   RO         1569    i.LCDI2C_command    liquidcrystal_i2c.o
    0x08001e9e   0x08001e9e   0x00000002   PAD
    0x08001ea0   0x08001ea0   0x00000020   Code   RO         1574    i.LCDI2C_display    liquidcrystal_i2c.o
    0x08001ec0   0x08001ec0   0x00000030   Code   RO         1575    i.LCDI2C_expanderWrite  liquidcrystal_i2c.o
    0x08001ef0   0x08001ef0   0x00000012   Code   RO         1576    i.LCDI2C_home       liquidcrystal_i2c.o
    0x08001f02   0x08001f02   0x00000002   PAD
    0x08001f04   0x08001f04   0x00000030   Code   RO         1577    i.LCDI2C_init       liquidcrystal_i2c.o
    0x08001f34   0x08001f34   0x00000014   Code   RO         1581    i.LCDI2C_noBacklight  liquidcrystal_i2c.o
    0x08001f48   0x08001f48   0x00000022   Code   RO         1585    i.LCDI2C_pulseEnable  liquidcrystal_i2c.o
    0x08001f6a   0x08001f6a   0x00000026   Code   RO         1589    i.LCDI2C_send       liquidcrystal_i2c.o
    0x08001f90   0x08001f90   0x00000038   Code   RO         1591    i.LCDI2C_setCursor  liquidcrystal_i2c.o
    0x08001fc8   0x08001fc8   0x0000000e   Code   RO         1592    i.LCDI2C_write      liquidcrystal_i2c.o
    0x08001fd6   0x08001fd6   0x00000012   Code   RO         1593    i.LCDI2C_write4bits  liquidcrystal_i2c.o
    0x08001fe8   0x08001fe8   0x0000001a   Code   RO         1594    i.LCDI2C_write_String  liquidcrystal_i2c.o
    0x08002002   0x08002002   0x00000002   PAD
    0x08002004   0x08002004   0x00000034   Code   RO         1476    i.LED_Init          led.o
    0x08002038   0x08002038   0x00000014   Code   RO         1477    i.LED_OFF           led.o
    0x0800204c   0x0800204c   0x00000014   Code   RO         1478    i.LED_ON            led.o
    0x08002060   0x08002060   0x00000078   Code   RO         2652    i.NVIC_Init         misc.o
    0x080020d8   0x080020d8   0x00000034   Code   RO         1787    i.OneWire_Init      ds18b20.o
    0x0800210c   0x0800210c   0x00000020   Code   RO         2041    i.RCC_AHB1PeriphClockCmd  stm32f4xx_rcc.o
    0x0800212c   0x0800212c   0x00000020   Code   RO         2047    i.RCC_APB1PeriphClockCmd  stm32f4xx_rcc.o
    0x0800214c   0x0800214c   0x00000020   Code   RO         2050    i.RCC_APB2PeriphClockCmd  stm32f4xx_rcc.o
    0x0800216c   0x0800216c   0x000000e8   Code   RO         2059    i.RCC_GetClocksFreq  stm32f4xx_rcc.o
    0x08002254   0x08002254   0x0000006c   Code   RO         1789    i.ReadByte          ds18b20.o
    0x080022c0   0x080022c0   0x000000dc   Code   RO         1793    i.ReportTemperature_2  ds18b20.o
    0x0800239c   0x0800239c   0x0000001c   Code   RO         1411    i.SER_PutChar       usart2.o
    0x080023b8   0x080023b8   0x00000040   Code   RO         3824    i.SYSCFG_EXTILineConfig  stm32f4xx_syscfg.o
    0x080023f8   0x080023f8   0x00000058   Code   RO         1794    i.SendByte          ds18b20.o
    0x08002450   0x08002450   0x0000004c   Code   RO         1795    i.SendInitialization  ds18b20.o
    0x0800249c   0x0800249c   0x00000048   Code   RO         1796    i.StartConversion   ds18b20.o
    0x080024e4   0x080024e4   0x00000034   Code   RO         1224    i.SysTick_Handler   port.o
    0x08002518   0x08002518   0x00000064   Code   RO         3980    i.SystemInit        system_stm32f4xx.o
    0x0800257c   0x0800257c   0x00000018   Code   RO         2938    i.TIM_ARRPreloadConfig  stm32f4xx_tim.o
    0x08002594   0x08002594   0x00000018   Code   RO         2950    i.TIM_Cmd           stm32f4xx_tim.o
    0x080025ac   0x080025ac   0x00000006   Code   RO         2969    i.TIM_GetCounter    stm32f4xx_tim.o
    0x080025b2   0x080025b2   0x00000002   PAD
    0x080025b4   0x080025b4   0x0000007c   Code   RO         2979    i.TIM_OC1Init       stm32f4xx_tim.o
    0x08002630   0x08002630   0x00000012   Code   RO         2982    i.TIM_OC1PreloadConfig  stm32f4xx_tim.o
    0x08002642   0x08002642   0x00000002   PAD
    0x08002644   0x08002644   0x000000b0   Code   RO         1927    i.TIM_PWM_Init      ctr_fan.o
    0x080026f4   0x080026f4   0x00000004   Code   RO         3016    i.TIM_SetCounter    stm32f4xx_tim.o
    0x080026f8   0x080026f8   0x00000084   Code   RO         3022    i.TIM_TimeBaseInit  stm32f4xx_tim.o
    0x0800277c   0x0800277c   0x00000088   Code   RO         1412    i.USART2_Init       usart2.o
    0x08002804   0x08002804   0x00000018   Code   RO         2359    i.USART_Cmd         stm32f4xx_usart.o
    0x0800281c   0x0800281c   0x000000d4   Code   RO         2366    i.USART_Init        stm32f4xx_usart.o
    0x080028f0   0x080028f0   0x00000030   Code   RO         4174    i.__ARM_fpclassify  m_wm.l(fpclassify.o)
    0x08002920   0x08002920   0x0000000e   Code   RO         4064    i._is_digit         c_w.l(__printf_wp.o)
    0x0800292e   0x0800292e   0x00000004   Code   RO         1352    i._sys_exit         retar.o
    0x08002932   0x08002932   0x00000002   PAD
    0x08002934   0x08002934   0x0000004c   Code   RO            6    i.displayFunction   main.o
    0x08002980   0x08002980   0x0000007c   Code   RO            7    i.driving_Fan       main.o
    0x080029fc   0x080029fc   0x00000008   Code   RO         1354    i.ferror            retar.o
    0x08002a04   0x08002a04   0x0000000e   Code   RO         1356    i.fputc             retar.o
    0x08002a12   0x08002a12   0x00000002   PAD
    0x08002a14   0x08002a14   0x00000084   Code   RO         1518    i.init_I2C1         i2c.o
    0x08002a98   0x08002a98   0x00000140   Code   RO            8    i.main              main.o
    0x08002bd8   0x08002bd8   0x00000098   Code   RO          780    i.prvAddCurrentTaskToDelayedList  tasks.o
    0x08002c70   0x08002c70   0x000000b4   Code   RO          781    i.prvAddNewTaskToReadyList  tasks.o
    0x08002d24   0x08002d24   0x00000064   Code   RO         1090    i.prvCheckForValidListAndQueue  timers.o
    0x08002d88   0x08002d88   0x00000048   Code   RO          782    i.prvCheckTasksWaitingTermination  tasks.o
    0x08002dd0   0x08002dd0   0x0000002a   Code   RO          446    i.prvCopyDataFromQueue  queue.o
    0x08002dfa   0x08002dfa   0x0000007c   Code   RO          447    i.prvCopyDataToQueue  queue.o
    0x08002e76   0x08002e76   0x00000012   Code   RO          783    i.prvDeleteTCB      tasks.o
    0x08002e88   0x08002e88   0x00000014   Code   RO          448    i.prvGetDisinheritPriorityAfterTimeout  queue.o
    0x08002e9c   0x08002e9c   0x00000028   Code   RO         1091    i.prvGetNextExpireTime  timers.o
    0x08002ec4   0x08002ec4   0x0000007c   Code   RO         1300    i.prvHeapInit       heap_4.o
    0x08002f40   0x08002f40   0x00000028   Code   RO          784    i.prvIdleTask       tasks.o
    0x08002f68   0x08002f68   0x00000026   Code   RO          450    i.prvInitialiseNewQueue  queue.o
    0x08002f8e   0x08002f8e   0x000000ac   Code   RO          785    i.prvInitialiseNewTask  tasks.o
    0x0800303a   0x0800303a   0x00000002   PAD
    0x0800303c   0x0800303c   0x00000068   Code   RO          786    i.prvInitialiseTaskLists  tasks.o
    0x080030a4   0x080030a4   0x00000068   Code   RO         1301    i.prvInsertBlockIntoFreeList  heap_4.o
    0x0800310c   0x0800310c   0x00000058   Code   RO         1093    i.prvInsertTimerInActiveList  timers.o
    0x08003164   0x08003164   0x0000001a   Code   RO          451    i.prvIsQueueEmpty   queue.o
    0x0800317e   0x0800317e   0x0000001e   Code   RO          452    i.prvIsQueueFull    queue.o
    0x0800319c   0x0800319c   0x00000064   Code   RO         1094    i.prvProcessExpiredTimer  timers.o
    0x08003200   0x08003200   0x000000f8   Code   RO         1095    i.prvProcessReceivedCommands  timers.o
    0x080032f8   0x080032f8   0x00000074   Code   RO         1096    i.prvProcessTimerOrBlockTask  timers.o
    0x0800336c   0x0800336c   0x00000034   Code   RO          787    i.prvResetNextTaskUnblockTime  tasks.o
    0x080033a0   0x080033a0   0x0000002c   Code   RO         1097    i.prvSampleTimeNow  timers.o
    0x080033cc   0x080033cc   0x000000a0   Code   RO         1098    i.prvSwitchTimerLists  timers.o
    0x0800346c   0x0800346c   0x00000044   Code   RO         1225    i.prvTaskExitError  port.o
    0x080034b0   0x080034b0   0x0000001a   Code   RO         1099    i.prvTimerTask      timers.o
    0x080034ca   0x080034ca   0x0000007e   Code   RO          453    i.prvUnlockQueue    queue.o
    0x08003548   0x08003548   0x0000014c   Code   RO         1302    i.pvPortMalloc      heap_4.o
    0x08003694   0x08003694   0x00000020   Code   RO          789    i.pvTaskIncrementMutexHeldCount  tasks.o
    0x080036b4   0x080036b4   0x0000002c   Code   RO         1226    i.pxPortInitialiseStack  port.o
    0x080036e0   0x080036e0   0x0000001c   Code   RO            9    i.readingFunction   main.o
    0x080036fc   0x080036fc   0x00000028   Code   RO          406    i.uxListRemove      list.o
    0x08003724   0x08003724   0x00000004   Code   RO           13    i.vApplicationMallocFailedHook  main.o
    0x08003728   0x08003728   0x0000001a   Code   RO          407    i.vListInitialise   list.o
    0x08003742   0x08003742   0x00000006   Code   RO          408    i.vListInitialiseItem  list.o
    0x08003748   0x08003748   0x00000034   Code   RO          409    i.vListInsert       list.o
    0x0800377c   0x0800377c   0x00000018   Code   RO          410    i.vListInsertEnd    list.o
    0x08003794   0x08003794   0x00000058   Code   RO         1228    i.vPortEnterCritical  port.o
    0x080037ec   0x080037ec   0x00000040   Code   RO         1229    i.vPortExitCritical  port.o
    0x0800382c   0x0800382c   0x00000098   Code   RO         1303    i.vPortFree         heap_4.o
    0x080038c4   0x080038c4   0x00000028   Code   RO         1230    i.vPortSetupTimerInterrupt  port.o
    0x080038ec   0x080038ec   0x0000007c   Code   RO         1231    i.vPortValidateInterruptPriority  port.o
    0x08003968   0x08003968   0x0000002c   Code   RO          457    i.vQueueAddToRegistry  queue.o
    0x08003994   0x08003994   0x0000004a   Code   RO          460    i.vQueueWaitForMessageRestricted  queue.o
    0x080039de   0x080039de   0x00000002   PAD
    0x080039e0   0x080039e0   0x00000060   Code   RO           15    i.vTask1            main.o
    0x08003a40   0x08003a40   0x00000098   Code   RO           16    i.vTask2            main.o
    0x08003ad8   0x08003ad8   0x000000ec   Code   RO           17    i.vTask3            main.o
    0x08003bc4   0x08003bc4   0x00000080   Code   RO           18    i.vTask4            main.o
    0x08003c44   0x08003c44   0x0000005c   Code   RO          795    i.vTaskDelay        tasks.o
    0x08003ca0   0x08003ca0   0x000000dc   Code   RO          796    i.vTaskDelayUntil   tasks.o
    0x08003d7c   0x08003d7c   0x000000f4   Code   RO          797    i.vTaskDelete       tasks.o
    0x08003e70   0x08003e70   0x00000018   Code   RO          799    i.vTaskInternalSetTimeOutState  tasks.o
    0x08003e88   0x08003e88   0x0000000c   Code   RO          800    i.vTaskMissedYield  tasks.o
    0x08003e94   0x08003e94   0x0000003c   Code   RO          802    i.vTaskPlaceOnEventList  tasks.o
    0x08003ed0   0x08003ed0   0x00000044   Code   RO          803    i.vTaskPlaceOnEventListRestricted  tasks.o
    0x08003f14   0x08003f14   0x000000f8   Code   RO          805    i.vTaskPriorityDisinheritAfterTimeout  tasks.o
    0x0800400c   0x0800400c   0x00000094   Code   RO          810    i.vTaskStartScheduler  tasks.o
    0x080040a0   0x080040a0   0x00000010   Code   RO          812    i.vTaskSuspendAll   tasks.o
    0x080040b0   0x080040b0   0x0000008c   Code   RO          813    i.vTaskSwitchContext  tasks.o
    0x0800413c   0x0800413c   0x00000170   Code   RO         1232    i.xPortStartScheduler  port.o
    0x080042ac   0x080042ac   0x0000005a   Code   RO          463    i.xQueueGenericCreate  queue.o
    0x08004306   0x08004306   0x00000002   PAD
    0x08004308   0x08004308   0x00000098   Code   RO          464    i.xQueueGenericReset  queue.o
    0x080043a0   0x080043a0   0x000001b0   Code   RO          465    i.xQueueGenericSend  queue.o
    0x08004550   0x08004550   0x000000fe   Code   RO          466    i.xQueueGenericSendFromISR  queue.o
    0x0800464e   0x0800464e   0x00000002   PAD
    0x08004650   0x08004650   0x00000170   Code   RO          473    i.xQueueReceive     queue.o
    0x080047c0   0x080047c0   0x000001c0   Code   RO          475    i.xQueueSemaphoreTake  queue.o
    0x08004980   0x08004980   0x00000090   Code   RO          814    i.xTaskCheckForTimeOut  tasks.o
    0x08004a10   0x08004a10   0x00000060   Code   RO          815    i.xTaskCreate       tasks.o
    0x08004a70   0x08004a70   0x00000020   Code   RO          819    i.xTaskGetSchedulerState  tasks.o
    0x08004a90   0x08004a90   0x0000000c   Code   RO          820    i.xTaskGetTickCount  tasks.o
    0x08004a9c   0x08004a9c   0x00000148   Code   RO          822    i.xTaskIncrementTick  tasks.o
    0x08004be4   0x08004be4   0x000000cc   Code   RO          825    i.xTaskPriorityDisinherit  tasks.o
    0x08004cb0   0x08004cb0   0x000000c8   Code   RO          826    i.xTaskPriorityInherit  tasks.o
    0x08004d78   0x08004d78   0x0000009c   Code   RO          827    i.xTaskRemoveFromEventList  tasks.o
    0x08004e14   0x08004e14   0x00000108   Code   RO          828    i.xTaskResumeAll    tasks.o
    0x08004f1c   0x08004f1c   0x00000058   Code   RO         1103    i.xTimerCreateTimerTask  timers.o
    0x08004f74   0x08004f74   0x00000084   Code   RO         1104    i.xTimerGenericCommand  timers.o
    0x08004ff8   0x08004ff8   0x0000002c   Code   RO         4170    locale$$code        c_w.l(lc_numeric_c.o)
    0x08005024   0x08005024   0x0000000c   Code   RO         4113    x$fpl$dretinf       fz_wm.l(dretinf.o)
    0x08005030   0x08005030   0x00000056   Code   RO         4091    x$fpl$f2d           fz_wm.l(f2d.o)
    0x08005086   0x08005086   0x0000008c   Code   RO         4115    x$fpl$fnaninf       fz_wm.l(fnaninf.o)
    0x08005112   0x08005112   0x0000000a   Code   RO         4240    x$fpl$fpinit        fz_wm.l(fpinit.o)
    0x0800511c   0x0800511c   0x00000004   Code   RO         4093    x$fpl$printf1       fz_wm.l(printf1.o)
    0x08005120   0x08005120   0x00000000   Code   RO         4117    x$fpl$usenofp       fz_wm.l(usenofp.o)
    0x08005120   0x08005120   0x00000010   Data   RO         1595    .constdata          liquidcrystal_i2c.o
    0x08005130   0x08005130   0x00000028   Data   RO         4037    .constdata          c_w.l(_printf_hex_int.o)
    0x08005158   0x08005158   0x00000011   Data   RO         4067    .constdata          c_w.l(__printf_flags_wp.o)
    0x08005169   0x08005169   0x00000003   PAD
    0x0800516c   0x0800516c   0x00000094   Data   RO         4145    .constdata          c_w.l(bigflt0.o)
    0x08005200   0x08005200   0x00000020   Data   RO         4309    Region$$Table       anon$$obj.o
    0x08005220   0x08005220   0x0000001c   Data   RO         4169    locale$$data        c_w.l(lc_numeric_c.o)


    Execution Region ER_RW (Exec base: 0x20000000, Load base: 0x0800523c, Size: 0x000000b8, Max: 0xffffffff, ABSOLUTE)

    Exec Addr    Load Addr    Size         Type   Attr      Idx    E Section Name        Object

    0x20000000   0x0800523c   0x00000015   Data   RW           19    .data               main.o
    0x20000015   0x08005251   0x00000003   PAD
    0x20000018   0x08005254   0x0000003c   Data   RW          831    .data               tasks.o
    0x20000054   0x08005290   0x00000014   Data   RW         1110    .data               timers.o
    0x20000068   0x080052a4   0x0000000c   Data   RW         1233    .data               port.o
    0x20000074   0x080052b0   0x00000018   Data   RW         1308    .data               heap_4.o
    0x2000008c   0x080052c8   0x00000008   Data   RW         1357    .data               retar.o
    0x20000094   0x080052d0   0x00000008   Data   RW         1520    .data               i2c.o
    0x2000009c   0x080052d8   0x00000008   Data   RW         1596    .data               liquidcrystal_i2c.o
    0x200000a4   0x080052e0   0x00000010   Data   RW         2089    .data               stm32f4xx_rcc.o
    0x200000b4   0x080052f0   0x00000004   Data   RW         3982    .data               system_stm32f4xx.o


    Execution Region ER_ZI (Exec base: 0x200000b8, Load base: 0x080052f4, Size: 0x00019878, Max: 0xffffffff, ABSOLUTE)

    Exec Addr    Load Addr    Size         Type   Attr      Idx    E Section Name        Object

    0x200000b8        -       0x00000040   Zero   RW          477    .bss                queue.o
    0x200000f8        -       0x00000190   Zero   RW          830    .bss                tasks.o
    0x20000288        -       0x00000028   Zero   RW         1109    .bss                timers.o
    0x200002b0        -       0x00019000   Zero   RW         1307    .bss                heap_4.o
    0x200192b0        -       0x00000010   Zero   RW         1519    .bss                i2c.o
    0x200192c0        -       0x00000009   Zero   RW         1797    .bss                ds18b20.o
    0x200192c9   0x080052f4   0x00000003   PAD
    0x200192cc        -       0x00000060   Zero   RW         4177    .bss                c_w.l(libspace.o)
    0x2001932c   0x080052f4   0x00000004   PAD
    0x20019330        -       0x00000200   Zero   RW         3970    HEAP                startup_stm32f411xe.o
    0x20019530        -       0x00000400   Zero   RW         3969    STACK               startup_stm32f411xe.o


==============================================================================

Image component sizes


      Code (inc. data)   RO Data    RW Data    ZI Data      Debug   Object Name

       140         16          0          0          0       1100   adc_ctr_fan.o
       124          4          0          0          0        642   button.o
         0          0          0          0          0       7288   croutine.o
       176         10          0          0          0      56099   ctr_fan.o
       124          0          0          0          0       1599   delay_func.o
       616        156          0          0          9       3880   ds18b20.o
         0          0          0          0          0      11816   event_groups.o
       712         62          0         24     102400       5291   heap_4.o
       272         36          0          8         16       2231   i2c.o
        92         18          0          0          0       1386   led.o
       546         44         16          8          0       8623   liquidcrystal_i2c.o
       148          0          0          0          0       3866   list.o
      1216        338          0         21          0     276477   main.o
       120         14          0          0          0       2912   misc.o
      1038         98          0         12          0      12713   port.o
      2268         26          0          0         64      20148   queue.o
        26          0          0          8          0       3247   retar.o
        64         26        408          0       1536        876   startup_stm32f411xe.o
       326         10          0          0          0      19261   stm32f4xx_adc.o
       184         16          0          0          0       4848   stm32f4xx_exti.o
       224          0          0          0          0       2531   stm32f4xx_gpio.o
       424         14          0          0          0      14094   stm32f4xx_i2c.o
       328         36          0         16          0      20255   stm32f4xx_rcc.o
        64          4          0          0          0        688   stm32f4xx_syscfg.o
       332         38          0          0          0      25035   stm32f4xx_tim.o
       236          8          0          0          0       8365   stm32f4xx_usart.o
       100         18          0          4          0       1327   system_stm32f4xx.o
      3530        438          0         60        400      29135   tasks.o
      1142        108          0         20         40      18967   timers.o
       164         14          0          0          0       1128   usart2.o

    ----------------------------------------------------------------------
     14762       1552        456        184     104468     565828   Object Totals
         0          0         32          0          0          0   (incl. Generated)
        26          0          0          3          3          0   (incl. Padding)

    ----------------------------------------------------------------------

      Code (inc. data)   RO Data    RW Data    ZI Data      Debug   Library Member Name

         8          0          0          0          0         68   __main.o
       312          4         17          0          0         92   __printf_flags_wp.o
        14          0          0          0          0         68   __printf_wp.o
         0          0          0          0          0          0   __rtentry.o
        12          0          0          0          0          0   __rtentry2.o
         6          0          0          0          0          0   __rtentry4.o
        52          8          0          0          0          0   __scatter.o
        26          0          0          0          0          0   __scatter_copy.o
        28          0          0          0          0          0   __scatter_zi.o
        44          0          0          0          0        108   _printf_char.o
        48          6          0          0          0         96   _printf_char_common.o
        36          4          0          0          0         80   _printf_char_file.o
         6          0          0          0          0          0   _printf_d.o
       120         16          0          0          0         92   _printf_dec.o
         6          0          0          0          0          0   _printf_f.o
      1054          0          0          0          0        216   _printf_fp_dec.o
       128         16          0          0          0         84   _printf_fp_infnan.o
        88          4         40          0          0         88   _printf_hex_int.o
       178          0          0          0          0         88   _printf_intcommon.o
        78          0          0          0          0        108   _printf_pad.o
         0          0          0          0          0          0   _printf_percent.o
         4          0          0          0          0          0   _printf_percent_end.o
         6          0          0          0          0          0   _printf_s.o
        82          0          0          0          0         80   _printf_str.o
         6          0          0          0          0          0   _printf_x.o
        10          0          0          0          0         68   _sputc.o
       228          4        148          0          0         96   bigflt0.o
      1936        128          0          0          0        672   btod.o
        18          0          0          0          0         80   exit.o
         6          0          0          0          0        152   heapauxi.o
        44         10         28          0          0         76   lc_numeric_c.o
         2          0          0          0          0          0   libinit.o
        22          0          0          0          0          0   libinit2.o
         2          0          0          0          0          0   libshutdown.o
         2          0          0          0          0          0   libshutdown2.o
         8          4          0          0         96         68   libspace.o
       138          0          0          0          0         80   lludiv10.o
        24          4          0          0          0         84   noretval__2printf.o
        40          6          0          0          0         84   noretval__2sprintf.o
         4          0          0          0          0         68   putc.o
         8          4          0          0          0         68   rt_locale_intlibspace.o
       138          0          0          0          0         68   rt_memcpy_v6.o
       100          0          0          0          0         80   rt_memcpy_w.o
         2          0          0          0          0          0   rtexit.o
        10          0          0          0          0          0   rtexit2.o
       128          0          0          0          0         68   strcmpv7m.o
        74          0          0          0          0         80   sys_stackheap_outer.o
         2          0          0          0          0         68   use_no_semi.o
        12          0          0          0          0        116   dretinf.o
        86          4          0          0          0        132   f2d.o
       140          4          0          0          0        132   fnaninf.o
        10          0          0          0          0        116   fpinit.o
         4          0          0          0          0        116   printf1.o
         0          0          0          0          0          0   usenofp.o
        48          0          0          0          0        124   fpclassify.o

    ----------------------------------------------------------------------
      5598        226        236          0        100       3964   Library Totals
        10          0          3          0          4          0   (incl. Padding)

    ----------------------------------------------------------------------

      Code (inc. data)   RO Data    RW Data    ZI Data      Debug   Library Name

      5288        218        233          0         96       3228   c_w.l
       252          8          0          0          0        612   fz_wm.l
        48          0          0          0          0        124   m_wm.l

    ----------------------------------------------------------------------
      5598        226        236          0        100       3964   Library Totals

    ----------------------------------------------------------------------

==============================================================================


      Code (inc. data)   RO Data    RW Data    ZI Data      Debug   

     20360       1778        692        184     104568     552424   Grand Totals
     20360       1778        692        184     104568     552424   ELF Image Totals
     20360       1778        692        184          0          0   ROM Totals

==============================================================================

    Total RO  Size (Code + RO Data)                21052 (  20.56kB)
    Total RW  Size (RW Data + ZI Data)            104752 ( 102.30kB)
    Total ROM Size (Code + RO Data + RW Data)      21236 (  20.74kB)

==============================================================================

