Component: ARM Compiler 5.06 update 5 (build 528) Tool: armlink [4d35e2]

==============================================================================

Section Cross References

    main.o(i.displayFunction) refers to liquidcrystal_i2c.o(i.LCDI2C_setCursor) for LCDI2C_setCursor
    main.o(i.displayFunction) refers to liquidcrystal_i2c.o(i.LCDI2C_write_String) for LCDI2C_write_String
    main.o(i.main) refers to system_stm32f4xx.o(i.SystemInit) for SystemInit
    main.o(i.main) refers to delay_func.o(i.DELAY_Init) for DELAY_Init
    main.o(i.main) refers to led.o(i.LED_Init) for LED_Init
    main.o(i.main) refers to button.o(i.BUTTON_INIT) for BUTTON_INIT
    main.o(i.main) refers to usart2.o(i.USART2_Init) for USART2_Init
    main.o(i.main) refers to putc.o(.text) for putc
    main.o(i.main) refers to i2c.o(i.init_I2C1) for init_I2C1
    main.o(i.main) refers to stm32f4xx_rcc.o(i.RCC_MCO1Config) for RCC_MCO1Config
    main.o(i.main) refers to ds18b20.o(i.OneWire_Init) for OneWire_Init
    main.o(i.main) refers to liquidcrystal_i2c.o(i.LCDI2C_init) for LCDI2C_init
    main.o(i.main) refers to liquidcrystal_i2c.o(i.LCDI2C_noBacklight) for LCDI2C_noBacklight
    main.o(i.main) refers to delay_func.o(i.Delay_ms) for Delay_ms
    main.o(i.main) refers to liquidcrystal_i2c.o(i.LCDI2C_backlight) for LCDI2C_backlight
    main.o(i.main) refers to liquidcrystal_i2c.o(i.LCDI2C_clear) for LCDI2C_clear
    main.o(i.main) refers to liquidcrystal_i2c.o(i.LCDI2C_setCursor) for LCDI2C_setCursor
    main.o(i.main) refers to liquidcrystal_i2c.o(i.LCDI2C_write_String) for LCDI2C_write_String
    main.o(i.main) refers to trcsnapshotrecorder.o(i.vTraceEnable) for vTraceEnable
    main.o(i.main) refers to queue.o(i.xQueueGenericCreate) for xQueueGenericCreate
    main.o(i.main) refers to tasks.o(i.xTaskCreate) for xTaskCreate
    main.o(i.main) refers to tasks.o(i.vTaskStartScheduler) for vTaskStartScheduler
    main.o(i.main) refers to retar.o(.data) for __stdout
    main.o(i.main) refers to main.o(.data) for xSemaphore
    main.o(i.main) refers to main.o(i.vTask1) for vTask1
    main.o(i.main) refers to main.o(i.vTask2) for vTask2
    main.o(i.main) refers to main.o(i.vTask3) for vTask3
    main.o(i.readingFunction) refers to ds18b20.o(i.StartConversion) for StartConversion
    main.o(i.readingFunction) refers to delay_func.o(i.Delay_ms) for Delay_ms
    main.o(i.readingFunction) refers to ds18b20.o(i.ReportTemperature_2) for ReportTemperature_2
    main.o(i.readingFunction) refers to main.o(.data) for reading_Temp
    main.o(i.vTask1) refers to _printf_percent.o(.ARM.Collect$$_printf_percent$$00000000) for _printf_percent
    main.o(i.vTask1) refers to _printf_s.o(.ARM.Collect$$_printf_percent$$00000014) for _printf_s
    main.o(i.vTask1) refers to _printf_str.o(.text) for _printf_str
    main.o(i.vTask1) refers to tasks.o(i.xTaskGetTickCount) for xTaskGetTickCount
    main.o(i.vTask1) refers to noretval__2printf.o(.text) for __2printf
    main.o(i.vTask1) refers to led.o(i.LED_ON) for LED_ON
    main.o(i.vTask1) refers to main.o(i.readingFunction) for readingFunction
    main.o(i.vTask1) refers to queue.o(i.xQueueGenericSend) for xQueueGenericSend
    main.o(i.vTask1) refers to tasks.o(i.vTaskDelayUntil) for vTaskDelayUntil
    main.o(i.vTask1) refers to main.o(.data) for xSemaphore
    main.o(i.vTask2) refers to _printf_percent.o(.ARM.Collect$$_printf_percent$$00000000) for _printf_percent
    main.o(i.vTask2) refers to _printf_s.o(.ARM.Collect$$_printf_percent$$00000014) for _printf_s
    main.o(i.vTask2) refers to _printf_str.o(.text) for _printf_str
    main.o(i.vTask2) refers to _printf_f.o(.ARM.Collect$$_printf_percent$$00000003) for _printf_f
    main.o(i.vTask2) refers to printf1.o(x$fpl$printf1) for _printf_fp_dec
    main.o(i.vTask2) refers to queue.o(i.xQueueSemaphoreTake) for xQueueSemaphoreTake
    main.o(i.vTask2) refers to noretval__2printf.o(.text) for __2printf
    main.o(i.vTask2) refers to led.o(i.LED_OFF) for LED_OFF
    main.o(i.vTask2) refers to f2d.o(x$fpl$f2d) for __aeabi_f2d
    main.o(i.vTask2) refers to noretval__2sprintf.o(.text) for __2sprintf
    main.o(i.vTask2) refers to main.o(i.displayFunction) for displayFunction
    main.o(i.vTask2) refers to queue.o(i.xQueueGenericSend) for xQueueGenericSend
    main.o(i.vTask2) refers to tasks.o(i.vTaskDelay) for vTaskDelay
    main.o(i.vTask2) refers to main.o(.data) for xSemaphore
    main.o(i.vTask3) refers to _printf_percent.o(.ARM.Collect$$_printf_percent$$00000000) for _printf_percent
    main.o(i.vTask3) refers to _printf_s.o(.ARM.Collect$$_printf_percent$$00000014) for _printf_s
    main.o(i.vTask3) refers to _printf_str.o(.text) for _printf_str
    main.o(i.vTask3) refers to queue.o(i.xQueueSemaphoreTake) for xQueueSemaphoreTake
    main.o(i.vTask3) refers to noretval__2printf.o(.text) for __2printf
    main.o(i.vTask3) refers to tasks.o(i.vTaskDelay) for vTaskDelay
    main.o(i.vTask3) refers to main.o(.data) for xSemaphore
[...]
    xTickCount                               0x2000002c   Data           4  tasks.o(.data)
    uxTopReadyPriority                       0x20000030   Data           4  tasks.o(.data)
    xSchedulerRunning                        0x20000034   Data           4  tasks.o(.data)
    uxPendedTicks                            0x20000038   Data           4  tasks.o(.data)
    xYieldPending                            0x2000003c   Data           4  tasks.o(.data)
    xNumOfOverflows                          0x20000040   Data           4  tasks.o(.data)
    uxTaskNumber                             0x20000044   Data           4  tasks.o(.data)
    xNextTaskUnblockTime                     0x20000048   Data           4  tasks.o(.data)
    xIdleTaskHandle                          0x2000004c   Data           4  tasks.o(.data)
    uxSchedulerSuspended                     0x20000050   Data           4  tasks.o(.data)
    .data                                    0x20000054   Section       20  timers.o(.data)
    pxCurrentTimerList                       0x20000054   Data           4  timers.o(.data)
    pxOverflowTimerList                      0x20000058   Data           4  timers.o(.data)
    xTimerQueue                              0x2000005c   Data           4  timers.o(.data)
    xTimerTaskHandle                         0x20000060   Data           4  timers.o(.data)
    xLastTime                                0x20000064   Data           4  timers.o(.data)
    .data                                    0x20000068   Section       24  heap_4.o(.data)
    xStart                                   0x20000068   Data           8  heap_4.o(.data)
    pxEnd                                    0x20000070   Data           4  heap_4.o(.data)
    xFreeBytesRemaining                      0x20000074   Data           4  heap_4.o(.data)
    xMinimumEverFreeBytesRemaining           0x20000078   Data           4  heap_4.o(.data)
    xBlockAllocatedBit                       0x2000007c   Data           4  heap_4.o(.data)
    .data                                    0x20000080   Section        8  retar.o(.data)
    .data                                    0x20000088   Section        8  i2c.o(.data)
    .data                                    0x20000090   Section        8  liquidcrystal_i2c.o(.data)
    .data                                    0x20000098   Section       16  stm32f4xx_rcc.o(.data)
    APBAHBPrescTable                         0x20000098   Data          16  stm32f4xx_rcc.o(.data)
    .data                                    0x200000a8   Section        9  trckernelport.o(.data)
    .data                                    0x200000b4   Section       88  trcsnapshotrecorder.o(.data)
    isrstack                                 0x200000b4   Data           8  trcsnapshotrecorder.o(.data)
    readyEventsEnabled                       0x200000c0   Data           4  trcsnapshotrecorder.o(.data)
    last_timestamp                           0x200000cc   Data           4  trcsnapshotrecorder.o(.data)
    heapMemUsage                             0x200000e8   Data           4  trcsnapshotrecorder.o(.data)
    handle                                   0x200000f4   Data           1  trcsnapshotrecorder.o(.data)
    indexOfHandle                            0x200000f8   Data           4  trcsnapshotrecorder.o(.data)
    idx                                      0x200000fc   Data           2  trcsnapshotrecorder.o(.data)
    old_timestamp                            0x20000100   Data           4  trcsnapshotrecorder.o(.data)
    last_hwtc_count                          0x20000104   Data           4  trcsnapshotrecorder.o(.data)
    last_hwtc_rest                           0x20000108   Data           4  trcsnapshotrecorder.o(.data)
    .data                                    0x2000010c   Section        4  system_stm32f4xx.o(.data)
    .bss                                     0x20000110   Section       64  queue.o(.bss)
    .bss                                     0x20000150   Section      200  tasks.o(.bss)
    pxReadyTasksLists                        0x20000150   Data         100  tasks.o(.bss)
    xDelayedTaskList1                        0x200001b4   Data          20  tasks.o(.bss)
    xDelayedTaskList2                        0x200001c8   Data          20  tasks.o(.bss)
    xPendingReadyList                        0x200001dc   Data          20  tasks.o(.bss)
    xTasksWaitingTermination                 0x200001f0   Data          20  tasks.o(.bss)
    xSuspendedTaskList                       0x20000204   Data          20  tasks.o(.bss)
    .bss                                     0x20000218   Section       40  timers.o(.bss)
    xActiveTimerList1                        0x20000218   Data          20  timers.o(.bss)
    xActiveTimerList2                        0x2000022c   Data          20  timers.o(.bss)
    .bss                                     0x20000240   Section    40960  heap_4.o(.bss)
    ucHeap                                   0x20000240   Data       40960  heap_4.o(.bss)
    .bss                                     0x2000a240   Section       16  i2c.o(.bss)
    .bss                                     0x2000a250   Section        9  ds18b20.o(.bss)
    .bss                                     0x2000a25c   Section     6568  trcsnapshotrecorder.o(.bss)
    .bss                                     0x2000bc04   Section       96  libspace.o(.bss)
    HEAP                                     0x2000bc68   Section      512  startup_stm32f411xe.o(HEAP)
    Heap_Mem                                 0x2000bc68   Data         512  startup_stm32f411xe.o(HEAP)
    STACK                                    0x2000be68   Section     1024  startup_stm32f411xe.o(STACK)
    Stack_Mem                                0x2000be68   Data        1024  startup_stm32f411xe.o(STACK)
    __initial_sp                             0x2000c268   Data           0  startup_stm32f411xe.o(STACK)

    Global Symbols

    Symbol Name                              Value     Ov Type        Size  Object(Section)

    BuildAttributes$$THM_ISAv4$E$P$D$K$B$S$7EM$VFPi3$EXTD16$VFPS$VFMA$PE$A:L22UL41UL21$X:L11$S22US41US21$IEEE1$IW$USESV6$~STKCKD$USESV7$~SHL$OTIME$ROPI$IEEEJ$EBA8$UX$STANDARDLIB$REQ8$PRES8$EABIv2 0x00000000   Number         0  anon$$obj.o ABSOLUTE
    __ARM_use_no_argv                        0x00000000   Number         0  main.o ABSOLUTE
    _printf_flags                            0x00000000   Number         0  printf_stubs.o ABSOLUTE
    _printf_return_value                     0x00000000   Number         0  printf_stubs.o ABSOLUTE
    _printf_sizespec                         0x00000000   Number         0  printf_stubs.o ABSOLUTE
    _printf_widthprec                        0x00000000   Number         0  printf_stubs.o ABSOLUTE
    __ARM_exceptions_init                     - Undefined Weak Reference
    __alloca_initialize                       - Undefined Weak Reference
    __arm_preinit_                            - Undefined Weak Reference
    __cpp_initialize__aeabi_                  - Undefined Weak Reference
    __cxa_finalize                            - Undefined Weak Reference
    __sigvec_lookup                           - Undefined Weak Reference
    _atexit_init                              - Undefined Weak Reference
    _call_atexit_fns                          - Undefined Weak Reference
    _clock_init                               - Undefined Weak Reference
    _fp_trap_init                             - Undefined Weak Reference
    _fp_trap_shutdown                         - Undefined Weak Reference
    _get_lc_collate                           - Undefined Weak Reference
    _get_lc_ctype                             - Undefined Weak Reference
    _get_lc_monetary                          - Undefined Weak Reference
    _get_lc_time                              - Undefined Weak Reference
    _getenv_init                              - Undefined Weak Reference
    _handle_redirection                       - Undefined Weak Reference
    _init_alloc                               - Undefined Weak Reference
    _init_user_alloc                          - Undefined Weak Reference
    _initio                                   - Undefined Weak Reference
    _printf_mbtowc                            - Undefined Weak Reference
    _printf_truncate_unsigned                 - Undefined Weak Reference
    _rand_init                                - Undefined Weak Reference
    _signal_finish                            - Undefined Weak Reference
    _signal_init                              - Undefined Weak Reference
    _terminate_alloc                          - Undefined Weak Reference
    _terminate_user_alloc                     - Undefined Weak Reference
    _terminateio                              - Undefined Weak Reference
    __Vectors_Size                           0x00000198   Number         0  startup_stm32f411xe.o ABSOLUTE
    __Vectors                                0x08000000   Data           4  startup_stm32f411xe.o(RESET)
    __Vectors_End                            0x08000198   Data           0  startup_stm32f411xe.o(RESET)
    __main                                   0x08000199   Thumb Code     8  __main.o(!!!main)
    __scatterload                            0x080001a1   Thumb Code     0  __scatter.o(!!!scatter)
    __scatterload_rt2                        0x080001a1   Thumb Code    44  __scatter.o(!!!scatter)
    __scatterload_rt2_thumb_only             0x080001a1   Thumb Code     0  __scatter.o(!!!scatter)
    __scatterload_null                       0x080001af   Thumb Code     0  __scatter.o(!!!scatter)
    __scatterload_copy                       0x080001d5   Thumb Code    26  __scatter_copy.o(!!handler_copy)
    __scatterload_zeroinit                   0x080001f1   Thumb Code    28  __scatter_zi.o(!!handler_zi)
    _printf_f                                0x0800020d   Thumb Code     0  _printf_f.o(.ARM.Collect$$_printf_percent$$00000003)
    _printf_percent                          0x0800020d   Thumb Code     0  _printf_percent.o(.ARM.Collect$$_printf_percent$$00000000)
    _printf_x                                0x08000213   Thumb Code     0  _printf_x.o(.ARM.Collect$$_printf_percent$$0000000C)
    _printf_s                                0x08000219   Thumb Code     0  _printf_s.o(.ARM.Collect$$_printf_percent$$00000014)
    _printf_percent_end                      0x0800021f   Thumb Code     0  _printf_percent_end.o(.ARM.Collect$$_printf_percent$$00000017)
    __rt_lib_init                            0x08000223   Thumb Code     0  libinit.o(.ARM.Collect$$libinit$$00000000)
    __rt_lib_init_fp_1                       0x08000225   Thumb Code     0  libinit2.o(.ARM.Collect$$libinit$$00000001)
    __rt_lib_init_heap_1                     0x08000229   Thumb Code     0  libinit2.o(.ARM.Collect$$libinit$$0000000A)
    __rt_lib_init_lc_common                  0x08000229   Thumb Code     0  libinit2.o(.ARM.Collect$$libinit$$0000000F)
    __rt_lib_init_preinit_1                  0x08000229   Thumb Code     0  libinit2.o(.ARM.Collect$$libinit$$00000004)
    __rt_lib_init_rand_1                     0x08000229   Thumb Code     0  libinit2.o(.ARM.Collect$$libinit$$0000000E)
    __rt_lib_init_user_alloc_1               0x08000229   Thumb Code     0  libinit2.o(.ARM.Collect$$libinit$$0000000C)
    __rt_lib_init_lc_collate_1               0x0800022f   Thumb Code     0  libinit2.o(.ARM.Collect$$libinit$$00000011)
    __rt_lib_init_lc_ctype_1                 0x0800022f   Thumb Code     0  libinit2.o(.ARM.Collect$$libinit$$00000013)
    __rt_lib_init_lc_monetary_1              0x0800022f   Thumb Code     0  libinit2.o(.ARM.Collect$$libinit$$00000015)
    __rt_lib_init_lc_numeric_2               0x0800022f   Thumb Code     0  libinit2.o(.ARM.Collect$$libinit$$00000016)
    __rt_lib_init_alloca_1                   0x08000239   Thumb Code     0  libinit2.o(.ARM.Collect$$libinit$$0000002E)
    __rt_lib_init_argv_1                     0x08000239   Thumb Code     0  libinit2.o(.ARM.Collect$$libinit$$0000002C)
    __rt_lib_init_atexit_1                   0x08000239   Thumb Code     0  libinit2.o(.ARM.Collect$$libinit$$0000001B)
    __rt_lib_init_clock_1                    0x08000239   Thumb Code     0  libinit2.o(.ARM.Collect$$libinit$$00000021)
    __rt_lib_init_cpp_1                      0x08000239   Thumb Code     0  libinit2.o(.ARM.Collect$$libinit$$00000032)
    __rt_lib_init_exceptions_1               0x08000239   Thumb Code     0  libinit2.o(.ARM.Collect$$libinit$$00000030)
    __rt_lib_init_fp_trap_1                  0x08000239   Thumb Code     0  libinit2.o(.ARM.Collect$$libinit$$0000001F)
    __rt_lib_init_getenv_1                   0x08000239   Thumb Code     0  libinit2.o(.ARM.Collect$$libinit$$00000023)
    __rt_lib_init_lc_numeric_1               0x08000239   Thumb Code     0  libinit2.o(.ARM.Collect$$libinit$$00000017)
    __rt_lib_init_lc_time_1                  0x08000239   Thumb Code     0  libinit2.o(.ARM.Collect$$libinit$$00000019)
    __rt_lib_init_return                     0x08000239   Thumb Code     0  libinit2.o(.ARM.Collect$$libinit$$00000033)
    __rt_lib_init_signal_1                   0x08000239   Thumb Code     0  libinit2.o(.ARM.Collect$$libinit$$0000001D)
    __rt_lib_init_stdio_1                    0x08000239   Thumb Code     0  libinit2.o(.ARM.Collect$$libinit$$00000025)
    __rt_lib_shutdown                        0x0800023b   Thumb Code     0  libshutdown.o(.ARM.Collect$$libshutdown$$00000000)
    __rt_lib_shutdown_cpp_1                  0x0800023d   Thumb Code     0  libshutdown2.o(.ARM.Collect$$libshutdown$$00000002)
    __rt_lib_shutdown_fp_trap_1              0x0800023d   Thumb Code     0  libshutdown2.o(.ARM.Collect$$libshutdown$$00000007)
    __rt_lib_shutdown_heap_1                 0x0800023d   Thumb Code     0  libshutdown2.o(.ARM.Collect$$libshutdown$$0000000F)
    __rt_lib_shutdown_return                 0x0800023d   Thumb Code     0  libshutdown2.o(.ARM.Collect$$libshutdown$$00000010)
    __rt_lib_shutdown_signal_1               0x0800023d   Thumb Code     0  libshutdown2.o(.ARM.Collect$$libshutdown$$0000000A)
    __rt_lib_shutdown_stdio_1                0x0800023d   Thumb Code     0  libshutdown2.o(.ARM.Collect$$libshutdown$$00000004)
    __rt_lib_shutdown_user_alloc_1           0x0800023d   Thumb Code     0  libshutdown2.o(.ARM.Collect$$libshutdown$$0000000C)
    __rt_entry                               0x0800023f   Thumb Code     0  __rtentry.o(.ARM.Collect$$rtentry$$00000000)
    __rt_entry_presh_1                       0x0800023f   Thumb Code     0  __rtentry2.o(.ARM.Collect$$rtentry$$00000002)
    __rt_entry_sh                            0x0800023f   Thumb Code     0  __rtentry4.o(.ARM.Collect$$rtentry$$00000004)
    __rt_entry_li                            0x08000245   Thumb Code     0  __rtentry2.o(.ARM.Collect$$rtentry$$0000000A)
    __rt_entry_postsh_1                      0x08000245   Thumb Code     0  __rtentry2.o(.ARM.Collect$$rtentry$$00000009)
    __rt_entry_main                          0x08000249   Thumb Code     0  __rtentry2.o(.ARM.Collect$$rtentry$$0000000D)
    __rt_entry_postli_1                      0x08000249   Thumb Code     0  __rtentry2.o(.ARM.Collect$$rtentry$$0000000C)
    __rt_exit                                0x08000251   Thumb Code     0  rtexit.o(.ARM.Collect$$rtexit$$00000000)
    __rt_exit_ls                             0x08000253   Thumb Code     0  rtexit2.o(.ARM.Collect$$rtexit$$00000003)
    __rt_exit_prels_1                        0x08000253   Thumb Code     0  rtexit2.o(.ARM.Collect$$rtexit$$00000002)
    __rt_exit_exit                           0x08000257   Thumb Code     0  rtexit2.o(.ARM.Collect$$rtexit$$00000004)
    SVC_Handler                              0x0800025d   Thumb Code    28  port.o(.emb_text)
    __asm___6_port_c_39a90d8d__prvStartFirstTask 0x0800027d   Thumb Code    36  port.o(.emb_text)
    __asm___6_port_c_39a90d8d__prvEnableVFP  0x080002a5   Thumb Code    16  port.o(.emb_text)
    PendSV_Handler                           0x080002b9   Thumb Code    88  port.o(.emb_text)
    vPortGetIPSR                             0x08000315   Thumb Code     6  port.o(.emb_text)
    Reset_Handler                            0x0800031d   Thumb Code     8  startup_stm32f411xe.o(.text)
    NMI_Handler                              0x08000325   Thumb Code     2  startup_stm32f411xe.o(.text)
    HardFault_Handler                        0x08000327   Thumb Code     2  startup_stm32f411xe.o(.text)
    MemManage_Handler                        0x08000329   Thumb Code     2  startup_stm32f411xe.o(.text)
    BusFault_Handler                         0x0800032b   Thumb Code     2  startup_stm32f411xe.o(.text)
    UsageFault_Handler                       0x0800032d   Thumb Code     2  startup_stm32f411xe.o(.text)
    DebugMon_Handler                         0x08000331   Thumb Code     2  startup_stm32f411xe.o(.text)
    ADC_IRQHandler                           0x08000337   Thumb Code     0  startup_stm32f411xe.o(.text)
    DMA1_Stream0_IRQHandler                  0x08000337   Thumb Code     0  startup_stm32f411xe.o(.text)
    DMA1_Stream1_IRQHandler                  0x08000337   Thumb Code     0  startup_stm32f411xe.o(.text)
    DMA1_Stream2_IRQHandler                  0x08000337   Thumb Code     0  startup_stm32f411xe.o(.text)
    DMA1_Stream3_IRQHandler                  0x08000337   Thumb Code     0  startup_stm32f411xe.o(.text)
    DMA1_Stream4_IRQHandler                  0x08000337   Thumb Code     0  startup_stm32f411xe.o(.text)
    DMA1_Stream5_IRQHandler                  0x08000337   Thumb Code     0  startup_stm32f411xe.o(.text)
    DMA1_Stream6_IRQHandler                  0x08000337   Thumb Code     0  startup_stm32f411xe.o(.text)
    DMA1_Stream7_IRQHandler                  0x08000337   Thumb Code     0  startup_stm32f411xe.o(.text)
    DMA2_Stream0_IRQHandler                  0x08000337   Thumb Code     0  startup_stm32f411xe.o(.text)
    DMA2_Stream1_IRQHandler                  0x08000337   Thumb Code     0  startup_stm32f411xe.o(.text)
    DMA2_Stream2_IRQHandler                  0x08000337   Thumb Code     0  startup_stm32f411xe.o(.text)
    DMA2_Stream3_IRQHandler                  0x08000337   Thumb Code     0  startup_stm32f411xe.o(.text)
    DMA2_Stream4_IRQHandler                  0x08000337   Thumb Code     0  startup_stm32f411xe.o(.text)
    DMA2_Stream5_IRQHandler                  0x08000337   Thumb Code     0  startup_stm32f411xe.o(.text)
    DMA2_Stream6_IRQHandler                  0x08000337   Thumb Code     0  startup_stm32f411xe.o(.text)
    DMA2_Stream7_IRQHandler                  0x08000337   Thumb Code     0  startup_stm32f411xe.o(.text)
    EXTI0_IRQHandler                         0x08000337   Thumb Code     0  startup_stm32f411xe.o(.text)
    EXTI15_10_IRQHandler                     0x08000337   Thumb Code     0  startup_stm32f411xe.o(.text)
    EXTI1_IRQHandler                         0x08000337   Thumb Code     0  startup_stm32f411xe.o(.text)
    EXTI2_IRQHandler                         0x08000337   Thumb Code     0  startup_stm32f411xe.o(.text)
    EXTI3_IRQHandler                         0x08000337   Thumb Code     0  startup_stm32f411xe.o(.text)
    EXTI4_IRQHandler                         0x08000337   Thumb Code     0  startup_stm32f411xe.o(.text)
    EXTI9_5_IRQHandler                       0x08000337   Thumb Code     0  startup_stm32f411xe.o(.text)
    FLASH_IRQHandler                         0x08000337   Thumb Code     0  startup_stm32f411xe.o(.text)
    FPU_IRQHandler                           0x08000337   Thumb Code     0  startup_stm32f411xe.o(.text)
    I2C1_ER_IRQHandler                       0x08000337   Thumb Code     0  startup_stm32f411xe.o(.text)
    I2C1_EV_IRQHandler                       0x08000337   Thumb Code     0  startup_stm32f411xe.o(.text)
    I2C2_ER_IRQHandler                       0x08000337   Thumb Code     0  startup_stm32f411xe.o(.text)
    I2C2_EV_IRQHandler                       0x08000337   Thumb Code     0  startup_stm32f411xe.o(.text)
    I2C3_ER_IRQHandler                       0x08000337   Thumb Code     0  startup_stm32f411xe.o(.text)
    I2C3_EV_IRQHandler                       0x08000337   Thumb Code     0  startup_stm32f411xe.o(.text)
    OTG_FS_IRQHandler                        0x08000337   Thumb Code     0  startup_stm32f411xe.o(.text)
    OTG_FS_WKUP_IRQHandler                   0x08000337   Thumb Code     0  startup_stm32f411xe.o(.text)
    PVD_IRQHandler                           0x08000337   Thumb Code     0  startup_stm32f411xe.o(.text)
    RCC_IRQHandler                           0x08000337   Thumb Code     0  startup_stm32f411xe.o(.text)
    RTC_Alarm_IRQHandler                     0x08000337   Thumb Code     0  startup_stm32f411xe.o(.text)
    RTC_WKUP_IRQHandler                      0x08000337   Thumb Code     0  startup_stm32f411xe.o(.text)
    SDIO_IRQHandler                          0x08000337   Thumb Code     0  startup_stm32f411xe.o(.text)
    SPI1_IRQHandler                          0x08000337   Thumb Code     0  startup_stm32f411xe.o(.text)
    SPI2_IRQHandler                          0x08000337   Thumb Code     0  startup_stm32f411xe.o(.text)
    SPI3_IRQHandler                          0x08000337   Thumb Code     0  startup_stm32f411xe.o(.text)
    SPI4_IRQHandler                          0x08000337   Thumb Code     0  startup_stm32f411xe.o(.text)
    SPI5_IRQHandler                          0x08000337   Thumb Code     0  startup_stm32f411xe.o(.text)
    TAMP_STAMP_IRQHandler                    0x08000337   Thumb Code     0  startup_stm32f411xe.o(.text)
    TIM1_BRK_TIM9_IRQHandler                 0x08000337   Thumb Code     0  startup_stm32f411xe.o(.text)
    TIM1_CC_IRQHandler                       0x08000337   Thumb Code     0  startup_stm32f411xe.o(.text)
    TIM1_TRG_COM_TIM11_IRQHandler            0x08000337   Thumb Code     0  startup_stm32f411xe.o(.text)
    TIM1_UP_TIM10_IRQHandler                 0x08000337   Thumb Code     0  startup_stm32f411xe.o(.text)
    TIM2_IRQHandler                          0x08000337   Thumb Code     0  startup_stm32f411xe.o(.text)
    TIM3_IRQHandler                          0x08000337   Thumb Code     0  startup_stm32f411xe.o(.text)
    TIM4_IRQHandler                          0x08000337   Thumb Code     0  startup_stm32f411xe.o(.text)
    TIM5_IRQHandler                          0x08000337   Thumb Code     0  startup_stm32f411xe.o(.text)
    USART1_IRQHandler                        0x08000337   Thumb Code     0  startup_stm32f411xe.o(.text)
    USART2_IRQHandler                        0x08000337   Thumb Code     0  startup_stm32f411xe.o(.text)
    USART6_IRQHandler                        0x08000337   Thumb Code     0  startup_stm32f411xe.o(.text)
    WWDG_IRQHandler                          0x08000337   Thumb Code     0  startup_stm32f411xe.o(.text)
    __user_initial_stackheap                 0x08000339   Thumb Code     0  startup_stm32f411xe.o(.text)
    __I$use$semihosting                      0x0800035d   Thumb Code     0  use_no_semi.o(.text)
    __use_no_semihosting_swi                 0x0800035d   Thumb Code     2  use_no_semi.o(.text)
    __2printf                                0x08000361   Thumb Code    20  noretval__2printf.o(.text)
    __2sprintf                               0x08000379   Thumb Code    34  noretval__2sprintf.o(.text)
    _printf_pre_padding                      0x080003a1   Thumb Code    44  _printf_pad.o(.text)
    _printf_post_padding                     0x080003cd   Thumb Code    34  _printf_pad.o(.text)
    _printf_str                              0x080003ef   Thumb Code    82  _printf_str.o(.text)
    _printf_int_hex                          0x08000441   Thumb Code    84  _printf_hex_int.o(.text)
    _printf_longlong_hex                     0x08000441   Thumb Code     0  _printf_hex_int.o(.text)
    __printf                                 0x08000499   Thumb Code   308  __printf_flags_wp.o(.text)
    putc                                     0x080005d1   Thumb Code     4  putc.o(.text)
    __aeabi_memcpy                           0x080005d5   Thumb Code     0  rt_memcpy_v6.o(.text)
    __rt_memcpy                              0x080005d5   Thumb Code   138  rt_memcpy_v6.o(.text)
    _memcpy_lastbytes                        0x0800063b   Thumb Code     0  rt_memcpy_v6.o(.text)
    __aeabi_memcpy4                          0x0800065f   Thumb Code     0  rt_memcpy_w.o(.text)
    __aeabi_memcpy8                          0x0800065f   Thumb Code     0  rt_memcpy_w.o(.text)
    __rt_memcpy_w                            0x0800065f   Thumb Code   100  rt_memcpy_w.o(.text)
    _memcpy_lastbytes_aligned                0x080006a7   Thumb Code     0  rt_memcpy_w.o(.text)
    __aeabi_memset                           0x080006c3   Thumb Code    16  aeabi_memset.o(.text)
    __aeabi_memclr4                          0x080006d3   Thumb Code     0  rt_memclr_w.o(.text)
    __aeabi_memclr8                          0x080006d3   Thumb Code     0  rt_memclr_w.o(.text)
    __rt_memclr_w                            0x080006d3   Thumb Code    78  rt_memclr_w.o(.text)
    _memset_w                                0x080006d7   Thumb Code     0  rt_memclr_w.o(.text)
    __use_two_region_memory                  0x08000721   Thumb Code     2  heapauxi.o(.text)
    __rt_heap_escrow$2region                 0x08000723   Thumb Code     2  heapauxi.o(.text)
    __rt_heap_expand$2region                 0x08000725   Thumb Code     2  heapauxi.o(.text)
    _printf_int_common                       0x08000727   Thumb Code   178  _printf_intcommon.o(.text)
    __lib_sel_fp_printf                      0x080007d9   Thumb Code     2  _printf_fp_dec.o(.text)
    _printf_fp_dec_real                      0x0800098b   Thumb Code   620  _printf_fp_dec.o(.text)
    _printf_char_common                      0x08000c03   Thumb Code    32  _printf_char_common.o(.text)
    _sputc                                   0x08000c29   Thumb Code    10  _sputc.o(.text)
    _printf_cs_common                        0x08000c33   Thumb Code    20  _printf_char.o(.text)
    _printf_char                             0x08000c47   Thumb Code    16  _printf_char.o(.text)
    _printf_string                           0x08000c57   Thumb Code     8  _printf_char.o(.text)
    _printf_char_file                        0x08000c61   Thumb Code    32  _printf_char_file.o(.text)
    __aeabi_memclr                           0x08000c85   Thumb Code     0  rt_memclr.o(.text)
    __rt_memclr                              0x08000c85   Thumb Code    68  rt_memclr.o(.text)
    _memset                                  0x08000c89   Thumb Code     0  rt_memclr.o(.text)
    __rt_locale                              0x08000cc9   Thumb Code     8  rt_locale_intlibspace.o(.text)
    _ll_udiv10                               0x08000cd1   Thumb Code   138  lludiv10.o(.text)
    _printf_fp_infnan                        0x08000d5d   Thumb Code   112  _printf_fp_infnan.o(.text)
    _btod_etento                             0x08000ddd   Thumb Code   224  bigflt0.o(.text)
    __user_libspace                          0x08000ec1   Thumb Code     8  libspace.o(.text)
    __user_perproc_libspace                  0x08000ec1   Thumb Code     0  libspace.o(.text)
    __user_perthread_libspace                0x08000ec1   Thumb Code     0  libspace.o(.text)
    __user_setup_stackheap                   0x08000ec9   Thumb Code    74  sys_stackheap_outer.o(.text)
    exit                                     0x08000f13   Thumb Code    18  exit.o(.text)
    strcmp                                   0x08000f25   Thumb Code   128  strcmpv7m.o(.text)
    _btod_d2e                                0x08000fa5   Thumb Code    62  btod.o(CL$$btod_d2e)
    _d2e_denorm_low                          0x08000fe3   Thumb Code    70  btod.o(CL$$btod_d2e_denorm_low)
    _d2e_norm_op1                            0x08001029   Thumb Code    96  btod.o(CL$$btod_d2e_norm_op1)
    __btod_div_common                        0x08001089   Thumb Code   696  btod.o(CL$$btod_div_common)
    _e2e                                     0x080013c1   Thumb Code   220  btod.o(CL$$btod_e2e)
    _btod_ediv                               0x0800149d   Thumb Code    42  btod.o(CL$$btod_ediv)
    _btod_emul                               0x080014c7   Thumb Code    42  btod.o(CL$$btod_emul)
    __btod_mult_common                       0x080014f1   Thumb Code   580  btod.o(CL$$btod_mult_common)
    BUTTON_INIT                              0x08001735   Thumb Code    42  button.o(i.BUTTON_INIT)
    DELAY_Init                               0x08001765   Thumb Code    56  delay_func.o(i.DELAY_Init)
    Delay_ms                                 0x0800179d   Thumb Code    60  delay_func.o(i.Delay_ms)
    Delay_us                                 0x080017d9   Thumb Code    52  delay_func.o(i.Delay_us)
    GPIO_Init                                0x0800180d   Thumb Code   144  stm32f4xx_gpio.o(i.GPIO_Init)
    GPIO_PinAFConfig                         0x0800189d   Thumb Code    70  stm32f4xx_gpio.o(i.GPIO_PinAFConfig)
    GPIO_WriteBit                            0x080018e3   Thumb Code    10  stm32f4xx_gpio.o(i.GPIO_WriteBit)
    I2C_CheckEvent                           0x080018ed   Thumb Code    42  stm32f4xx_i2c.o(i.I2C_CheckEvent)
    I2C_Cmd                                  0x08001917   Thumb Code    24  stm32f4xx_i2c.o(i.I2C_Cmd)
    I2C_GenerateSTART                        0x0800192f   Thumb Code    24  stm32f4xx_i2c.o(i.I2C_GenerateSTART)
    I2C_GenerateSTOP                         0x08001947   Thumb Code    24  stm32f4xx_i2c.o(i.I2C_GenerateSTOP)
    I2C_GetFlagStatus                        0x0800195f   Thumb Code    58  stm32f4xx_i2c.o(i.I2C_GetFlagStatus)
    I2C_Init                                 0x08001999   Thumb Code   218  stm32f4xx_i2c.o(i.I2C_Init)
    I2C_Send7bitAddress                      0x08001a81   Thumb Code    16  stm32f4xx_i2c.o(i.I2C_Send7bitAddress)
    I2C_SendData                             0x08001a91   Thumb Code     4  stm32f4xx_i2c.o(i.I2C_SendData)
    I2C_StartTransmission                    0x08001a95   Thumb Code    96  i2c.o(i.I2C_StartTransmission)
    I2C_WriteData                            0x08001afd   Thumb Code    30  i2c.o(i.I2C_WriteData)
    LCDI2C_backlight                         0x08001b21   Thumb Code    16  liquidcrystal_i2c.o(i.LCDI2C_backlight)
    LCDI2C_begin                             0x08001b35   Thumb Code   138  liquidcrystal_i2c.o(i.LCDI2C_begin)
    LCDI2C_clear                             0x08001bc5   Thumb Code    16  liquidcrystal_i2c.o(i.LCDI2C_clear)
    LCDI2C_command                           0x08001bd5   Thumb Code    14  liquidcrystal_i2c.o(i.LCDI2C_command)
    LCDI2C_display                           0x08001be5   Thumb Code    26  liquidcrystal_i2c.o(i.LCDI2C_display)
    LCDI2C_expanderWrite                     0x08001c05   Thumb Code    40  liquidcrystal_i2c.o(i.LCDI2C_expanderWrite)
    LCDI2C_home                              0x08001c35   Thumb Code    18  liquidcrystal_i2c.o(i.LCDI2C_home)
    LCDI2C_init                              0x08001c49   Thumb Code    42  liquidcrystal_i2c.o(i.LCDI2C_init)
    LCDI2C_noBacklight                       0x08001c79   Thumb Code    14  liquidcrystal_i2c.o(i.LCDI2C_noBacklight)
    LCDI2C_pulseEnable                       0x08001c8d   Thumb Code    34  liquidcrystal_i2c.o(i.LCDI2C_pulseEnable)
    LCDI2C_send                              0x08001caf   Thumb Code    38  liquidcrystal_i2c.o(i.LCDI2C_send)
    LCDI2C_setCursor                         0x08001cd5   Thumb Code    48  liquidcrystal_i2c.o(i.LCDI2C_setCursor)
    LCDI2C_write                             0x08001d0d   Thumb Code    14  liquidcrystal_i2c.o(i.LCDI2C_write)
    LCDI2C_write4bits                        0x08001d1b   Thumb Code    18  liquidcrystal_i2c.o(i.LCDI2C_write4bits)
    LCDI2C_write_String                      0x08001d2d   Thumb Code    26  liquidcrystal_i2c.o(i.LCDI2C_write_String)
    LED_Init                                 0x08001d49   Thumb Code    46  led.o(i.LED_Init)
    LED_OFF                                  0x08001d7d   Thumb Code    14  led.o(i.LED_OFF)
    LED_ON                                   0x08001d91   Thumb Code    14  led.o(i.LED_ON)
    OneWire_Init                             0x08001da5   Thumb Code    48  ds18b20.o(i.OneWire_Init)
    RCC_AHB1PeriphClockCmd                   0x08001dd9   Thumb Code    26  stm32f4xx_rcc.o(i.RCC_AHB1PeriphClockCmd)
    RCC_APB1PeriphClockCmd                   0x08001df9   Thumb Code    26  stm32f4xx_rcc.o(i.RCC_APB1PeriphClockCmd)
    RCC_GetClocksFreq                        0x08001e19   Thumb Code   214  stm32f4xx_rcc.o(i.RCC_GetClocksFreq)
    RCC_MCO1Config                           0x08001f01   Thumb Code    24  stm32f4xx_rcc.o(i.RCC_MCO1Config)
    ReadByte                                 0x08001f1d   Thumb Code   102  ds18b20.o(i.ReadByte)
    ReportTemperature_2                      0x08001f89   Thumb Code   134  ds18b20.o(i.ReportTemperature_2)
    SER_PutChar                              0x0800206d   Thumb Code    24  usart2.o(i.SER_PutChar)
    SendByte                                 0x08002089   Thumb Code    82  ds18b20.o(i.SendByte)
    SendInitialization                       0x080020e1   Thumb Code    78  ds18b20.o(i.SendInitialization)
    StartConversion                          0x08002135   Thumb Code    32  ds18b20.o(i.StartConversion)
    SysTick_Handler                          0x0800217d   Thumb Code    46  port.o(i.SysTick_Handler)
    SystemInit                               0x080021b1   Thumb Code    82  system_stm32f4xx.o(i.SystemInit)
    TIM_Cmd                                  0x08002215   Thumb Code    24  stm32f4xx_tim.o(i.TIM_Cmd)
    TIM_GetCounter                           0x0800222d   Thumb Code     6  stm32f4xx_tim.o(i.TIM_GetCounter)
    TIM_SetCounter                           0x08002233   Thumb Code     4  stm32f4xx_tim.o(i.TIM_SetCounter)
    TIM_TimeBaseInit                         0x08002239   Thumb Code   104  stm32f4xx_tim.o(i.TIM_TimeBaseInit)
    USART2_Init                              0x080022bd   Thumb Code   124  usart2.o(i.USART2_Init)
    USART_Cmd                                0x08002341   Thumb Code    24  stm32f4xx_usart.o(i.USART_Cmd)
    USART_Init                               0x08002359   Thumb Code   204  stm32f4xx_usart.o(i.USART_Init)
    __ARM_fpclassify                         0x0800242d   Thumb Code    48  fpclassify.o(i.__ARM_fpclassify)
    _is_digit                                0x08002469   Thumb Code    14  __printf_wp.o(i._is_digit)
    _sys_exit                                0x08002477   Thumb Code     4  retar.o(i._sys_exit)
    displayFunction                          0x0800247d   Thumb Code    34  main.o(i.displayFunction)
    ferror                                   0x080024a9   Thumb Code     8  retar.o(i.ferror)
    fputc                                    0x080024b1   Thumb Code    14  retar.o(i.fputc)
    init_I2C1                                0x080024c1   Thumb Code   110  i2c.o(i.init_I2C1)
    main                                     0x08002545   Thumb Code   204  main.o(i.main)
    prvMarkObjectAsUsed                      0x08002e61   Thumb Code    28  trcsnapshotrecorder.o(i.prvMarkObjectAsUsed)
    prvTraceError                            0x080031cd   Thumb Code    60  trcsnapshotrecorder.o(i.prvTraceError)
    prvTraceGetCurrentTaskHandle             0x08003211   Thumb Code     8  trckernelport.o(i.prvTraceGetCurrentTaskHandle)
    prvTraceGetObjectHandle                  0x080033e1   Thumb Code   222  trcsnapshotrecorder.o(i.prvTraceGetObjectHandle)
    prvTraceGetPriorityProperty              0x080035f5   Thumb Code    74  trcsnapshotrecorder.o(i.prvTraceGetPriorityProperty)
    prvTraceGetQueueNumber                   0x08003689   Thumb Code    12  trckernelport.o(i.prvTraceGetQueueNumber)
    prvTraceGetQueueNumberHigh16             0x08003695   Thumb Code    20  trckernelport.o(i.prvTraceGetQueueNumberHigh16)
    prvTraceGetQueueNumberLow16              0x080036a9   Thumb Code    14  trckernelport.o(i.prvTraceGetQueueNumberLow16)
    prvTraceGetQueueType                     0x080036b7   Thumb Code    12  trckernelport.o(i.prvTraceGetQueueType)
    prvTraceGetTaskNumberHigh16              0x080036c3   Thumb Code    20  trckernelport.o(i.prvTraceGetTaskNumberHigh16)
    prvTraceGetTaskNumberLow16               0x080036d7   Thumb Code    14  trckernelport.o(i.prvTraceGetTaskNumberLow16)
    prvTraceInitCortexM                      0x080036e5   Thumb Code    76  trcsnapshotrecorder.o(i.prvTraceInitCortexM)
    prvTracePortGetTimeStamp                 0x08003a25   Thumb Code    78  trcsnapshotrecorder.o(i.prvTracePortGetTimeStamp)
    prvTraceSetObjectName                    0x08003a89   Thumb Code   118  trcsnapshotrecorder.o(i.prvTraceSetObjectName)
    prvTraceSetObjectState                   0x08003ba1   Thumb Code    72  trcsnapshotrecorder.o(i.prvTraceSetObjectState)
    prvTraceSetPriorityProperty              0x08003c2d   Thumb Code    74  trcsnapshotrecorder.o(i.prvTraceSetPriorityProperty)
    prvTraceSetQueueNumberHigh16             0x08003cc1   Thumb Code    28  trckernelport.o(i.prvTraceSetQueueNumberHigh16)
    prvTraceSetQueueNumberLow16              0x08003cdd   Thumb Code    30  trckernelport.o(i.prvTraceSetQueueNumberLow16)
    prvTraceSetTaskInstanceFinished          0x08003cfd   Thumb Code    58  trcsnapshotrecorder.o(i.prvTraceSetTaskInstanceFinished)
    prvTraceSetTaskNumberHigh16              0x08003d41   Thumb Code    28  trckernelport.o(i.prvTraceSetTaskNumberHigh16)
    prvTraceSetTaskNumberLow16               0x08003d5d   Thumb Code    30  trckernelport.o(i.prvTraceSetTaskNumberLow16)
    prvTraceStoreKernelCall                  0x08003d7d   Thumb Code   164  trcsnapshotrecorder.o(i.prvTraceStoreKernelCall)
    prvTraceStoreKernelCallWithNumericParamOnly 0x08003ea5   Thumb Code   138  trcsnapshotrecorder.o(i.prvTraceStoreKernelCallWithNumericParamOnly)
    prvTraceStoreKernelCallWithParam         0x08003f79   Thumb Code   180  trcsnapshotrecorder.o(i.prvTraceStoreKernelCallWithParam)
    prvTraceStoreTaskReady                   0x080040b9   Thumb Code   128  trcsnapshotrecorder.o(i.prvTraceStoreTaskReady)
    prvTraceStoreTaskswitch                  0x080041bd   Thumb Code   152  trcsnapshotrecorder.o(i.prvTraceStoreTaskswitch)
    pszTraceGetErrorNotEnoughHandles         0x0800433d   Thumb Code    60  trckernelport.o(i.pszTraceGetErrorNotEnoughHandles)
    pvPortMalloc                             0x080043cd   Thumb Code   322  heap_4.o(i.pvPortMalloc)
    pvTaskIncrementMutexHeldCount            0x08004525   Thumb Code    26  tasks.o(i.pvTaskIncrementMutexHeldCount)
    pxPortInitialiseStack                    0x08004545   Thumb Code    38  port.o(i.pxPortInitialiseStack)
    readingFunction                          0x08004571   Thumb Code    24  main.o(i.readingFunction)
    ucQueueGetQueueType                      0x0800458d   Thumb Code     8  queue.o(i.ucQueueGetQueueType)
    uiIndexOfObject                          0x08004595   Thumb Code   104  trcsnapshotrecorder.o(i.uiIndexOfObject)
    uiTraceStart                             0x080046c1   Thumb Code   150  trcsnapshotrecorder.o(i.uiTraceStart)
    uxListRemove                             0x08004775   Thumb Code    40  list.o(i.uxListRemove)
    uxQueueGetQueueNumber                    0x0800479d   Thumb Code     6  queue.o(i.uxQueueGetQueueNumber)
    uxTaskGetTaskNumber                      0x080047a3   Thumb Code    14  tasks.o(i.uxTaskGetTaskNumber)
    vApplicationMallocFailedHook             0x080047b1   Thumb Code     4  main.o(i.vApplicationMallocFailedHook)
    vListInitialise                          0x080047b5   Thumb Code    26  list.o(i.vListInitialise)
    vListInitialiseItem                      0x080047cf   Thumb Code     6  list.o(i.vListInitialiseItem)
    vListInsert                              0x080047d5   Thumb Code    52  list.o(i.vListInsert)
    vListInsertEnd                           0x08004809   Thumb Code    24  list.o(i.vListInsertEnd)
    vPortEnterCritical                       0x08004821   Thumb Code    78  port.o(i.vPortEnterCritical)
    vPortExitCritical                        0x08004879   Thumb Code    58  port.o(i.vPortExitCritical)
    vPortFree                                0x080048b9   Thumb Code   156  heap_4.o(i.vPortFree)
    vPortSetupTimerInterrupt                 0x0800495d   Thumb Code    36  port.o(i.vPortSetupTimerInterrupt)
    vPortValidateInterruptPriority           0x08004985   Thumb Code   110  port.o(i.vPortValidateInterruptPriority)
    vQueueAddToRegistry                      0x08004a01   Thumb Code    76  queue.o(i.vQueueAddToRegistry)
    vQueueSetQueueNumber                     0x08004a55   Thumb Code     4  queue.o(i.vQueueSetQueueNumber)
    vQueueWaitForMessageRestricted           0x08004a59   Thumb Code    74  queue.o(i.vQueueWaitForMessageRestricted)
    vTask1                                   0x08004aa5   Thumb Code    58  main.o(i.vTask1)
    vTask2                                   0x08004afd   Thumb Code   108  main.o(i.vTask2)
    vTask3                                   0x08004bad   Thumb Code    40  main.o(i.vTask3)
    vTaskDelay                               0x08004bf1   Thumb Code   166  tasks.o(i.vTaskDelay)
    vTaskDelayUntil                          0x08004ca9   Thumb Code   286  tasks.o(i.vTaskDelayUntil)
    vTaskInternalSetTimeOutState             0x08004ddd   Thumb Code    14  tasks.o(i.vTaskInternalSetTimeOutState)
    vTaskMissedYield                         0x08004df5   Thumb Code     8  tasks.o(i.vTaskMissedYield)
    vTaskPlaceOnEventList                    0x08004e01   Thumb Code    54  tasks.o(i.vTaskPlaceOnEventList)
    vTaskPlaceOnEventListRestricted          0x08004e3d   Thumb Code   146  tasks.o(i.vTaskPlaceOnEventListRestricted)
    vTaskPriorityDisinheritAfterTimeout      0x08004edd   Thumb Code   346  tasks.o(i.vTaskPriorityDisinheritAfterTimeout)
    vTaskSetTaskNumber                       0x08005049   Thumb Code     8  tasks.o(i.vTaskSetTaskNumber)
    vTaskStartScheduler                      0x08005051   Thumb Code   120  tasks.o(i.vTaskStartScheduler)
    vTaskSuspendAll                          0x080050e5   Thumb Code    12  tasks.o(i.vTaskSuspendAll)
    vTaskSwitchContext                       0x080050f5   Thumb Code   156  tasks.o(i.vTaskSwitchContext)
    vTraceEnable                             0x080051a9   Thumb Code    40  trcsnapshotrecorder.o(i.vTraceEnable)
    vTraceInitObjectHandleStack              0x08005245   Thumb Code   100  trckernelport.o(i.vTraceInitObjectHandleStack)
    vTraceInitObjectPropertyTable            0x080052ad   Thumb Code   356  trckernelport.o(i.vTraceInitObjectPropertyTable)
    vTraceStart                              0x08005415   Thumb Code     8  trcsnapshotrecorder.o(i.vTraceStart)
    vTraceStop                               0x0800541d   Thumb Code    30  trcsnapshotrecorder.o(i.vTraceStop)
    vTraceStoreMemMangEvent                  0x08005445   Thumb Code   196  trcsnapshotrecorder.o(i.vTraceStoreMemMangEvent)
    xPortStartScheduler                      0x08005515   Thumb Code   382  port.o(i.xPortStartScheduler)
    xQueueGenericCreate                      0x080056b1   Thumb Code   126  queue.o(i.xQueueGenericCreate)
    xQueueGenericReset                       0x08005739   Thumb Code   148  queue.o(i.xQueueGenericReset)
    xQueueGenericSend                        0x080057d1   Thumb Code   812  queue.o(i.xQueueGenericSend)
    xQueueGenericSendFromISR                 0x08005b09   Thumb Code   410  queue.o(i.xQueueGenericSendFromISR)
    xQueueReceive                            0x08005cad   Thumb Code   804  queue.o(i.xQueueReceive)
    xQueueSemaphoreTake                      0x08005fdd   Thumb Code   886  queue.o(i.xQueueSemaphoreTake)
    xTaskCheckForTimeOut                     0x08006361   Thumb Code   136  tasks.o(i.xTaskCheckForTimeOut)
    xTaskCreate                              0x080063f1   Thumb Code    96  tasks.o(i.xTaskCreate)
    xTaskGetCurrentTaskHandle                0x08006451   Thumb Code     6  tasks.o(i.xTaskGetCurrentTaskHandle)
    xTaskGetSchedulerState                   0x0800645d   Thumb Code    24  tasks.o(i.xTaskGetSchedulerState)
    xTaskGetTickCount                        0x0800647d   Thumb Code     6  tasks.o(i.xTaskGetTickCount)
    xTaskIncrementTick                       0x08006489   Thumb Code   360  tasks.o(i.xTaskIncrementTick)
    xTaskPriorityDisinherit                  0x08006625   Thumb Code   306  tasks.o(i.xTaskPriorityDisinherit)
    xTaskPriorityInherit                     0x08006769   Thumb Code   306  tasks.o(i.xTaskPriorityInherit)
    xTaskRemoveFromEventList                 0x080068ad   Thumb Code   162  tasks.o(i.xTaskRemoveFromEventList)
    xTaskResumeAll                           0x0800696d   Thumb Code   254  tasks.o(i.xTaskResumeAll)
    xTimerCreateTimerTask                    0x08006a95   Thumb Code    68  timers.o(i.xTimerCreateTimerTask)
    xTimerGenericCommand                     0x08006aed   Thumb Code   128  timers.o(i.xTimerGenericCommand)
    _get_lc_numeric                          0x08006b71   Thumb Code    44  lc_numeric_c.o(locale$$code)
    __fpl_dretinf                            0x08006b9d   Thumb Code    12  dretinf.o(x$fpl$dretinf)
    __aeabi_f2d                              0x08006ba9   Thumb Code     0  f2d.o(x$fpl$f2d)
    _f2d                                     0x08006ba9   Thumb Code    86  f2d.o(x$fpl$f2d)
    __fpl_fnaninf                            0x08006bff   Thumb Code   140  fnaninf.o(x$fpl$fnaninf)
    _fp_init                                 0x08006c8b   Thumb Code    10  fpinit.o(x$fpl$fpinit)
    __fplib_config_fpu_vfp                   0x08006c93   Thumb Code     0  fpinit.o(x$fpl$fpinit)
    __fplib_config_pureend_doubles           0x08006c93   Thumb Code     0  fpinit.o(x$fpl$fpinit)
    _printf_fp_dec                           0x08006c95   Thumb Code     4  printf1.o(x$fpl$printf1)
    __I$use$fp                               0x08006c98   Number         0  usenofp.o(x$fpl$usenofp)
    Region$$Table$$Base                      0x080074a8   Number         0  anon$$obj.o(Region$$Table)
    Region$$Table$$Limit                     0x080074c8   Number         0  anon$$obj.o(Region$$Table)
    xSemaphore                               0x20000000   Data           4  main.o(.data)
    reading_Temp                             0x20000004   Data           4  main.o(.data)
    pxCurrentTCB                             0x20000018   Data           4  tasks.o(.data)
    __stdout                                 0x20000080   Data           4  retar.o(.data)
    __stdin                                  0x20000084   Data           4  retar.o(.data)
    i2c_gpio                                 0x20000088   Data           8  i2c.o(.data)
    lcdi2c                                   0x20000090   Data           8  liquidcrystal_i2c.o(.data)
    uiInEventGroupSetBitsFromISR             0x200000a8   Data           4  trckernelport.o(.data)
    TraceQueueClassTable                     0x200000ac   Data           5  trckernelport.o(.data)
    isPendingContextSwitch                   0x200000bc   Data           4  trcsnapshotrecorder.o(.data)
    uiTraceTickCount                         0x200000c4   Data           4  trcsnapshotrecorder.o(.data)
    trace_disable_timestamp                  0x200000c8   Data           4  trcsnapshotrecorder.o(.data)
    recorder_busy                            0x200000d0   Data           4  trcsnapshotrecorder.o(.data)
    timestampFrequency                       0x200000d4   Data           4  trcsnapshotrecorder.o(.data)
    traceErrorMessage                        0x200000d8   Data           4  trcsnapshotrecorder.o(.data)
    nISRactive                               0x200000dc   Data           1  trcsnapshotrecorder.o(.data)
    handle_of_last_logged_task               0x200000dd   Data           1  trcsnapshotrecorder.o(.data)
    vTraceStopHookPtr                        0x200000e0   Data           4  trcsnapshotrecorder.o(.data)
    CurrentFilterMask                        0x200000e4   Data           2  trcsnapshotrecorder.o(.data)
    CurrentFilterGroup                       0x200000e6   Data           2  trcsnapshotrecorder.o(.data)
    init_hwtc_count                          0x200000ec   Data           4  trcsnapshotrecorder.o(.data)
    RecorderDataPtr                          0x200000f0   Data           4  trcsnapshotrecorder.o(.data)
    SystemCoreClock                          0x2000010c   Data           4  system_stm32f4xx.o(.data)
    xQueueRegistry                           0x20000110   Data          64  queue.o(.bss)
    i2c                                      0x2000a240   Data          16  i2c.o(.bss)
    reading_pad                              0x2000a250   Data           9  ds18b20.o(.bss)
    objectHandleStacks                       0x2000a25c   Data         142  trcsnapshotrecorder.o(.bss)
    RecorderData                             0x2000a2ec   Data        6424  trcsnapshotrecorder.o(.bss)
    __libspace_start                         0x2000bc04   Data          96  libspace.o(.bss)
    __temporary_stack_top$libspace           0x2000bc64   Data           0  libspace.o(.bss)



==============================================================================

Memory Map of the image

  Image Entry point : 0x0800031d

  Load Region LR_1 (Base: 0x08000000, Size: 0x000075f4, Max: 0xffffffff, ABSOLUTE)

    Execution Region ER_RO (Exec base: 0x08000000, Load base: 0x08000000, Size: 0x000074e4, Max: 0xffffffff, ABSOLUTE)

    Exec Addr    Load Addr    Size         Type   Attr      Idx    E Section Name        Object

    0x08000000   0x08000000   0x00000198   Data   RO         4233    RESET               startup_stm32f411xe.o
    0x08000198   0x08000198   0x00000008   Code   RO         4351  * !!!main             c_w.l(__main.o)
    0x080001a0   0x080001a0   0x00000034   Code   RO         4577    !!!scatter          c_w.l(__scatter.o)
    0x080001d4   0x080001d4   0x0000001a   Code   RO         4579    !!handler_copy      c_w.l(__scatter_copy.o)
    0x080001ee   0x080001ee   0x00000002   PAD
    0x080001f0   0x080001f0   0x0000001c   Code   RO         4581    !!handler_zi        c_w.l(__scatter_zi.o)
    0x0800020c   0x0800020c   0x00000000   Code   RO         4334    .ARM.Collect$$_printf_percent$$00000000  c_w.l(_printf_percent.o)
    0x0800020c   0x0800020c   0x00000006   Code   RO         4333    .ARM.Collect$$_printf_percent$$00000003  c_w.l(_printf_f.o)
    0x08000212   0x08000212   0x00000006   Code   RO         4332    .ARM.Collect$$_printf_percent$$0000000C  c_w.l(_printf_x.o)
    0x08000218   0x08000218   0x00000006   Code   RO         4331    .ARM.Collect$$_printf_percent$$00000014  c_w.l(_printf_s.o)
    0x0800021e   0x0800021e   0x00000004   Code   RO         4374    .ARM.Collect$$_printf_percent$$00000017  c_w.l(_printf_percent_end.o)
    0x08000222   0x08000222   0x00000002   Code   RO         4456    .ARM.Collect$$libinit$$00000000  c_w.l(libinit.o)
    0x08000224   0x08000224   0x00000004   Code   RO         4457    .ARM.Collect$$libinit$$00000001  c_w.l(libinit2.o)
    0x08000228   0x08000228   0x00000000   Code   RO         4460    .ARM.Collect$$libinit$$00000004  c_w.l(libinit2.o)
    0x08000228   0x08000228   0x00000000   Code   RO         4463    .ARM.Collect$$libinit$$0000000A  c_w.l(libinit2.o)
    0x08000228   0x08000228   0x00000000   Code   RO         4465    .ARM.Collect$$libinit$$0000000C  c_w.l(libinit2.o)
    0x08000228   0x08000228   0x00000000   Code   RO         4467    .ARM.Collect$$libinit$$0000000E  c_w.l(libinit2.o)
    0x08000228   0x08000228   0x00000006   Code   RO         4468    .ARM.Collect$$libinit$$0000000F  c_w.l(libinit2.o)
    0x0800022e   0x0800022e   0x00000000   Code   RO         4470    .ARM.Collect$$libinit$$00000011  c_w.l(libinit2.o)
    0x0800022e   0x0800022e   0x00000000   Code   RO         4472    .ARM.Collect$$libinit$$00000013  c_w.l(libinit2.o)
    0x0800022e   0x0800022e   0x00000000   Code   RO         4474    .ARM.Collect$$libinit$$00000015  c_w.l(libinit2.o)
    0x0800022e   0x0800022e   0x0000000a   Code   RO         4475    .ARM.Collect$$libinit$$00000016  c_w.l(libinit2.o)
    0x08000238   0x08000238   0x00000000   Code   RO         4476    .ARM.Collect$$libinit$$00000017  c_w.l(libinit2.o)
    0x08000238   0x08000238   0x00000000   Code   RO         4478    .ARM.Collect$$libinit$$00000019  c_w.l(libinit2.o)
    0x08000238   0x08000238   0x00000000   Code   RO         4480    .ARM.Collect$$libinit$$0000001B  c_w.l(libinit2.o)
    0x08000238   0x08000238   0x00000000   Code   RO         4482    .ARM.Collect$$libinit$$0000001D  c_w.l(libinit2.o)
    0x08000238   0x08000238   0x00000000   Code   RO         4484    .ARM.Collect$$libinit$$0000001F  c_w.l(libinit2.o)
    0x08000238   0x08000238   0x00000000   Code   RO         4486    .ARM.Collect$$libinit$$00000021  c_w.l(libinit2.o)
    0x08000238   0x08000238   0x00000000   Code   RO         4488    .ARM.Collect$$libinit$$00000023  c_w.l(libinit2.o)
    0x08000238   0x08000238   0x00000000   Code   RO         4490    .ARM.Collect$$libinit$$00000025  c_w.l(libinit2.o)
    0x08000238   0x08000238   0x00000000   Code   RO         4494    .ARM.Collect$$libinit$$0000002C  c_w.l(libinit2.o)
    0x08000238   0x08000238   0x00000000   Code   RO         4496    .ARM.Collect$$libinit$$0000002E  c_w.l(libinit2.o)
    0x08000238   0x08000238   0x00000000   Code   RO         4498    .ARM.Collect$$libinit$$00000030  c_w.l(libinit2.o)
    0x08000238   0x08000238   0x00000000   Code   RO         4500    .ARM.Collect$$libinit$$00000032  c_w.l(libinit2.o)
    0x08000238   0x08000238   0x00000002   Code   RO         4501    .ARM.Collect$$libinit$$00000033  c_w.l(libinit2.o)
    0x0800023a   0x0800023a   0x00000002   Code   RO         4529    .ARM.Collect$$libshutdown$$00000000  c_w.l(libshutdown.o)
    0x0800023c   0x0800023c   0x00000000   Code   RO         4538    .ARM.Collect$$libshutdown$$00000002  c_w.l(libshutdown2.o)
    0x0800023c   0x0800023c   0x00000000   Code   RO         4540    .ARM.Collect$$libshutdown$$00000004  c_w.l(libshutdown2.o)
    0x0800023c   0x0800023c   0x00000000   Code   RO         4543    .ARM.Collect$$libshutdown$$00000007  c_w.l(libshutdown2.o)
    0x0800023c   0x0800023c   0x00000000   Code   RO         4546    .ARM.Collect$$libshutdown$$0000000A  c_w.l(libshutdown2.o)
    0x0800023c   0x0800023c   0x00000000   Code   RO         4548    .ARM.Collect$$libshutdown$$0000000C  c_w.l(libshutdown2.o)
    0x0800023c   0x0800023c   0x00000000   Code   RO         4551    .ARM.Collect$$libshutdown$$0000000F  c_w.l(libshutdown2.o)
    0x0800023c   0x0800023c   0x00000002   Code   RO         4552    .ARM.Collect$$libshutdown$$00000010  c_w.l(libshutdown2.o)
    0x0800023e   0x0800023e   0x00000000   Code   RO         4361    .ARM.Collect$$rtentry$$00000000  c_w.l(__rtentry.o)
    0x0800023e   0x0800023e   0x00000000   Code   RO         4385    .ARM.Collect$$rtentry$$00000002  c_w.l(__rtentry2.o)
    0x0800023e   0x0800023e   0x00000006   Code   RO         4397    .ARM.Collect$$rtentry$$00000004  c_w.l(__rtentry4.o)
    0x08000244   0x08000244   0x00000000   Code   RO         4387    .ARM.Collect$$rtentry$$00000009  c_w.l(__rtentry2.o)
    0x08000244   0x08000244   0x00000004   Code   RO         4388    .ARM.Collect$$rtentry$$0000000A  c_w.l(__rtentry2.o)
    0x08000248   0x08000248   0x00000000   Code   RO         4390    .ARM.Collect$$rtentry$$0000000C  c_w.l(__rtentry2.o)
    0x08000248   0x08000248   0x00000008   Code   RO         4391    .ARM.Collect$$rtentry$$0000000D  c_w.l(__rtentry2.o)
    0x08000250   0x08000250   0x00000002   Code   RO         4502    .ARM.Collect$$rtexit$$00000000  c_w.l(rtexit.o)
    0x08000252   0x08000252   0x00000000   Code   RO         4509    .ARM.Collect$$rtexit$$00000002  c_w.l(rtexit2.o)
    0x08000252   0x08000252   0x00000004   Code   RO         4510    .ARM.Collect$$rtexit$$00000003  c_w.l(rtexit2.o)
    0x08000256   0x08000256   0x00000006   Code   RO         4511    .ARM.Collect$$rtexit$$00000004  c_w.l(rtexit2.o)
    0x0800025c   0x0800025c   0x000000be   Code   RO          485    .emb_text           port.o
    0x0800031a   0x0800031a   0x00000002   PAD
    0x0800031c   0x0800031c   0x00000040   Code   RO         4234  * .text               startup_stm32f411xe.o
    0x0800035c   0x0800035c   0x00000002   Code   RO         4274    .text               c_w.l(use_no_semi.o)
    0x0800035e   0x0800035e   0x00000002   PAD
    0x08000360   0x08000360   0x00000018   Code   RO         4280    .text               c_w.l(noretval__2printf.o)
    0x08000378   0x08000378   0x00000028   Code   RO         4282    .text               c_w.l(noretval__2sprintf.o)
    0x080003a0   0x080003a0   0x0000004e   Code   RO         4286    .text               c_w.l(_printf_pad.o)
    0x080003ee   0x080003ee   0x00000052   Code   RO         4288    .text               c_w.l(_printf_str.o)
    0x08000440   0x08000440   0x00000058   Code   RO         4293    .text               c_w.l(_printf_hex_int.o)
    0x08000498   0x08000498   0x00000138   Code   RO         4323    .text               c_w.l(__printf_flags_wp.o)
    0x080005d0   0x080005d0   0x00000004   Code   RO         4335    .text               c_w.l(putc.o)
    0x080005d4   0x080005d4   0x0000008a   Code   RO         4339    .text               c_w.l(rt_memcpy_v6.o)
    0x0800065e   0x0800065e   0x00000064   Code   RO         4341    .text               c_w.l(rt_memcpy_w.o)
    0x080006c2   0x080006c2   0x00000010   Code   RO         4345    .text               c_w.l(aeabi_memset.o)
    0x080006d2   0x080006d2   0x0000004e   Code   RO         4347    .text               c_w.l(rt_memclr_w.o)
    0x08000720   0x08000720   0x00000006   Code   RO         4349    .text               c_w.l(heapauxi.o)
    0x08000726   0x08000726   0x000000b2   Code   RO         4362    .text               c_w.l(_printf_intcommon.o)
    0x080007d8   0x080007d8   0x0000041e   Code   RO         4364    .text               c_w.l(_printf_fp_dec.o)
    0x08000bf6   0x08000bf6   0x00000002   PAD
    0x08000bf8   0x08000bf8   0x00000030   Code   RO         4366    .text               c_w.l(_printf_char_common.o)
    0x08000c28   0x08000c28   0x0000000a   Code   RO         4368    .text               c_w.l(_sputc.o)
    0x08000c32   0x08000c32   0x0000002c   Code   RO         4370    .text               c_w.l(_printf_char.o)
    0x08000c5e   0x08000c5e   0x00000002   PAD
    0x08000c60   0x08000c60   0x00000024   Code   RO         4372    .text               c_w.l(_printf_char_file.o)
    0x08000c84   0x08000c84   0x00000044   Code   RO         4375    .text               c_w.l(rt_memclr.o)
    0x08000cc8   0x08000cc8   0x00000008   Code   RO         4402    .text               c_w.l(rt_locale_intlibspace.o)
    0x08000cd0   0x08000cd0   0x0000008a   Code   RO         4404    .text               c_w.l(lludiv10.o)
    0x08000d5a   0x08000d5a   0x00000002   PAD
    0x08000d5c   0x08000d5c   0x00000080   Code   RO         4406    .text               c_w.l(_printf_fp_infnan.o)
    0x08000ddc   0x08000ddc   0x000000e4   Code   RO         4410    .text               c_w.l(bigflt0.o)
    0x08000ec0   0x08000ec0   0x00000008   Code   RO         4442    .text               c_w.l(libspace.o)
    0x08000ec8   0x08000ec8   0x0000004a   Code   RO         4445    .text               c_w.l(sys_stackheap_outer.o)
    0x08000f12   0x08000f12   0x00000012   Code   RO         4447    .text               c_w.l(exit.o)
    0x08000f24   0x08000f24   0x00000080   Code   RO         4449    .text               c_w.l(strcmpv7m.o)
    0x08000fa4   0x08000fa4   0x0000003e   Code   RO         4413    CL$$btod_d2e        c_w.l(btod.o)
    0x08000fe2   0x08000fe2   0x00000046   Code   RO         4415    CL$$btod_d2e_denorm_low  c_w.l(btod.o)
    0x08001028   0x08001028   0x00000060   Code   RO         4414    CL$$btod_d2e_norm_op1  c_w.l(btod.o)
    0x08001088   0x08001088   0x00000338   Code   RO         4423    CL$$btod_div_common  c_w.l(btod.o)
    0x080013c0   0x080013c0   0x000000dc   Code   RO         4420    CL$$btod_e2e        c_w.l(btod.o)
    0x0800149c   0x0800149c   0x0000002a   Code   RO         4417    CL$$btod_ediv       c_w.l(btod.o)
    0x080014c6   0x080014c6   0x0000002a   Code   RO         4416    CL$$btod_emul       c_w.l(btod.o)
    0x080014f0   0x080014f0   0x00000244   Code   RO         4422    CL$$btod_mult_common  c_w.l(btod.o)
    0x08001734   0x08001734   0x00000030   Code   RO         1668    i.BUTTON_INIT       button.o
    0x08001764   0x08001764   0x00000038   Code   RO         2108    i.DELAY_Init        delay_func.o
    0x0800179c   0x0800179c   0x0000003c   Code   RO         2109    i.Delay_ms          delay_func.o
    0x080017d8   0x080017d8   0x00000034   Code   RO         2111    i.Delay_us          delay_func.o
    0x0800180c   0x0800180c   0x00000090   Code   RO         2724    i.GPIO_Init         stm32f4xx_gpio.o
    0x0800189c   0x0800189c   0x00000046   Code   RO         2725    i.GPIO_PinAFConfig  stm32f4xx_gpio.o
    0x080018e2   0x080018e2   0x0000000a   Code   RO         2736    i.GPIO_WriteBit     stm32f4xx_gpio.o
    0x080018ec   0x080018ec   0x0000002a   Code   RO         2883    i.I2C_CheckEvent    stm32f4xx_i2c.o
    0x08001916   0x08001916   0x00000018   Code   RO         2886    i.I2C_Cmd           stm32f4xx_i2c.o
    0x0800192e   0x0800192e   0x00000018   Code   RO         2894    i.I2C_GenerateSTART  stm32f4xx_i2c.o
    0x08001946   0x08001946   0x00000018   Code   RO         2895    i.I2C_GenerateSTOP  stm32f4xx_i2c.o
    0x0800195e   0x0800195e   0x0000003a   Code   RO         2896    i.I2C_GetFlagStatus  stm32f4xx_i2c.o
    0x08001998   0x08001998   0x000000e8   Code   RO         2901    i.I2C_Init          stm32f4xx_i2c.o
    0x08001a80   0x08001a80   0x00000010   Code   RO         2908    i.I2C_Send7bitAddress  stm32f4xx_i2c.o
    0x08001a90   0x08001a90   0x00000004   Code   RO         2909    i.I2C_SendData      stm32f4xx_i2c.o
    0x08001a94   0x08001a94   0x00000068   Code   RO         1738    i.I2C_StartTransmission  i2c.o
    0x08001afc   0x08001afc   0x00000024   Code   RO         1739    i.I2C_WriteData     i2c.o
    0x08001b20   0x08001b20   0x00000014   Code   RO         1785    i.LCDI2C_backlight  liquidcrystal_i2c.o
    0x08001b34   0x08001b34   0x00000090   Code   RO         1786    i.LCDI2C_begin      liquidcrystal_i2c.o
    0x08001bc4   0x08001bc4   0x00000010   Code   RO         1790    i.LCDI2C_clear      liquidcrystal_i2c.o
    0x08001bd4   0x08001bd4   0x0000000e   Code   RO         1791    i.LCDI2C_command    liquidcrystal_i2c.o
    0x08001be2   0x08001be2   0x00000002   PAD
    0x08001be4   0x08001be4   0x00000020   Code   RO         1796    i.LCDI2C_display    liquidcrystal_i2c.o
    0x08001c04   0x08001c04   0x00000030   Code   RO         1797    i.LCDI2C_expanderWrite  liquidcrystal_i2c.o
    0x08001c34   0x08001c34   0x00000012   Code   RO         1798    i.LCDI2C_home       liquidcrystal_i2c.o
    0x08001c46   0x08001c46   0x00000002   PAD
    0x08001c48   0x08001c48   0x00000030   Code   RO         1799    i.LCDI2C_init       liquidcrystal_i2c.o
    0x08001c78   0x08001c78   0x00000014   Code   RO         1803    i.LCDI2C_noBacklight  liquidcrystal_i2c.o
    0x08001c8c   0x08001c8c   0x00000022   Code   RO         1807    i.LCDI2C_pulseEnable  liquidcrystal_i2c.o
    0x08001cae   0x08001cae   0x00000026   Code   RO         1811    i.LCDI2C_send       liquidcrystal_i2c.o
    0x08001cd4   0x08001cd4   0x00000038   Code   RO         1813    i.LCDI2C_setCursor  liquidcrystal_i2c.o
    0x08001d0c   0x08001d0c   0x0000000e   Code   RO         1814    i.LCDI2C_write      liquidcrystal_i2c.o
    0x08001d1a   0x08001d1a   0x00000012   Code   RO         1815    i.LCDI2C_write4bits  liquidcrystal_i2c.o
    0x08001d2c   0x08001d2c   0x0000001a   Code   RO         1816    i.LCDI2C_write_String  liquidcrystal_i2c.o
    0x08001d46   0x08001d46   0x00000002   PAD
    0x08001d48   0x08001d48   0x00000034   Code   RO         1698    i.LED_Init          led.o
    0x08001d7c   0x08001d7c   0x00000014   Code   RO         1699    i.LED_OFF           led.o
    0x08001d90   0x08001d90   0x00000014   Code   RO         1700    i.LED_ON            led.o
    0x08001da4   0x08001da4   0x00000034   Code   RO         2013    i.OneWire_Init      ds18b20.o
    0x08001dd8   0x08001dd8   0x00000020   Code   RO         2157    i.RCC_AHB1PeriphClockCmd  stm32f4xx_rcc.o
    0x08001df8   0x08001df8   0x00000020   Code   RO         2163    i.RCC_APB1PeriphClockCmd  stm32f4xx_rcc.o
    0x08001e18   0x08001e18   0x000000e8   Code   RO         2175    i.RCC_GetClocksFreq  stm32f4xx_rcc.o
    0x08001f00   0x08001f00   0x0000001c   Code   RO         2188    i.RCC_MCO1Config    stm32f4xx_rcc.o
    0x08001f1c   0x08001f1c   0x0000006c   Code   RO         2015    i.ReadByte          ds18b20.o
    0x08001f88   0x08001f88   0x000000e4   Code   RO         2019    i.ReportTemperature_2  ds18b20.o
    0x0800206c   0x0800206c   0x0000001c   Code   RO         1633    i.SER_PutChar       usart2.o
    0x08002088   0x08002088   0x00000058   Code   RO         2020    i.SendByte          ds18b20.o
    0x080020e0   0x080020e0   0x00000054   Code   RO         2021    i.SendInitialization  ds18b20.o
    0x08002134   0x08002134   0x00000048   Code   RO         2022    i.StartConversion   ds18b20.o
    0x0800217c   0x0800217c   0x00000034   Code   RO          486    i.SysTick_Handler   port.o
    0x080021b0   0x080021b0   0x00000064   Code   RO         4242    i.SystemInit        system_stm32f4xx.o
    0x08002214   0x08002214   0x00000018   Code   RO         3126    i.TIM_Cmd           stm32f4xx_tim.o
    0x0800222c   0x0800222c   0x00000006   Code   RO         3145    i.TIM_GetCounter    stm32f4xx_tim.o
    0x08002232   0x08002232   0x00000004   Code   RO         3192    i.TIM_SetCounter    stm32f4xx_tim.o
    0x08002236   0x08002236   0x00000002   PAD
    0x08002238   0x08002238   0x00000084   Code   RO         3198    i.TIM_TimeBaseInit  stm32f4xx_tim.o
    0x080022bc   0x080022bc   0x00000084   Code   RO         1634    i.USART2_Init       usart2.o
    0x08002340   0x08002340   0x00000018   Code   RO         2529    i.USART_Cmd         stm32f4xx_usart.o
    0x08002358   0x08002358   0x000000d4   Code   RO         2536    i.USART_Init        stm32f4xx_usart.o
    0x0800242c   0x0800242c   0x00000030   Code   RO         4440    i.__ARM_fpclassify  m_wm.l(fpclassify.o)
    0x0800245c   0x0800245c   0x00000006   Code   RO         3813    i.__get_PRIMASK     trcsnapshotrecorder.o
    0x08002462   0x08002462   0x00000006   Code   RO         3814    i.__set_PRIMASK     trcsnapshotrecorder.o
    0x08002468   0x08002468   0x0000000e   Code   RO         4321    i._is_digit         c_w.l(__printf_wp.o)
    0x08002476   0x08002476   0x00000004   Code   RO         1571    i._sys_exit         retar.o
    0x0800247a   0x0800247a   0x00000002   PAD
    0x0800247c   0x0800247c   0x0000002c   Code   RO            4    i.displayFunction   main.o
    0x080024a8   0x080024a8   0x00000008   Code   RO         1573    i.ferror            retar.o
    0x080024b0   0x080024b0   0x0000000e   Code   RO         1575    i.fputc             retar.o
    0x080024be   0x080024be   0x00000002   PAD
    0x080024c0   0x080024c0   0x00000084   Code   RO         1740    i.init_I2C1         i2c.o
    0x08002544   0x08002544   0x0000011c   Code   RO            5    i.main              main.o
    0x08002660   0x08002660   0x00000098   Code   RO          970    i.prvAddCurrentTaskToDelayedList  tasks.o
    0x080026f8   0x080026f8   0x00000154   Code   RO          971    i.prvAddNewTaskToReadyList  tasks.o
    0x0800284c   0x0800284c   0x000000cc   Code   RO         3815    i.prvCheckDataToBeOverwrittenForMultiEntryEvents  trcsnapshotrecorder.o
    0x08002918   0x08002918   0x00000064   Code   RO         1332    i.prvCheckForValidListAndQueue  timers.o
    0x0800297c   0x0800297c   0x00000048   Code   RO          972    i.prvCheckTasksWaitingTermination  tasks.o
    0x080029c4   0x080029c4   0x0000002a   Code   RO          575    i.prvCopyDataFromQueue  queue.o
    0x080029ee   0x080029ee   0x0000007c   Code   RO          576    i.prvCopyDataToQueue  queue.o
    0x08002a6a   0x08002a6a   0x00000012   Code   RO          973    i.prvDeleteTCB      tasks.o
    0x08002a7c   0x08002a7c   0x00000014   Code   RO          577    i.prvGetDisinheritPriorityAfterTimeout  queue.o
    0x08002a90   0x08002a90   0x00000028   Code   RO         1333    i.prvGetNextExpireTime  timers.o
    0x08002ab8   0x08002ab8   0x0000007c   Code   RO         1486    i.prvHeapInit       heap_4.o
    0x08002b34   0x08002b34   0x00000028   Code   RO          974    i.prvIdleTask       tasks.o
    0x08002b5c   0x08002b5c   0x000000ec   Code   RO          579    i.prvInitialiseNewQueue  queue.o
    0x08002c48   0x08002c48   0x000000b6   Code   RO          975    i.prvInitialiseNewTask  tasks.o
    0x08002cfe   0x08002cfe   0x00000002   PAD
    0x08002d00   0x08002d00   0x00000068   Code   RO          976    i.prvInitialiseTaskLists  tasks.o
    0x08002d68   0x08002d68   0x00000068   Code   RO         1487    i.prvInsertBlockIntoFreeList  heap_4.o
    0x08002dd0   0x08002dd0   0x00000058   Code   RO         1335    i.prvInsertTimerInActiveList  timers.o
    0x08002e28   0x08002e28   0x0000001a   Code   RO          580    i.prvIsQueueEmpty   queue.o
    0x08002e42   0x08002e42   0x0000001e   Code   RO          581    i.prvIsQueueFull    queue.o
    0x08002e60   0x08002e60   0x00000020   Code   RO         3816    i.prvMarkObjectAsUsed  trcsnapshotrecorder.o
    0x08002e80   0x08002e80   0x00000064   Code   RO         1336    i.prvProcessExpiredTimer  timers.o
    0x08002ee4   0x08002ee4   0x000000f8   Code   RO         1337    i.prvProcessReceivedCommands  timers.o
    0x08002fdc   0x08002fdc   0x00000074   Code   RO         1338    i.prvProcessTimerOrBlockTask  timers.o
    0x08003050   0x08003050   0x00000034   Code   RO          978    i.prvResetNextTaskUnblockTime  tasks.o
    0x08003084   0x08003084   0x0000002c   Code   RO         1339    i.prvSampleTimeNow  timers.o
    0x080030b0   0x080030b0   0x0000001c   Code   RO         3817    i.prvStrncpy        trcsnapshotrecorder.o
    0x080030cc   0x080030cc   0x000000a0   Code   RO         1340    i.prvSwitchTimerLists  timers.o
    0x0800316c   0x0800316c   0x00000044   Code   RO          487    i.prvTaskExitError  port.o
    0x080031b0   0x080031b0   0x0000001a   Code   RO         1341    i.prvTimerTask      timers.o
    0x080031ca   0x080031ca   0x00000002   PAD
    0x080031cc   0x080031cc   0x00000044   Code   RO         3819    i.prvTraceError     trcsnapshotrecorder.o
    0x08003210   0x08003210   0x00000008   Code   RO         3679    i.prvTraceGetCurrentTaskHandle  trckernelport.o
    0x08003218   0x08003218   0x000001c8   Code   RO         3822    i.prvTraceGetDTS    trcsnapshotrecorder.o
    0x080033e0   0x080033e0   0x000000f8   Code   RO         3823    i.prvTraceGetObjectHandle  trcsnapshotrecorder.o
    0x080034d8   0x080034d8   0x0000008c   Code   RO         3824    i.prvTraceGetObjectState  trcsnapshotrecorder.o
    0x08003564   0x08003564   0x00000090   Code   RO         3825    i.prvTraceGetParam  trcsnapshotrecorder.o
    0x080035f4   0x080035f4   0x00000094   Code   RO         3826    i.prvTraceGetPriorityProperty  trcsnapshotrecorder.o
    0x08003688   0x08003688   0x0000000c   Code   RO         3680    i.prvTraceGetQueueNumber  trckernelport.o
    0x08003694   0x08003694   0x00000014   Code   RO         3681    i.prvTraceGetQueueNumberHigh16  trckernelport.o
    0x080036a8   0x080036a8   0x0000000e   Code   RO         3682    i.prvTraceGetQueueNumberLow16  trckernelport.o
    0x080036b6   0x080036b6   0x0000000c   Code   RO         3683    i.prvTraceGetQueueType  trckernelport.o
    0x080036c2   0x080036c2   0x00000014   Code   RO         3684    i.prvTraceGetTaskNumberHigh16  trckernelport.o
    0x080036d6   0x080036d6   0x0000000e   Code   RO         3685    i.prvTraceGetTaskNumberLow16  trckernelport.o
    0x080036e4   0x080036e4   0x000000b4   Code   RO         3827    i.prvTraceInitCortexM  trcsnapshotrecorder.o
    0x08003798   0x08003798   0x00000228   Code   RO         3828    i.prvTraceInitTraceData  trcsnapshotrecorder.o
    0x080039c0   0x080039c0   0x00000064   Code   RO         3830    i.prvTraceNextFreeEventBufferSlot  trcsnapshotrecorder.o
    0x08003a24   0x08003a24   0x00000064   Code   RO         3832    i.prvTracePortGetTimeStamp  trcsnapshotrecorder.o
    0x08003a88   0x08003a88   0x00000118   Code   RO         3833    i.prvTraceSetObjectName  trcsnapshotrecorder.o
    0x08003ba0   0x08003ba0   0x0000008c   Code   RO         3834    i.prvTraceSetObjectState  trcsnapshotrecorder.o
    0x08003c2c   0x08003c2c   0x00000094   Code   RO         3835    i.prvTraceSetPriorityProperty  trcsnapshotrecorder.o
    0x08003cc0   0x08003cc0   0x0000001c   Code   RO         3687    i.prvTraceSetQueueNumberHigh16  trckernelport.o
    0x08003cdc   0x08003cdc   0x0000001e   Code   RO         3688    i.prvTraceSetQueueNumberLow16  trckernelport.o
    0x08003cfa   0x08003cfa   0x00000002   PAD
    0x08003cfc   0x08003cfc   0x00000044   Code   RO         3837    i.prvTraceSetTaskInstanceFinished  trcsnapshotrecorder.o
    0x08003d40   0x08003d40   0x0000001c   Code   RO         3689    i.prvTraceSetTaskNumberHigh16  trckernelport.o
    0x08003d5c   0x08003d5c   0x0000001e   Code   RO         3690    i.prvTraceSetTaskNumberLow16  trckernelport.o
    0x08003d7a   0x08003d7a   0x00000002   PAD
    0x08003d7c   0x08003d7c   0x00000128   Code   RO         3838    i.prvTraceStoreKernelCall  trcsnapshotrecorder.o
    0x08003ea4   0x08003ea4   0x000000d4   Code   RO         3839    i.prvTraceStoreKernelCallWithNumericParamOnly  trcsnapshotrecorder.o
    0x08003f78   0x08003f78   0x00000140   Code   RO         3840    i.prvTraceStoreKernelCallWithParam  trcsnapshotrecorder.o
    0x080040b8   0x080040b8   0x00000104   Code   RO         3844    i.prvTraceStoreTaskReady  trcsnapshotrecorder.o
    0x080041bc   0x080041bc   0x000000ac   Code   RO         3845    i.prvTraceStoreTaskswitch  trcsnapshotrecorder.o
    0x08004268   0x08004268   0x00000054   Code   RO         3847    i.prvTraceUpdateCounters  trcsnapshotrecorder.o
    0x080042bc   0x080042bc   0x0000007e   Code   RO          582    i.prvUnlockQueue    queue.o
    0x0800433a   0x0800433a   0x00000002   PAD
    0x0800433c   0x0800433c   0x00000090   Code   RO         3691    i.pszTraceGetErrorNotEnoughHandles  trckernelport.o
    0x080043cc   0x080043cc   0x00000158   Code   RO         1488    i.pvPortMalloc      heap_4.o
    0x08004524   0x08004524   0x00000020   Code   RO          981    i.pvTaskIncrementMutexHeldCount  tasks.o
    0x08004544   0x08004544   0x0000002c   Code   RO          488    i.pxPortInitialiseStack  port.o
    0x08004570   0x08004570   0x0000001c   Code   RO            6    i.readingFunction   main.o
    0x0800458c   0x0800458c   0x00000008   Code   RO          583    i.ucQueueGetQueueType  queue.o
    0x08004594   0x08004594   0x0000012c   Code   RO         3849    i.uiIndexOfObject   trcsnapshotrecorder.o
    0x080046c0   0x080046c0   0x000000b4   Code   RO         3851    i.uiTraceStart      trcsnapshotrecorder.o
    0x08004774   0x08004774   0x00000028   Code   RO          434    i.uxListRemove      list.o
    0x0800479c   0x0800479c   0x00000006   Code   RO          584    i.uxQueueGetQueueNumber  queue.o
    0x080047a2   0x080047a2   0x0000000e   Code   RO          985    i.uxTaskGetTaskNumber  tasks.o
    0x080047b0   0x080047b0   0x00000004   Code   RO           10    i.vApplicationMallocFailedHook  main.o
    0x080047b4   0x080047b4   0x0000001a   Code   RO          435    i.vListInitialise   list.o
    0x080047ce   0x080047ce   0x00000006   Code   RO          436    i.vListInitialiseItem  list.o
    0x080047d4   0x080047d4   0x00000034   Code   RO          437    i.vListInsert       list.o
    0x08004808   0x08004808   0x00000018   Code   RO          438    i.vListInsertEnd    list.o
    0x08004820   0x08004820   0x00000058   Code   RO          490    i.vPortEnterCritical  port.o
    0x08004878   0x08004878   0x00000040   Code   RO          491    i.vPortExitCritical  port.o
    0x080048b8   0x080048b8   0x000000a4   Code   RO         1489    i.vPortFree         heap_4.o
    0x0800495c   0x0800495c   0x00000028   Code   RO          492    i.vPortSetupTimerInterrupt  port.o
    0x08004984   0x08004984   0x0000007c   Code   RO          493    i.vPortValidateInterruptPriority  port.o
    0x08004a00   0x08004a00   0x00000054   Code   RO          588    i.vQueueAddToRegistry  queue.o
    0x08004a54   0x08004a54   0x00000004   Code   RO          590    i.vQueueSetQueueNumber  queue.o
    0x08004a58   0x08004a58   0x0000004a   Code   RO          592    i.vQueueWaitForMessageRestricted  queue.o
    0x08004aa2   0x08004aa2   0x00000002   PAD
    0x08004aa4   0x08004aa4   0x00000058   Code   RO           12    i.vTask1            main.o
    0x08004afc   0x08004afc   0x000000b0   Code   RO           13    i.vTask2            main.o
    0x08004bac   0x08004bac   0x00000044   Code   RO           14    i.vTask3            main.o
    0x08004bf0   0x08004bf0   0x000000b8   Code   RO          989    i.vTaskDelay        tasks.o
    0x08004ca8   0x08004ca8   0x00000134   Code   RO          990    i.vTaskDelayUntil   tasks.o
    0x08004ddc   0x08004ddc   0x00000018   Code   RO          994    i.vTaskInternalSetTimeOutState  tasks.o
    0x08004df4   0x08004df4   0x0000000c   Code   RO          995    i.vTaskMissedYield  tasks.o
    0x08004e00   0x08004e00   0x0000003c   Code   RO          997    i.vTaskPlaceOnEventList  tasks.o
    0x08004e3c   0x08004e3c   0x000000a0   Code   RO          998    i.vTaskPlaceOnEventListRestricted  tasks.o
    0x08004edc   0x08004edc   0x0000016c   Code   RO         1000    i.vTaskPriorityDisinheritAfterTimeout  tasks.o
    0x08005048   0x08005048   0x00000008   Code   RO         1004    i.vTaskSetTaskNumber  tasks.o
    0x08005050   0x08005050   0x00000094   Code   RO         1006    i.vTaskStartScheduler  tasks.o
    0x080050e4   0x080050e4   0x00000010   Code   RO         1008    i.vTaskSuspendAll   tasks.o
    0x080050f4   0x080050f4   0x000000b4   Code   RO         1009    i.vTaskSwitchContext  tasks.o
    0x080051a8   0x080051a8   0x0000009c   Code   RO         3854    i.vTraceEnable      trcsnapshotrecorder.o
    0x08005244   0x08005244   0x00000068   Code   RO         3692    i.vTraceInitObjectHandleStack  trckernelport.o
    0x080052ac   0x080052ac   0x00000168   Code   RO         3693    i.vTraceInitObjectPropertyTable  trckernelport.o
    0x08005414   0x08005414   0x00000008   Code   RO         3864    i.vTraceStart       trcsnapshotrecorder.o
    0x0800541c   0x0800541c   0x00000028   Code   RO         3865    i.vTraceStop        trcsnapshotrecorder.o
    0x08005444   0x08005444   0x000000d0   Code   RO         3868    i.vTraceStoreMemMangEvent  trcsnapshotrecorder.o
    0x08005514   0x08005514   0x0000019c   Code   RO          494    i.xPortStartScheduler  port.o
    0x080056b0   0x080056b0   0x00000088   Code   RO          595    i.xQueueGenericCreate  queue.o
    0x08005738   0x08005738   0x00000098   Code   RO          596    i.xQueueGenericReset  queue.o
    0x080057d0   0x080057d0   0x00000338   Code   RO          597    i.xQueueGenericSend  queue.o
    0x08005b08   0x08005b08   0x000001a4   Code   RO          598    i.xQueueGenericSendFromISR  queue.o
    0x08005cac   0x08005cac   0x00000330   Code   RO          605    i.xQueueReceive     queue.o
    0x08005fdc   0x08005fdc   0x00000384   Code   RO          607    i.xQueueSemaphoreTake  queue.o
    0x08006360   0x08006360   0x00000090   Code   RO         1010    i.xTaskCheckForTimeOut  tasks.o
    0x080063f0   0x080063f0   0x00000060   Code   RO         1011    i.xTaskCreate       tasks.o
    0x08006450   0x08006450   0x0000000c   Code   RO         1014    i.xTaskGetCurrentTaskHandle  tasks.o
    0x0800645c   0x0800645c   0x00000020   Code   RO         1015    i.xTaskGetSchedulerState  tasks.o
    0x0800647c   0x0800647c   0x0000000c   Code   RO         1016    i.xTaskGetTickCount  tasks.o
    0x08006488   0x08006488   0x0000019c   Code   RO         1018    i.xTaskIncrementTick  tasks.o
    0x08006624   0x08006624   0x00000144   Code   RO         1021    i.xTaskPriorityDisinherit  tasks.o
    0x08006768   0x08006768   0x00000144   Code   RO         1022    i.xTaskPriorityInherit  tasks.o
    0x080068ac   0x080068ac   0x000000c0   Code   RO         1023    i.xTaskRemoveFromEventList  tasks.o
    0x0800696c   0x0800696c   0x00000128   Code   RO         1024    i.xTaskResumeAll    tasks.o
    0x08006a94   0x08006a94   0x00000058   Code   RO         1347    i.xTimerCreateTimerTask  timers.o
    0x08006aec   0x08006aec   0x00000084   Code   RO         1348    i.xTimerGenericCommand  timers.o
    0x08006b70   0x08006b70   0x0000002c   Code   RO         4436    locale$$code        c_w.l(lc_numeric_c.o)
    0x08006b9c   0x08006b9c   0x0000000c   Code   RO         4379    x$fpl$dretinf       fz_wm.l(dretinf.o)
    0x08006ba8   0x08006ba8   0x00000056   Code   RO         4357    x$fpl$f2d           fz_wm.l(f2d.o)
    0x08006bfe   0x08006bfe   0x0000008c   Code   RO         4381    x$fpl$fnaninf       fz_wm.l(fnaninf.o)
    0x08006c8a   0x08006c8a   0x0000000a   Code   RO         4506    x$fpl$fpinit        fz_wm.l(fpinit.o)
    0x08006c94   0x08006c94   0x00000004   Code   RO         4359    x$fpl$printf1       fz_wm.l(printf1.o)
    0x08006c98   0x08006c98   0x00000000   Code   RO         4383    x$fpl$usenofp       fz_wm.l(usenofp.o)
    0x08006c98   0x08006c98   0x00000010   Data   RO         1817    .constdata          liquidcrystal_i2c.o
    0x08006ca8   0x08006ca8   0x00000028   Data   RO         4294    .constdata          c_w.l(_printf_hex_int.o)
    0x08006cd0   0x08006cd0   0x00000011   Data   RO         4324    .constdata          c_w.l(__printf_flags_wp.o)
    0x08006ce1   0x08006ce1   0x00000003   PAD
    0x08006ce4   0x08006ce4   0x00000094   Data   RO         4411    .constdata          c_w.l(bigflt0.o)
    0x08006d78   0x08006d78   0x000002ce   Data   RO         3697    .conststring        trckernelport.o
    0x08007046   0x08007046   0x00000002   PAD
    0x08007048   0x08007048   0x0000045d   Data   RO         3878    .conststring        trcsnapshotrecorder.o
    0x080074a5   0x080074a5   0x00000003   PAD
    0x080074a8   0x080074a8   0x00000020   Data   RO         4575    Region$$Table       anon$$obj.o
    0x080074c8   0x080074c8   0x0000001c   Data   RO         4435    locale$$data        c_w.l(lc_numeric_c.o)


    Execution Region ER_RW (Exec base: 0x20000000, Load base: 0x080074e4, Size: 0x00000110, Max: 0xffffffff, ABSOLUTE)

    Exec Addr    Load Addr    Size         Type   Attr      Idx    E Section Name        Object

    0x20000000   0x080074e4   0x0000000c   Data   RW           16    .data               main.o
    0x2000000c   0x080074f0   0x0000000c   Data   RW          495    .data               port.o
    0x20000018   0x080074fc   0x0000003c   Data   RW         1027    .data               tasks.o
    0x20000054   0x08007538   0x00000014   Data   RW         1354    .data               timers.o
    0x20000068   0x0800754c   0x00000018   Data   RW         1494    .data               heap_4.o
    0x20000080   0x08007564   0x00000008   Data   RW         1576    .data               retar.o
    0x20000088   0x0800756c   0x00000008   Data   RW         1742    .data               i2c.o
    0x20000090   0x08007574   0x00000008   Data   RW         1818    .data               liquidcrystal_i2c.o
    0x20000098   0x0800757c   0x00000010   Data   RW         2205    .data               stm32f4xx_rcc.o
    0x200000a8   0x0800758c   0x00000009   Data   RW         3698    .data               trckernelport.o
    0x200000b1   0x08007595   0x00000003   PAD
    0x200000b4   0x08007598   0x00000058   Data   RW         3879    .data               trcsnapshotrecorder.o
    0x2000010c   0x080075f0   0x00000004   Data   RW         4244    .data               system_stm32f4xx.o


    Execution Region ER_ZI (Exec base: 0x20000110, Load base: 0x080075f4, Size: 0x0000c158, Max: 0xffffffff, ABSOLUTE)

    Exec Addr    Load Addr    Size         Type   Attr      Idx    E Section Name        Object

    0x20000110        -       0x00000040   Zero   RW          609    .bss                queue.o
    0x20000150        -       0x000000c8   Zero   RW         1026    .bss                tasks.o
    0x20000218        -       0x00000028   Zero   RW         1353    .bss                timers.o
    0x20000240        -       0x0000a000   Zero   RW         1493    .bss                heap_4.o
    0x2000a240        -       0x00000010   Zero   RW         1741    .bss                i2c.o
    0x2000a250        -       0x00000009   Zero   RW         2023    .bss                ds18b20.o
    0x2000a259   0x080075f4   0x00000003   PAD
    0x2000a25c        -       0x000019a8   Zero   RW         3877    .bss                trcsnapshotrecorder.o
    0x2000bc04        -       0x00000060   Zero   RW         4443    .bss                c_w.l(libspace.o)
    0x2000bc64   0x080075f4   0x00000004   PAD
    0x2000bc68        -       0x00000200   Zero   RW         4232    HEAP                startup_stm32f411xe.o
    0x2000be68        -       0x00000400   Zero   RW         4231    STACK               startup_stm32f411xe.o


==============================================================================

Image component sizes


      Code (inc. data)   RO Data    RW Data    ZI Data      Debug   Object Name

        48          6          0          0          0        506   button.o
       168          0          0          0          0       1599   delay_func.o
       632        156          0          0          9       3920   ds18b20.o
         0          0          0          0          0      11768   event_groups.o
       736         64          0         24      40960       7083   heap_4.o
       272         36          0          8         16       2231   i2c.o
        92         18          0          0          0       1386   led.o
       546         44         16          8          0       8623   liquidcrystal_i2c.o
       148          0          0          0          0       3198   list.o
       692        220          0         12          0     297165   main.o
      1082         98          0         12          0      11193   port.o
      4028         84          0          0         64      23157   queue.o
        26          0          0          8          0       3247   retar.o
        64         26        408          0       1536        876   startup_stm32f411xe.o
       224          0          0          0          0       8779   stm32f4xx_gpio.o
       424         14          0          0          0      14042   stm32f4xx_i2c.o
       324         34          0         16          0      20231   stm32f4xx_rcc.o
       166         28          0          0          0      22955   stm32f4xx_tim.o
       236          8          0          0          0      23589   stm32f4xx_usart.o
       100         18          0          4          0       1275   system_stm32f4xx.o
      4314        470          0         60        200      27051   tasks.o
      1142        108          0         20         40      17619   timers.o
       824        102        718          9          0       9484   trckernelport.o
      5284       1774       1117         88       6568      37862   trcsnapshotrecorder.o
       160         12          0          0          0       1128   usart2.o

    ----------------------------------------------------------------------
     21758       3320       2296        272      49396     559967   Object Totals
         0          0         32          0          0          0   (incl. Generated)
        26          0          5          3          3          0   (incl. Padding)

    ----------------------------------------------------------------------

      Code (inc. data)   RO Data    RW Data    ZI Data      Debug   Library Member Name

         8          0          0          0          0         68   __main.o
       312          4         17          0          0         92   __printf_flags_wp.o
        14          0          0          0          0         68   __printf_wp.o
         0          0          0          0          0          0   __rtentry.o
        12          0          0          0          0          0   __rtentry2.o
         6          0          0          0          0          0   __rtentry4.o
        52          8          0          0          0          0   __scatter.o
        26          0          0          0          0          0   __scatter_copy.o
        28          0          0          0          0          0   __scatter_zi.o
        44          0          0          0          0        108   _printf_char.o
        48          6          0          0          0         96   _printf_char_common.o
        36          4          0          0          0         80   _printf_char_file.o
         6          0          0          0          0          0   _printf_f.o
      1054          0          0          0          0        216   _printf_fp_dec.o
       128         16          0          0          0         84   _printf_fp_infnan.o
        88          4         40          0          0         88   _printf_hex_int.o
       178          0          0          0          0         88   _printf_intcommon.o
        78          0          0          0          0        108   _printf_pad.o
         0          0          0          0          0          0   _printf_percent.o
         4          0          0          0          0          0   _printf_percent_end.o
         6          0          0          0          0          0   _printf_s.o
        82          0          0          0          0         80   _printf_str.o
         6          0          0          0          0          0   _printf_x.o
        10          0          0          0          0         68   _sputc.o
        16          0          0          0          0         68   aeabi_memset.o
       228          4        148          0          0         96   bigflt0.o
      1936        128          0          0          0        672   btod.o
        18          0          0          0          0         80   exit.o
         6          0          0          0          0        152   heapauxi.o
        44         10         28          0          0         76   lc_numeric_c.o
         2          0          0          0          0          0   libinit.o
        22          0          0          0          0          0   libinit2.o
         2          0          0          0          0          0   libshutdown.o
         2          0          0          0          0          0   libshutdown2.o
         8          4          0          0         96         68   libspace.o
       138          0          0          0          0         80   lludiv10.o
        24          4          0          0          0         84   noretval__2printf.o
        40          6          0          0          0         84   noretval__2sprintf.o
         4          0          0          0          0         68   putc.o
         8          4          0          0          0         68   rt_locale_intlibspace.o
        68          0          0          0          0         68   rt_memclr.o
        78          0          0          0          0         80   rt_memclr_w.o
       138          0          0          0          0         68   rt_memcpy_v6.o
       100          0          0          0          0         80   rt_memcpy_w.o
         2          0          0          0          0          0   rtexit.o
        10          0          0          0          0          0   rtexit2.o
       128          0          0          0          0         68   strcmpv7m.o
        74          0          0          0          0         80   sys_stackheap_outer.o
         2          0          0          0          0         68   use_no_semi.o
        12          0          0          0          0        116   dretinf.o
        86          4          0          0          0        132   f2d.o
       140          4          0          0          0        132   fnaninf.o
        10          0          0          0          0        116   fpinit.o
         4          0          0          0          0        116   printf1.o
         0          0          0          0          0          0   usenofp.o
        48          0          0          0          0        124   fpclassify.o

    ----------------------------------------------------------------------
      5634        210        236          0        100       4088   Library Totals
        10          0          3          0          4          0   (incl. Padding)

    ----------------------------------------------------------------------

      Code (inc. data)   RO Data    RW Data    ZI Data      Debug   Library Name

      5324        202        233          0         96       3352   c_w.l
       252          8          0          0          0        612   fz_wm.l
        48          0          0          0          0        124   m_wm.l

    ----------------------------------------------------------------------
      5634        210        236          0        100       4088   Library Totals

    ----------------------------------------------------------------------

==============================================================================


      Code (inc. data)   RO Data    RW Data    ZI Data      Debug   

     27392       3530       2532        272      49496     543483   Grand Totals
     27392       3530       2532        272      49496     543483   ELF Image Totals
     27392       3530       2532        272          0          0   ROM Totals

==============================================================================

    Total RO  Size (Code + RO Data)                29924 (  29.22kB)
    Total RW  Size (RW Data + ZI Data)             49768 (  48.60kB)
    Total ROM Size (Code + RO Data + RW Data)      30196 (  29.49kB)

==============================================================================

