Component: ARM Compiler 5.06 update 5 (build 528) Tool: armlink [4d35e2]

==============================================================================

Section Cross References

    main.o(i.Delay) refers to tm_stm32f4_delay.o(.data) for mult
    main.o(i.main) refers to system_stm32f4xx.o(i.SystemInit) for SystemInit
    main.o(i.main) refers to tm_stm32f4_delay.o(i.TM_DELAY_Init) for TM_DELAY_Init
    main.o(i.main) refers to led.o(i.LED_Init) for LED_Init
    main.o(i.main) refers to button.o(i.BUTTON_INIT) for BUTTON_INIT
    main.o(i.main) refers to usart2.o(i.USART2_Init) for USART2_Init
    main.o(i.main) refers to putc.o(.text) for putc
    main.o(i.main) refers to i2c.o(i.init_I2C1) for init_I2C1
    main.o(i.main) refers to stm32f4xx_rcc.o(i.RCC_MCO1Config) for RCC_MCO1Config
    main.o(i.main) refers to ds18b20.o(i.OneWire_Init) for OneWire_Init
    main.o(i.main) refers to noretval__2printf.o(.text) for __2printf
    main.o(i.main) refers to ds18b20.o(i.PingOneWireNetwork) for PingOneWireNetwork
    main.o(i.main) refers to ds18b20.o(i.ReportROM) for ReportROM
    main.o(i.main) refers to ds18b20.o(i.ReportScratchpad) for ReportScratchpad
    main.o(i.main) refers to ds18b20.o(i.StartConversion) for StartConversion
    main.o(i.main) refers to main.o(i.Delay) for Delay
    main.o(i.main) refers to liquidcrystal_i2c.o(i.LCDI2C_init) for LCDI2C_init
    main.o(i.main) refers to liquidcrystal_i2c.o(i.LCDI2C_backlight) for LCDI2C_backlight
    main.o(i.main) refers to liquidcrystal_i2c.o(i.LCDI2C_noBacklight) for LCDI2C_noBacklight
    main.o(i.main) refers to liquidcrystal_i2c.o(i.LCDI2C_clear) for LCDI2C_clear
    main.o(i.main) refers to liquidcrystal_i2c.o(i.LCDI2C_setCursor) for LCDI2C_setCursor
    main.o(i.main) refers to liquidcrystal_i2c.o(i.LCDI2C_write_String) for LCDI2C_write_String
    main.o(i.main) refers to led.o(i.LED_ON) for LED_ON
    main.o(i.main) refers to led.o(i.LED_OFF) for LED_OFF
    main.o(i.main) refers to button.o(i.BUTTON_STATE) for BUTTON_STATE
    main.o(i.main) refers to ds18b20.o(i.ReportTemperature) for ReportTemperature
    main.o(i.main) refers to retar.o(.data) for __stdout
    retar.o(.rev16_text) refers (Special) to use_no_semi.o(.text) for __use_no_semihosting_swi
    retar.o(.revsh_text) refers (Special) to use_no_semi.o(.text) for __use_no_semihosting_swi
    retar.o(.rrx_text) refers (Special) to use_no_semi.o(.text) for __use_no_semihosting_swi
    retar.o(i._sys_exit) refers (Special) to use_no_semi.o(.text) for __use_no_semihosting_swi
    retar.o(i._ttywrch) refers (Special) to use_no_semi.o(.text) for __use_no_semihosting_swi
    retar.o(i._ttywrch) refers to usart2.o(i.SER_PutChar) for SER_PutChar
    retar.o(i.ferror) refers (Special) to use_no_semi.o(.text) for __use_no_semihosting_swi
    retar.o(i.fgetc) refers (Special) to use_no_semi.o(.text) for __use_no_semihosting_swi
    retar.o(i.fgetc) refers to usart2.o(i.SER_GetChar) for SER_GetChar
    retar.o(i.fputc) refers (Special) to use_no_semi.o(.text) for __use_no_semihosting_swi
    retar.o(i.fputc) refers to usart2.o(i.SER_PutChar) for SER_PutChar
    retar.o(.data) refers (Special) to use_no_semi.o(.text) for __use_no_semihosting_swi
    usart2.o(i.USART2_Init) refers to stm32f4xx_rcc.o(i.RCC_AHB1PeriphClockCmd) for RCC_AHB1PeriphClockCmd
    usart2.o(i.USART2_Init) refers to stm32f4xx_rcc.o(i.RCC_APB1PeriphClockCmd) for RCC_APB1PeriphClockCmd
    usart2.o(i.USART2_Init) refers to stm32f4xx_gpio.o(i.GPIO_Init) for GPIO_Init
    usart2.o(i.USART2_Init) refers to stm32f4xx_gpio.o(i.GPIO_PinAFConfig) for GPIO_PinAFConfig
    usart2.o(i.USART2_Init) refers to stm32f4xx_usart.o(i.USART_Init) for USART_Init
    usart2.o(i.USART2_Init) refers to stm32f4xx_usart.o(i.USART_Cmd) for USART_Cmd
    button.o(i.BUTTON_INIT) refers to stm32f4xx_rcc.o(i.RCC_AHB1PeriphClockCmd) for RCC_AHB1PeriphClockCmd
    button.o(i.BUTTON_INIT) refers to stm32f4xx_gpio.o(i.GPIO_Init) for GPIO_Init
    button.o(i.BUTTON_STATE) refers to stm32f4xx_gpio.o(i.GPIO_ReadInputDataBit) for GPIO_ReadInputDataBit
    led.o(i.LED_Init) refers to stm32f4xx_rcc.o(i.RCC_AHB1PeriphClockCmd) for RCC_AHB1PeriphClockCmd
    led.o(i.LED_Init) refers to stm32f4xx_gpio.o(i.GPIO_Init) for GPIO_Init
    led.o(i.LED_OFF) refers to stm32f4xx_gpio.o(i.GPIO_WriteBit) for GPIO_WriteBit
    led.o(i.LED_ON) refers to stm32f4xx_gpio.o(i.GPIO_WriteBit) for GPIO_WriteBit
    i2c.o(i.I2C_ReadData) refers to stm32f4xx_i2c.o(i.I2C_CheckEvent) for I2C_CheckEvent
    i2c.o(i.I2C_ReadData) refers to stm32f4xx_i2c.o(i.I2C_ReceiveData) for I2C_ReceiveData
    i2c.o(i.I2C_StartTransmission) refers to stm32f4xx_i2c.o(i.I2C_GetFlagStatus) for I2C_GetFlagStatus
    i2c.o(i.I2C_StartTransmission) refers to stm32f4xx_i2c.o(i.I2C_GenerateSTART) for I2C_GenerateSTART
    i2c.o(i.I2C_StartTransmission) refers to stm32f4xx_i2c.o(i.I2C_CheckEvent) for I2C_CheckEvent
[...]
    ../clib/angel/handlers.s                 0x00000000   Number         0  __scatter_copy.o ABSOLUTE
    ../clib/angel/kernel.s                   0x00000000   Number         0  rtexit2.o ABSOLUTE
    ../clib/angel/kernel.s                   0x00000000   Number         0  rtexit.o ABSOLUTE
    ../clib/angel/kernel.s                   0x00000000   Number         0  __rtentry2.o ABSOLUTE
    ../clib/angel/kernel.s                   0x00000000   Number         0  __rtentry.o ABSOLUTE
    ../clib/angel/kernel.s                   0x00000000   Number         0  __rtentry4.o ABSOLUTE
    ../clib/angel/rt.s                       0x00000000   Number         0  rt_raise.o ABSOLUTE
    ../clib/angel/rt.s                       0x00000000   Number         0  rt_heap_descriptor_intlibspace.o ABSOLUTE
    ../clib/angel/rt.s                       0x00000000   Number         0  rt_heap_descriptor.o ABSOLUTE
    ../clib/angel/rt.s                       0x00000000   Number         0  rt_locale_intlibspace.o ABSOLUTE
    ../clib/angel/rt.s                       0x00000000   Number         0  rt_locale.o ABSOLUTE
    ../clib/angel/scatter.s                  0x00000000   Number         0  __scatter.o ABSOLUTE
    ../clib/angel/startup.s                  0x00000000   Number         0  __main.o ABSOLUTE
    ../clib/angel/sys.s                      0x00000000   Number         0  mutex_dummy.o ABSOLUTE
    ../clib/angel/sys.s                      0x00000000   Number         0  libspace.o ABSOLUTE
    ../clib/angel/sys.s                      0x00000000   Number         0  sys_stackheap_outer.o ABSOLUTE
    ../clib/angel/sys.s                      0x00000000   Number         0  indicate_semi.o ABSOLUTE
    ../clib/angel/sys.s                      0x00000000   Number         0  use_no_semi.o ABSOLUTE
    ../clib/angel/sysapp.c                   0x00000000   Number         0  sys_command.o ABSOLUTE
    ../clib/armsys.c                         0x00000000   Number         0  argv_veneer.o ABSOLUTE
    ../clib/armsys.c                         0x00000000   Number         0  no_argv.o ABSOLUTE
    ../clib/armsys.c                         0x00000000   Number         0  _get_argv_nomalloc.o ABSOLUTE
    ../clib/armsys.c                         0x00000000   Number         0  _get_argv.o ABSOLUTE
    ../clib/armsys.c                         0x00000000   Number         0  argv_veneer.o ABSOLUTE
    ../clib/bigflt.c                         0x00000000   Number         0  bigflt0.o ABSOLUTE
    ../clib/btod.s                           0x00000000   Number         0  btod.o ABSOLUTE
    ../clib/heap1.c                          0x00000000   Number         0  h1_extend.o ABSOLUTE
    ../clib/heap1.c                          0x00000000   Number         0  h1_alloc.o ABSOLUTE
    ../clib/heap1.c                          0x00000000   Number         0  h1_extend_mt.o ABSOLUTE
    ../clib/heap1.c                          0x00000000   Number         0  h1_free.o ABSOLUTE
    ../clib/heap1.c                          0x00000000   Number         0  h1_final_mt.o ABSOLUTE
    ../clib/heap1.c                          0x00000000   Number         0  h1_init_mt.o ABSOLUTE
    ../clib/heap1.c                          0x00000000   Number         0  h1_final.o ABSOLUTE
    ../clib/heap1.c                          0x00000000   Number         0  h1_free_mt.o ABSOLUTE
    ../clib/heap1.c                          0x00000000   Number         0  h1_init.o ABSOLUTE
    ../clib/heap1.c                          0x00000000   Number         0  h1_alloc_mt.o ABSOLUTE
    ../clib/heap2.c                          0x00000000   Number         0  heap2.o ABSOLUTE
    ../clib/heap2.c                          0x00000000   Number         0  heap2mt.o ABSOLUTE
    ../clib/heap2.c                          0x00000000   Number         0  fdtree.o ABSOLUTE
    ../clib/heapalloc.c                      0x00000000   Number         0  hrguard.o ABSOLUTE
    ../clib/heapalloc.c                      0x00000000   Number         0  maybetermalloc2.o ABSOLUTE
    ../clib/heapalloc.c                      0x00000000   Number         0  malloc.o ABSOLUTE
    ../clib/heapalloc.c                      0x00000000   Number         0  term_alloc.o ABSOLUTE
    ../clib/heapalloc.c                      0x00000000   Number         0  maybetermalloc2.o ABSOLUTE
    ../clib/heapalloc.c                      0x00000000   Number         0  maybetermalloc1.o ABSOLUTE
    ../clib/heapalloc.c                      0x00000000   Number         0  heapstubs.o ABSOLUTE
    ../clib/heapalloc.c                      0x00000000   Number         0  free.o ABSOLUTE
    ../clib/heapalloc.c                      0x00000000   Number         0  init_alloc.o ABSOLUTE
    ../clib/heapalloc.c                      0x00000000   Number         0  hguard.o ABSOLUTE
    ../clib/heapalloc.c                      0x00000000   Number         0  maybetermalloc1.o ABSOLUTE
    ../clib/heapaux.c                        0x00000000   Number         0  heapauxi.o ABSOLUTE
    ../clib/heapaux.c                        0x00000000   Number         0  heapauxa.o ABSOLUTE
    ../clib/libinit.s                        0x00000000   Number         0  libshutdown.o ABSOLUTE
    ../clib/libinit.s                        0x00000000   Number         0  libshutdown2.o ABSOLUTE
    ../clib/libinit.s                        0x00000000   Number         0  libinit2.o ABSOLUTE
    ../clib/libinit.s                        0x00000000   Number         0  libinit.o ABSOLUTE
    ../clib/locale.s                         0x00000000   Number         0  lc_numeric_c.o ABSOLUTE
    ../clib/longlong.s                       0x00000000   Number         0  lludiv10.o ABSOLUTE
    ../clib/memcpset.s                       0x00000000   Number         0  strcmpv7m.o ABSOLUTE
    ../clib/memcpset.s                       0x00000000   Number         0  rt_memcpy_w.o ABSOLUTE
    ../clib/misc.s                           0x00000000   Number         0  printf_stubs.o ABSOLUTE
    ../clib/printf.c                         0x00000000   Number         0  __2printf.o ABSOLUTE
    ../clib/printf.c                         0x00000000   Number         0  _printf_char_file.o ABSOLUTE
    ../clib/printf.c                         0x00000000   Number         0  _printf_char_common.o ABSOLUTE
    ../clib/printf.c                         0x00000000   Number         0  __printf_ss.o ABSOLUTE
    ../clib/printf.c                         0x00000000   Number         0  _printf_fp_infnan.o ABSOLUTE
    ../clib/printf.c                         0x00000000   Number         0  __printf_nopercent.o ABSOLUTE
    ../clib/printf.c                         0x00000000   Number         0  __printf_flags.o ABSOLUTE
    ../clib/printf.c                         0x00000000   Number         0  _printf_hex_ptr.o ABSOLUTE
    ../clib/printf.c                         0x00000000   Number         0  __printf_flags_wp.o ABSOLUTE
    ../clib/printf.c                         0x00000000   Number         0  _printf_hex_int_ll.o ABSOLUTE
    ../clib/printf.c                         0x00000000   Number         0  _printf_hex_int_ptr.o ABSOLUTE
    ../clib/printf.c                         0x00000000   Number         0  _printf_hex_ll_ptr.o ABSOLUTE
    ../clib/printf.c                         0x00000000   Number         0  _printf_hex_int.o ABSOLUTE
    ../clib/printf.c                         0x00000000   Number         0  _printf_hex_ll.o ABSOLUTE
    ../clib/printf.c                         0x00000000   Number         0  _printf_pad.o ABSOLUTE
    ../clib/printf.c                         0x00000000   Number         0  __printf_wp.o ABSOLUTE
    ../clib/printf.c                         0x00000000   Number         0  _printf_intcommon.o ABSOLUTE
    ../clib/printf.c                         0x00000000   Number         0  __printf_ss_wp.o ABSOLUTE
    ../clib/printf.c                         0x00000000   Number         0  __printf_flags_ss.o ABSOLUTE
    ../clib/printf.c                         0x00000000   Number         0  noretval__2printf.o ABSOLUTE
    ../clib/printf.c                         0x00000000   Number         0  __printf.o ABSOLUTE
    ../clib/printf.c                         0x00000000   Number         0  __2sprintf.o ABSOLUTE
    ../clib/printf.c                         0x00000000   Number         0  __printf_flags_ss_wp.o ABSOLUTE
    ../clib/printf.c                         0x00000000   Number         0  _sputc.o ABSOLUTE
    ../clib/printf.c                         0x00000000   Number         0  _printf_hex_int_ll_ptr.o ABSOLUTE
    ../clib/printf.c                         0x00000000   Number         0  _printf_fp_dec.o ABSOLUTE
    ../clib/printf.c                         0x00000000   Number         0  noretval__2sprintf.o ABSOLUTE
    ../clib/printf_percent.s                 0x00000000   Number         0  _printf_f.o ABSOLUTE
    ../clib/printf_percent.s                 0x00000000   Number         0  _printf_x.o ABSOLUTE
    ../clib/printf_percent.s                 0x00000000   Number         0  _printf_percent_end.o ABSOLUTE
    ../clib/printf_percent.s                 0x00000000   Number         0  _printf_percent.o ABSOLUTE
    ../clib/signal.c                         0x00000000   Number         0  defsig_abrt_inner.o ABSOLUTE
    ../clib/signal.c                         0x00000000   Number         0  defsig_rtmem_outer.o ABSOLUTE
    ../clib/signal.c                         0x00000000   Number         0  defsig_general.o ABSOLUTE
    ../clib/signal.c                         0x00000000   Number         0  __raise.o ABSOLUTE
    ../clib/signal.c                         0x00000000   Number         0  defsig_exit.o ABSOLUTE
    ../clib/signal.c                         0x00000000   Number         0  defsig_rtmem_inner.o ABSOLUTE
    ../clib/signal.c                         0x00000000   Number         0  defsig_fpe_inner.o ABSOLUTE
    ../clib/signal.c                         0x00000000   Number         0  defsig_rtred_inner.o ABSOLUTE
    ../clib/signal.c                         0x00000000   Number         0  defsig_stak_inner.o ABSOLUTE
    ../clib/signal.c                         0x00000000   Number         0  defsig_pvfn_inner.o ABSOLUTE
    ../clib/signal.c                         0x00000000   Number         0  defsig_cppl_inner.o ABSOLUTE
    ../clib/signal.c                         0x00000000   Number         0  defsig_segv_inner.o ABSOLUTE
    ../clib/signal.c                         0x00000000   Number         0  defsig_other.o ABSOLUTE
    ../clib/signal.c                         0x00000000   Number         0  defsig_rtmem_formal.o ABSOLUTE
    ../clib/signal.s                         0x00000000   Number         0  defsig.o ABSOLUTE
    ../clib/stdio.c                          0x00000000   Number         0  putc.o ABSOLUTE
    ../clib/stdlib.c                         0x00000000   Number         0  exit.o ABSOLUTE
    ../fplib/dcmpi.s                         0x00000000   Number         0  dcmpi.o ABSOLUTE
    ../fplib/ddiv.s                          0x00000000   Number         0  ddiv.o ABSOLUTE
    ../fplib/deqf.s                          0x00000000   Number         0  deqf.o ABSOLUTE
    ../fplib/dfixu.s                         0x00000000   Number         0  dfixu.o ABSOLUTE
    ../fplib/dflt.s                          0x00000000   Number         0  dflt_clz.o ABSOLUTE
    ../fplib/dleqf.s                         0x00000000   Number         0  dleqf.o ABSOLUTE
    ../fplib/dnaninf.s                       0x00000000   Number         0  dnaninf.o ABSOLUTE
    ../fplib/dretinf.s                       0x00000000   Number         0  dretinf.o ABSOLUTE
    ../fplib/f2d.s                           0x00000000   Number         0  f2d.o ABSOLUTE
    ../fplib/fnaninf.s                       0x00000000   Number         0  fnaninf.o ABSOLUTE
    ../fplib/fpinit.s                        0x00000000   Number         0  fpinit.o ABSOLUTE
    ../fplib/istatus.s                       0x00000000   Number         0  istatus.o ABSOLUTE
    ../fplib/printf1.s                       0x00000000   Number         0  printf1.o ABSOLUTE
    ../fplib/usenofp.s                       0x00000000   Number         0  usenofp.o ABSOLUTE
    ../mathlib/fpclassify.c                  0x00000000   Number         0  fpclassify.o ABSOLUTE
    BUTTON.c                                 0x00000000   Number         0  button.o ABSOLUTE
    BUTTON.c                                 0x00000000   Number         0  button.o ABSOLUTE
    DS18B20.c                                0x00000000   Number         0  ds18b20.o ABSOLUTE
    DS18B20.c                                0x00000000   Number         0  ds18b20.o ABSOLUTE
    I2C.c                                    0x00000000   Number         0  i2c.o ABSOLUTE
    I2C.c                                    0x00000000   Number         0  i2c.o ABSOLUTE
    LED.c                                    0x00000000   Number         0  led.o ABSOLUTE
    LED.c                                    0x00000000   Number         0  led.o ABSOLUTE
    LiquidCrystal_I2C.c                      0x00000000   Number         0  liquidcrystal_i2c.o ABSOLUTE
    LiquidCrystal_I2C.c                      0x00000000   Number         0  liquidcrystal_i2c.o ABSOLUTE
    RTE\Device\STM32F411RETx\startup_stm32f411xe.s 0x00000000   Number         0  startup_stm32f411xe.o ABSOLUTE
    RTE\Device\STM32F411RETx\system_stm32f4xx.c 0x00000000   Number         0  system_stm32f4xx.o ABSOLUTE
    RTE\\Device\\STM32F411RETx\\system_stm32f4xx.c 0x00000000   Number         0  system_stm32f4xx.o ABSOLUTE
    Retar.c                                  0x00000000   Number         0  retar.o ABSOLUTE
    Retar.c                                  0x00000000   Number         0  retar.o ABSOLUTE
    STM32F4xx_StdPeriph_Driver\\src\\misc.c  0x00000000   Number         0  misc.o ABSOLUTE
    STM32F4xx_StdPeriph_Driver\\src\\stm32f4xx_gpio.c 0x00000000   Number         0  stm32f4xx_gpio.o ABSOLUTE
    STM32F4xx_StdPeriph_Driver\\src\\stm32f4xx_i2c.c 0x00000000   Number         0  stm32f4xx_i2c.o ABSOLUTE
    STM32F4xx_StdPeriph_Driver\\src\\stm32f4xx_rcc.c 0x00000000   Number         0  stm32f4xx_rcc.o ABSOLUTE
    STM32F4xx_StdPeriph_Driver\\src\\stm32f4xx_usart.c 0x00000000   Number         0  stm32f4xx_usart.o ABSOLUTE
    STM32F4xx_StdPeriph_Driver\src\misc.c    0x00000000   Number         0  misc.o ABSOLUTE
    STM32F4xx_StdPeriph_Driver\src\stm32f4xx_gpio.c 0x00000000   Number         0  stm32f4xx_gpio.o ABSOLUTE
    STM32F4xx_StdPeriph_Driver\src\stm32f4xx_i2c.c 0x00000000   Number         0  stm32f4xx_i2c.o ABSOLUTE
    STM32F4xx_StdPeriph_Driver\src\stm32f4xx_rcc.c 0x00000000   Number         0  stm32f4xx_rcc.o ABSOLUTE
    STM32F4xx_StdPeriph_Driver\src\stm32f4xx_usart.c 0x00000000   Number         0  stm32f4xx_usart.o ABSOLUTE
    USART2.c                                 0x00000000   Number         0  usart2.o ABSOLUTE
    USART2.c                                 0x00000000   Number         0  usart2.o ABSOLUTE
    dc.s                                     0x00000000   Number         0  dc.o ABSOLUTE
    main.c                                   0x00000000   Number         0  main.o ABSOLUTE
    main.c                                   0x00000000   Number         0  main.o ABSOLUTE
    tm_stm32f4_delay\\tm_stm32f4_delay.c     0x00000000   Number         0  tm_stm32f4_delay.o ABSOLUTE
    tm_stm32f4_delay\\tm_stm32f4_timer_properties.c 0x00000000   Number         0  tm_stm32f4_timer_properties.o ABSOLUTE
    tm_stm32f4_delay\tm_stm32f4_delay.c      0x00000000   Number         0  tm_stm32f4_delay.o ABSOLUTE
    tm_stm32f4_delay\tm_stm32f4_timer_properties.c 0x00000000   Number         0  tm_stm32f4_timer_properties.o ABSOLUTE
    RESET                                    0x08000000   Section      408  startup_stm32f411xe.o(RESET)
    !!!main                                  0x08000198   Section        8  __main.o(!!!main)
    !!!scatter                               0x080001a0   Section       52  __scatter.o(!!!scatter)
    !!handler_copy                           0x080001d4   Section       26  __scatter_copy.o(!!handler_copy)
    !!handler_zi                             0x080001f0   Section       28  __scatter_zi.o(!!handler_zi)
    .ARM.Collect$$_printf_percent$$00000000  0x0800020c   Section        0  _printf_percent.o(.ARM.Collect$$_printf_percent$$00000000)
    .ARM.Collect$$_printf_percent$$00000003  0x0800020c   Section        6  _printf_f.o(.ARM.Collect$$_printf_percent$$00000003)
    .ARM.Collect$$_printf_percent$$0000000C  0x08000212   Section        6  _printf_x.o(.ARM.Collect$$_printf_percent$$0000000C)
    .ARM.Collect$$_printf_percent$$00000017  0x08000218   Section        4  _printf_percent_end.o(.ARM.Collect$$_printf_percent$$00000017)
    .ARM.Collect$$libinit$$00000000          0x0800021c   Section        2  libinit.o(.ARM.Collect$$libinit$$00000000)
    .ARM.Collect$$libinit$$00000001          0x0800021e   Section        4  libinit2.o(.ARM.Collect$$libinit$$00000001)
    .ARM.Collect$$libinit$$00000004          0x08000222   Section        0  libinit2.o(.ARM.Collect$$libinit$$00000004)
    .ARM.Collect$$libinit$$0000000A          0x08000222   Section        0  libinit2.o(.ARM.Collect$$libinit$$0000000A)
    .ARM.Collect$$libinit$$0000000C          0x08000222   Section        0  libinit2.o(.ARM.Collect$$libinit$$0000000C)
    .ARM.Collect$$libinit$$0000000E          0x08000222   Section        0  libinit2.o(.ARM.Collect$$libinit$$0000000E)
    .ARM.Collect$$libinit$$0000000F          0x08000222   Section        6  libinit2.o(.ARM.Collect$$libinit$$0000000F)
    .ARM.Collect$$libinit$$00000011          0x08000228   Section        0  libinit2.o(.ARM.Collect$$libinit$$00000011)
    .ARM.Collect$$libinit$$00000013          0x08000228   Section        0  libinit2.o(.ARM.Collect$$libinit$$00000013)
    .ARM.Collect$$libinit$$00000015          0x08000228   Section        0  libinit2.o(.ARM.Collect$$libinit$$00000015)
    .ARM.Collect$$libinit$$00000016          0x08000228   Section       10  libinit2.o(.ARM.Collect$$libinit$$00000016)
    .ARM.Collect$$libinit$$00000017          0x08000232   Section        0  libinit2.o(.ARM.Collect$$libinit$$00000017)
    .ARM.Collect$$libinit$$00000019          0x08000232   Section        0  libinit2.o(.ARM.Collect$$libinit$$00000019)
    .ARM.Collect$$libinit$$0000001B          0x08000232   Section        0  libinit2.o(.ARM.Collect$$libinit$$0000001B)
    .ARM.Collect$$libinit$$0000001D          0x08000232   Section        0  libinit2.o(.ARM.Collect$$libinit$$0000001D)
    .ARM.Collect$$libinit$$0000001F          0x08000232   Section        0  libinit2.o(.ARM.Collect$$libinit$$0000001F)
    .ARM.Collect$$libinit$$00000021          0x08000232   Section        0  libinit2.o(.ARM.Collect$$libinit$$00000021)
    .ARM.Collect$$libinit$$00000023          0x08000232   Section        0  libinit2.o(.ARM.Collect$$libinit$$00000023)
    .ARM.Collect$$libinit$$00000025          0x08000232   Section        0  libinit2.o(.ARM.Collect$$libinit$$00000025)
    .ARM.Collect$$libinit$$0000002C          0x08000232   Section        0  libinit2.o(.ARM.Collect$$libinit$$0000002C)
    .ARM.Collect$$libinit$$0000002E          0x08000232   Section        0  libinit2.o(.ARM.Collect$$libinit$$0000002E)
    .ARM.Collect$$libinit$$00000030          0x08000232   Section        0  libinit2.o(.ARM.Collect$$libinit$$00000030)
    .ARM.Collect$$libinit$$00000032          0x08000232   Section        0  libinit2.o(.ARM.Collect$$libinit$$00000032)
    .ARM.Collect$$libinit$$00000033          0x08000232   Section        2  libinit2.o(.ARM.Collect$$libinit$$00000033)
    .ARM.Collect$$libshutdown$$00000000      0x08000234   Section        2  libshutdown.o(.ARM.Collect$$libshutdown$$00000000)
    .ARM.Collect$$libshutdown$$00000002      0x08000236   Section        0  libshutdown2.o(.ARM.Collect$$libshutdown$$00000002)
    .ARM.Collect$$libshutdown$$00000004      0x08000236   Section        0  libshutdown2.o(.ARM.Collect$$libshutdown$$00000004)
    .ARM.Collect$$libshutdown$$00000007      0x08000236   Section        0  libshutdown2.o(.ARM.Collect$$libshutdown$$00000007)
    .ARM.Collect$$libshutdown$$0000000A      0x08000236   Section        0  libshutdown2.o(.ARM.Collect$$libshutdown$$0000000A)
    .ARM.Collect$$libshutdown$$0000000C      0x08000236   Section        0  libshutdown2.o(.ARM.Collect$$libshutdown$$0000000C)
    .ARM.Collect$$libshutdown$$0000000F      0x08000236   Section        0  libshutdown2.o(.ARM.Collect$$libshutdown$$0000000F)
    .ARM.Collect$$libshutdown$$00000010      0x08000236   Section        2  libshutdown2.o(.ARM.Collect$$libshutdown$$00000010)
    .ARM.Collect$$rtentry$$00000000          0x08000238   Section        0  __rtentry.o(.ARM.Collect$$rtentry$$00000000)
    .ARM.Collect$$rtentry$$00000002          0x08000238   Section        0  __rtentry2.o(.ARM.Collect$$rtentry$$00000002)
    .ARM.Collect$$rtentry$$00000004          0x08000238   Section        6  __rtentry4.o(.ARM.Collect$$rtentry$$00000004)
    .ARM.Collect$$rtentry$$00000009          0x0800023e   Section        0  __rtentry2.o(.ARM.Collect$$rtentry$$00000009)
    .ARM.Collect$$rtentry$$0000000A          0x0800023e   Section        4  __rtentry2.o(.ARM.Collect$$rtentry$$0000000A)
    .ARM.Collect$$rtentry$$0000000C          0x08000242   Section        0  __rtentry2.o(.ARM.Collect$$rtentry$$0000000C)
    .ARM.Collect$$rtentry$$0000000D          0x08000242   Section        8  __rtentry2.o(.ARM.Collect$$rtentry$$0000000D)
    .ARM.Collect$$rtexit$$00000000           0x0800024a   Section        2  rtexit.o(.ARM.Collect$$rtexit$$00000000)
    .ARM.Collect$$rtexit$$00000002           0x0800024c   Section        0  rtexit2.o(.ARM.Collect$$rtexit$$00000002)
    .ARM.Collect$$rtexit$$00000003           0x0800024c   Section        4  rtexit2.o(.ARM.Collect$$rtexit$$00000003)
    .ARM.Collect$$rtexit$$00000004           0x08000250   Section        6  rtexit2.o(.ARM.Collect$$rtexit$$00000004)
    .text                                    0x08000258   Section       64  startup_stm32f411xe.o(.text)
    $v0                                      0x08000258   Number         0  startup_stm32f411xe.o(.text)
    .text                                    0x08000298   Section        2  use_no_semi.o(.text)
    .text                                    0x0800029c   Section        0  noretval__2printf.o(.text)
    .text                                    0x080002b4   Section        0  noretval__2sprintf.o(.text)
    .text                                    0x080002dc   Section        0  _printf_pad.o(.text)
    .text                                    0x0800032c   Section        0  _printf_hex_int.o(.text)
    .text                                    0x08000384   Section        0  __printf_flags_wp.o(.text)
    .text                                    0x080004bc   Section        0  putc.o(.text)
    .text                                    0x080004c0   Section        0  heapauxi.o(.text)
    .text                                    0x080004c6   Section        0  _printf_intcommon.o(.text)
    .text                                    0x08000578   Section        0  _printf_fp_dec.o(.text)
    _fp_digits                               0x0800057b   Thumb Code   432  _printf_fp_dec.o(.text)
    .text                                    0x08000998   Section        0  _printf_char_common.o(.text)
    _printf_input_char                       0x08000999   Thumb Code    10  _printf_char_common.o(.text)
    .text                                    0x080009c8   Section        0  _sputc.o(.text)
    .text                                    0x080009d4   Section        0  _printf_char_file.o(.text)
    .text                                    0x080009f8   Section        8  libspace.o(.text)
    .text                                    0x08000a00   Section        8  rt_locale_intlibspace.o(.text)
    .text                                    0x08000a08   Section      138  lludiv10.o(.text)
    .text                                    0x08000a94   Section        0  _printf_fp_infnan.o(.text)
    .text                                    0x08000b14   Section        0  bigflt0.o(.text)
    .text                                    0x08000bf8   Section       74  sys_stackheap_outer.o(.text)
    .text                                    0x08000c42   Section        0  exit.o(.text)
    .text                                    0x08000c54   Section      128  strcmpv7m.o(.text)
    CL$$btod_d2e                             0x08000cd4   Section       62  btod.o(CL$$btod_d2e)
    CL$$btod_d2e_denorm_low                  0x08000d12   Section       70  btod.o(CL$$btod_d2e_denorm_low)
    CL$$btod_d2e_norm_op1                    0x08000d58   Section       96  btod.o(CL$$btod_d2e_norm_op1)
    CL$$btod_div_common                      0x08000db8   Section      824  btod.o(CL$$btod_div_common)
    CL$$btod_e2e                             0x080010f0   Section      220  btod.o(CL$$btod_e2e)
    CL$$btod_ediv                            0x080011cc   Section       42  btod.o(CL$$btod_ediv)
    CL$$btod_emul                            0x080011f6   Section       42  btod.o(CL$$btod_emul)
    CL$$btod_mult_common                     0x08001220   Section      580  btod.o(CL$$btod_mult_common)
    i.BUTTON_INIT                            0x08001464   Section        0  button.o(i.BUTTON_INIT)
    i.BUTTON_STATE                           0x08001494   Section        0  button.o(i.BUTTON_STATE)
    i.Delay                                  0x080014b0   Section        0  main.o(i.Delay)
    Delay                                    0x080014b1   Thumb Code    26  main.o(i.Delay)
    i.Delay                                  0x080014d0   Section        0  ds18b20.o(i.Delay)
    Delay                                    0x080014d1   Thumb Code    26  ds18b20.o(i.Delay)
    i.Delayms                                0x080014f0   Section        0  liquidcrystal_i2c.o(i.Delayms)
    Delayms                                  0x080014f1   Thumb Code    54  liquidcrystal_i2c.o(i.Delayms)
    i.GPIO_Init                              0x0800152c   Section        0  stm32f4xx_gpio.o(i.GPIO_Init)
    i.GPIO_PinAFConfig                       0x080015bc   Section        0  stm32f4xx_gpio.o(i.GPIO_PinAFConfig)
    i.GPIO_ReadInputDataBit                  0x08001602   Section        0  stm32f4xx_gpio.o(i.GPIO_ReadInputDataBit)
    i.GPIO_WriteBit                          0x08001614   Section        0  stm32f4xx_gpio.o(i.GPIO_WriteBit)
    i.I2C_CheckEvent                         0x0800161e   Section        0  stm32f4xx_i2c.o(i.I2C_CheckEvent)
    i.I2C_Cmd                                0x08001648   Section        0  stm32f4xx_i2c.o(i.I2C_Cmd)
    i.I2C_GenerateSTART                      0x08001660   Section        0  stm32f4xx_i2c.o(i.I2C_GenerateSTART)
    i.I2C_GenerateSTOP                       0x08001678   Section        0  stm32f4xx_i2c.o(i.I2C_GenerateSTOP)
    i.I2C_GetFlagStatus                      0x08001690   Section        0  stm32f4xx_i2c.o(i.I2C_GetFlagStatus)
    i.I2C_Init                               0x080016cc   Section        0  stm32f4xx_i2c.o(i.I2C_Init)
    i.I2C_Send7bitAddress                    0x080017b4   Section        0  stm32f4xx_i2c.o(i.I2C_Send7bitAddress)
    i.I2C_SendData                           0x080017c4   Section        0  stm32f4xx_i2c.o(i.I2C_SendData)
    i.I2C_StartTransmission                  0x080017c8   Section        0  i2c.o(i.I2C_StartTransmission)
    i.I2C_WriteData                          0x08001830   Section        0  i2c.o(i.I2C_WriteData)
    i.LCDI2C_backlight                       0x08001854   Section        0  liquidcrystal_i2c.o(i.LCDI2C_backlight)
    i.LCDI2C_begin                           0x08001868   Section        0  liquidcrystal_i2c.o(i.LCDI2C_begin)
    i.LCDI2C_clear                           0x08001914   Section        0  liquidcrystal_i2c.o(i.LCDI2C_clear)
    i.LCDI2C_command                         0x08001924   Section        0  liquidcrystal_i2c.o(i.LCDI2C_command)
    i.LCDI2C_display                         0x08001934   Section        0  liquidcrystal_i2c.o(i.LCDI2C_display)
    i.LCDI2C_expanderWrite                   0x08001954   Section        0  liquidcrystal_i2c.o(i.LCDI2C_expanderWrite)
    i.LCDI2C_home                            0x08001984   Section        0  liquidcrystal_i2c.o(i.LCDI2C_home)
    i.LCDI2C_init                            0x08001998   Section        0  liquidcrystal_i2c.o(i.LCDI2C_init)
    i.LCDI2C_noBacklight                     0x080019c8   Section        0  liquidcrystal_i2c.o(i.LCDI2C_noBacklight)
    i.LCDI2C_pulseEnable                     0x080019dc   Section        0  liquidcrystal_i2c.o(i.LCDI2C_pulseEnable)
    i.LCDI2C_send                            0x080019fe   Section        0  liquidcrystal_i2c.o(i.LCDI2C_send)
    i.LCDI2C_setCursor                       0x08001a24   Section        0  liquidcrystal_i2c.o(i.LCDI2C_setCursor)
    i.LCDI2C_write                           0x08001a5c   Section        0  liquidcrystal_i2c.o(i.LCDI2C_write)
    i.LCDI2C_write4bits                      0x08001a6a   Section        0  liquidcrystal_i2c.o(i.LCDI2C_write4bits)
    i.LCDI2C_write_String                    0x08001a7c   Section        0  liquidcrystal_i2c.o(i.LCDI2C_write_String)
    i.LED_Init                               0x08001a98   Section        0  led.o(i.LED_Init)
    i.LED_OFF                                0x08001acc   Section        0  led.o(i.LED_OFF)
    i.LED_ON                                 0x08001ae0   Section        0  led.o(i.LED_ON)
    i.OneWire_Init                           0x08001af4   Section        0  ds18b20.o(i.OneWire_Init)
    i.PingOneWireNetwork                     0x08001b28   Section        0  ds18b20.o(i.PingOneWireNetwork)
    i.RCC_AHB1PeriphClockCmd                 0x08001ba8   Section        0  stm32f4xx_rcc.o(i.RCC_AHB1PeriphClockCmd)
    i.RCC_APB1PeriphClockCmd                 0x08001bc8   Section        0  stm32f4xx_rcc.o(i.RCC_APB1PeriphClockCmd)
    i.RCC_GetClocksFreq                      0x08001be8   Section        0  stm32f4xx_rcc.o(i.RCC_GetClocksFreq)
    i.RCC_MCO1Config                         0x08001cd0   Section        0  stm32f4xx_rcc.o(i.RCC_MCO1Config)
    i.ReadByte                               0x08001cec   Section        0  ds18b20.o(i.ReadByte)
    i.ReportROM                              0x08001d58   Section        0  ds18b20.o(i.ReportROM)
    i.ReportScratchpad                       0x08001e0c   Section        0  ds18b20.o(i.ReportScratchpad)
    i.ReportTemperature                      0x08001e78   Section        0  ds18b20.o(i.ReportTemperature)
    i.SER_PutChar                            0x08001fd0   Section        0  usart2.o(i.SER_PutChar)
    i.SendByte                               0x08001fec   Section        0  ds18b20.o(i.SendByte)
    i.SendInitialization                     0x08002044   Section        0  ds18b20.o(i.SendInitialization)
    i.StartConversion                        0x08002098   Section        0  ds18b20.o(i.StartConversion)
    i.SysTick_Handler                        0x080020e0   Section        0  tm_stm32f4_delay.o(i.SysTick_Handler)
    i.SystemInit                             0x08002190   Section        0  system_stm32f4xx.o(i.SystemInit)
    i.TM_DELAY_Init                          0x080021f4   Section        0  tm_stm32f4_delay.o(i.TM_DELAY_Init)
    i.USART2_Init                            0x0800227c   Section        0  usart2.o(i.USART2_Init)
    i.USART_Cmd                              0x08002300   Section        0  stm32f4xx_usart.o(i.USART_Cmd)
    i.USART_Init                             0x08002318   Section        0  stm32f4xx_usart.o(i.USART_Init)
    i.__ARM_fpclassify                       0x080023ec   Section        0  fpclassify.o(i.__ARM_fpclassify)
    i._is_digit                              0x0800241c   Section        0  __printf_wp.o(i._is_digit)
    i._sys_exit                              0x0800242a   Section        0  retar.o(i._sys_exit)
    i.ferror                                 0x0800242e   Section        0  retar.o(i.ferror)
    i.fputc                                  0x08002436   Section        0  retar.o(i.fputc)
    i.init_I2C1                              0x08002444   Section        0  i2c.o(i.init_I2C1)
    i.main                                   0x080024c8   Section        0  main.o(i.main)
    locale$$code                             0x0800260c   Section       44  lc_numeric_c.o(locale$$code)
    x$fpl$dretinf                            0x08002638   Section       12  dretinf.o(x$fpl$dretinf)
    $v0                                      0x08002638   Number         0  dretinf.o(x$fpl$dretinf)
    x$fpl$f2d                                0x08002644   Section       86  f2d.o(x$fpl$f2d)
    $v0                                      0x08002644   Number         0  f2d.o(x$fpl$f2d)
    x$fpl$fnaninf                            0x0800269a   Section      140  fnaninf.o(x$fpl$fnaninf)
    $v0                                      0x0800269a   Number         0  fnaninf.o(x$fpl$fnaninf)
    x$fpl$fpinit                             0x08002726   Section       10  fpinit.o(x$fpl$fpinit)
    $v0                                      0x08002726   Number         0  fpinit.o(x$fpl$fpinit)
    x$fpl$printf1                            0x08002730   Section        4  printf1.o(x$fpl$printf1)
    $v0                                      0x08002730   Number         0  printf1.o(x$fpl$printf1)
    .constdata                               0x08002734   Section       16  liquidcrystal_i2c.o(.constdata)
    x$fpl$usenofp                            0x08002734   Section        0  usenofp.o(x$fpl$usenofp)
    .constdata                               0x08002744   Section       40  _printf_hex_int.o(.constdata)
    uc_hextab                                0x08002744   Data          20  _printf_hex_int.o(.constdata)
    lc_hextab                                0x08002758   Data          20  _printf_hex_int.o(.constdata)
    .constdata                               0x0800276c   Section       17  __printf_flags_wp.o(.constdata)
    maptable                                 0x0800276c   Data          17  __printf_flags_wp.o(.constdata)
    .constdata                               0x08002780   Section      148  bigflt0.o(.constdata)
    tenpwrs_x                                0x08002780   Data          60  bigflt0.o(.constdata)
    tenpwrs_i                                0x080027bc   Data          64  bigflt0.o(.constdata)
    .conststring                             0x08002814   Section       68  ds18b20.o(.conststring)
    locale$$data                             0x08002878   Section       28  lc_numeric_c.o(locale$$data)
    __lcnum_c_name                           0x0800287c   Data           2  lc_numeric_c.o(locale$$data)
    __lcnum_c_start                          0x08002884   Data           0  lc_numeric_c.o(locale$$data)
    __lcnum_c_point                          0x08002890   Data           0  lc_numeric_c.o(locale$$data)
    __lcnum_c_thousands                      0x08002892   Data           0  lc_numeric_c.o(locale$$data)
    __lcnum_c_grouping                       0x08002893   Data           0  lc_numeric_c.o(locale$$data)
    __lcnum_c_end                            0x08002894   Data           0  lc_numeric_c.o(locale$$data)
    .data                                    0x20000000   Section        8  retar.o(.data)
    .data                                    0x20000008   Section        8  i2c.o(.data)
    .data                                    0x20000010   Section        8  liquidcrystal_i2c.o(.data)
    .data                                    0x20000018   Section        8  ds18b20.o(.data)
    .data                                    0x20000020   Section       16  stm32f4xx_rcc.o(.data)
    APBAHBPrescTable                         0x20000020   Data          16  stm32f4xx_rcc.o(.data)
    .data                                    0x20000030   Section       17  tm_stm32f4_delay.o(.data)
    .data                                    0x20000044   Section        4  system_stm32f4xx.o(.data)
    .bss                                     0x20000048   Section       16  i2c.o(.bss)
    .bss                                     0x20000058   Section        9  ds18b20.o(.bss)
    .bss                                     0x20000064   Section       24  tm_stm32f4_delay.o(.bss)
    CustomTimers                             0x20000064   Data          24  tm_stm32f4_delay.o(.bss)
    .bss                                     0x2000007c   Section       96  libspace.o(.bss)
    HEAP                                     0x200000e0   Section      512  startup_stm32f411xe.o(HEAP)
    Heap_Mem                                 0x200000e0   Data         512  startup_stm32f411xe.o(HEAP)
    STACK                                    0x200002e0   Section     1024  startup_stm32f411xe.o(STACK)
    Stack_Mem                                0x200002e0   Data        1024  startup_stm32f411xe.o(STACK)
    __initial_sp                             0x200006e0   Data           0  startup_stm32f411xe.o(STACK)

    Global Symbols

    Symbol Name                              Value     Ov Type        Size  Object(Section)

    BuildAttributes$$THM_ISAv4$E$P$D$K$B$S$7EM$VFPi3$EXTD16$VFPS$VFMA$PE$A:L22UL41UL21$X:L11$S22US41US21$IEEE1$IW$USESV6$~STKCKD$USESV7$~SHL$OTIME$ROPI$IEEEJ$EBA8$UX$STANDARDLIB$REQ8$PRES8$EABIv2 0x00000000   Number         0  anon$$obj.o ABSOLUTE
    __ARM_use_no_argv                        0x00000000   Number         0  main.o ABSOLUTE
    _printf_flags                            0x00000000   Number         0  printf_stubs.o ABSOLUTE
    _printf_return_value                     0x00000000   Number         0  printf_stubs.o ABSOLUTE
    _printf_sizespec                         0x00000000   Number         0  printf_stubs.o ABSOLUTE
    _printf_widthprec                        0x00000000   Number         0  printf_stubs.o ABSOLUTE
    TM_DELAY_1msHandler                       - Undefined Weak Reference
    __ARM_exceptions_init                     - Undefined Weak Reference
    __alloca_initialize                       - Undefined Weak Reference
    __arm_preinit_                            - Undefined Weak Reference
    __cpp_initialize__aeabi_                  - Undefined Weak Reference
    __cxa_finalize                            - Undefined Weak Reference
    __sigvec_lookup                           - Undefined Weak Reference
    __user_heap_extent                        - Undefined Weak Reference
    _atexit_init                              - Undefined Weak Reference
    _call_atexit_fns                          - Undefined Weak Reference
    _clock_init                               - Undefined Weak Reference
    _fp_trap_init                             - Undefined Weak Reference
    _fp_trap_shutdown                         - Undefined Weak Reference
    _get_lc_collate                           - Undefined Weak Reference
    _get_lc_ctype                             - Undefined Weak Reference
    _get_lc_monetary                          - Undefined Weak Reference
    _get_lc_time                              - Undefined Weak Reference
    _getenv_init                              - Undefined Weak Reference
    _handle_redirection                       - Undefined Weak Reference
    _initio                                   - Undefined Weak Reference
    _mutex_acquire                            - Undefined Weak Reference
    _mutex_free                               - Undefined Weak Reference
    _mutex_release                            - Undefined Weak Reference
    _printf_truncate_unsigned                 - Undefined Weak Reference
    _rand_init                                - Undefined Weak Reference
    _signal_finish                            - Undefined Weak Reference
    _signal_init                              - Undefined Weak Reference
    _terminateio                              - Undefined Weak Reference
    __Vectors_Size                           0x00000198   Number         0  startup_stm32f411xe.o ABSOLUTE
    __Vectors                                0x08000000   Data           4  startup_stm32f411xe.o(RESET)
    __Vectors_End                            0x08000198   Data           0  startup_stm32f411xe.o(RESET)
    __main                                   0x08000199   Thumb Code     8  __main.o(!!!main)
    __scatterload                            0x080001a1   Thumb Code     0  __scatter.o(!!!scatter)
    __scatterload_rt2                        0x080001a1   Thumb Code    44  __scatter.o(!!!scatter)
    __scatterload_rt2_thumb_only             0x080001a1   Thumb Code     0  __scatter.o(!!!scatter)
    __scatterload_null                       0x080001af   Thumb Code     0  __scatter.o(!!!scatter)
    __scatterload_copy                       0x080001d5   Thumb Code    26  __scatter_copy.o(!!handler_copy)
    __scatterload_zeroinit                   0x080001f1   Thumb Code    28  __scatter_zi.o(!!handler_zi)
    _printf_f                                0x0800020d   Thumb Code     0  _printf_f.o(.ARM.Collect$$_printf_percent$$00000003)
    _printf_percent                          0x0800020d   Thumb Code     0  _printf_percent.o(.ARM.Collect$$_printf_percent$$00000000)
    _printf_x                                0x08000213   Thumb Code     0  _printf_x.o(.ARM.Collect$$_printf_percent$$0000000C)
    _printf_percent_end                      0x08000219   Thumb Code     0  _printf_percent_end.o(.ARM.Collect$$_printf_percent$$00000017)
    __rt_lib_init                            0x0800021d   Thumb Code     0  libinit.o(.ARM.Collect$$libinit$$00000000)
    __rt_lib_init_fp_1                       0x0800021f   Thumb Code     0  libinit2.o(.ARM.Collect$$libinit$$00000001)
    __rt_lib_init_heap_1                     0x08000223   Thumb Code     0  libinit2.o(.ARM.Collect$$libinit$$0000000A)
    __rt_lib_init_lc_common                  0x08000223   Thumb Code     0  libinit2.o(.ARM.Collect$$libinit$$0000000F)
    __rt_lib_init_preinit_1                  0x08000223   Thumb Code     0  libinit2.o(.ARM.Collect$$libinit$$00000004)
    __rt_lib_init_rand_1                     0x08000223   Thumb Code     0  libinit2.o(.ARM.Collect$$libinit$$0000000E)
    __rt_lib_init_user_alloc_1               0x08000223   Thumb Code     0  libinit2.o(.ARM.Collect$$libinit$$0000000C)
    __rt_lib_init_lc_collate_1               0x08000229   Thumb Code     0  libinit2.o(.ARM.Collect$$libinit$$00000011)
    __rt_lib_init_lc_ctype_1                 0x08000229   Thumb Code     0  libinit2.o(.ARM.Collect$$libinit$$00000013)
    __rt_lib_init_lc_monetary_1              0x08000229   Thumb Code     0  libinit2.o(.ARM.Collect$$libinit$$00000015)
    __rt_lib_init_lc_numeric_2               0x08000229   Thumb Code     0  libinit2.o(.ARM.Collect$$libinit$$00000016)
    __rt_lib_init_alloca_1                   0x08000233   Thumb Code     0  libinit2.o(.ARM.Collect$$libinit$$0000002E)
    __rt_lib_init_argv_1                     0x08000233   Thumb Code     0  libinit2.o(.ARM.Collect$$libinit$$0000002C)
    __rt_lib_init_atexit_1                   0x08000233   Thumb Code     0  libinit2.o(.ARM.Collect$$libinit$$0000001B)
    __rt_lib_init_clock_1                    0x08000233   Thumb Code     0  libinit2.o(.ARM.Collect$$libinit$$00000021)
    __rt_lib_init_cpp_1                      0x08000233   Thumb Code     0  libinit2.o(.ARM.Collect$$libinit$$00000032)
    __rt_lib_init_exceptions_1               0x08000233   Thumb Code     0  libinit2.o(.ARM.Collect$$libinit$$00000030)
    __rt_lib_init_fp_trap_1                  0x08000233   Thumb Code     0  libinit2.o(.ARM.Collect$$libinit$$0000001F)
    __rt_lib_init_getenv_1                   0x08000233   Thumb Code     0  libinit2.o(.ARM.Collect$$libinit$$00000023)
    __rt_lib_init_lc_numeric_1               0x08000233   Thumb Code     0  libinit2.o(.ARM.Collect$$libinit$$00000017)
    __rt_lib_init_lc_time_1                  0x08000233   Thumb Code     0  libinit2.o(.ARM.Collect$$libinit$$00000019)
    __rt_lib_init_return                     0x08000233   Thumb Code     0  libinit2.o(.ARM.Collect$$libinit$$00000033)
    __rt_lib_init_signal_1                   0x08000233   Thumb Code     0  libinit2.o(.ARM.Collect$$libinit$$0000001D)
    __rt_lib_init_stdio_1                    0x08000233   Thumb Code     0  libinit2.o(.ARM.Collect$$libinit$$00000025)
    __rt_lib_shutdown                        0x08000235   Thumb Code     0  libshutdown.o(.ARM.Collect$$libshutdown$$00000000)
    __rt_lib_shutdown_cpp_1                  0x08000237   Thumb Code     0  libshutdown2.o(.ARM.Collect$$libshutdown$$00000002)
    __rt_lib_shutdown_fp_trap_1              0x08000237   Thumb Code     0  libshutdown2.o(.ARM.Collect$$libshutdown$$00000007)
    __rt_lib_shutdown_heap_1                 0x08000237   Thumb Code     0  libshutdown2.o(.ARM.Collect$$libshutdown$$0000000F)
    __rt_lib_shutdown_return                 0x08000237   Thumb Code     0  libshutdown2.o(.ARM.Collect$$libshutdown$$00000010)
    __rt_lib_shutdown_signal_1               0x08000237   Thumb Code     0  libshutdown2.o(.ARM.Collect$$libshutdown$$0000000A)
    __rt_lib_shutdown_stdio_1                0x08000237   Thumb Code     0  libshutdown2.o(.ARM.Collect$$libshutdown$$00000004)
    __rt_lib_shutdown_user_alloc_1           0x08000237   Thumb Code     0  libshutdown2.o(.ARM.Collect$$libshutdown$$0000000C)
    __rt_entry                               0x08000239   Thumb Code     0  __rtentry.o(.ARM.Collect$$rtentry$$00000000)
    __rt_entry_presh_1                       0x08000239   Thumb Code     0  __rtentry2.o(.ARM.Collect$$rtentry$$00000002)
    __rt_entry_sh                            0x08000239   Thumb Code     0  __rtentry4.o(.ARM.Collect$$rtentry$$00000004)
    __rt_entry_li                            0x0800023f   Thumb Code     0  __rtentry2.o(.ARM.Collect$$rtentry$$0000000A)
    __rt_entry_postsh_1                      0x0800023f   Thumb Code     0  __rtentry2.o(.ARM.Collect$$rtentry$$00000009)
    __rt_entry_main                          0x08000243   Thumb Code     0  __rtentry2.o(.ARM.Collect$$rtentry$$0000000D)
    __rt_entry_postli_1                      0x08000243   Thumb Code     0  __rtentry2.o(.ARM.Collect$$rtentry$$0000000C)
    __rt_exit                                0x0800024b   Thumb Code     0  rtexit.o(.ARM.Collect$$rtexit$$00000000)
    __rt_exit_ls                             0x0800024d   Thumb Code     0  rtexit2.o(.ARM.Collect$$rtexit$$00000003)
    __rt_exit_prels_1                        0x0800024d   Thumb Code     0  rtexit2.o(.ARM.Collect$$rtexit$$00000002)
    __rt_exit_exit                           0x08000251   Thumb Code     0  rtexit2.o(.ARM.Collect$$rtexit$$00000004)
    Reset_Handler                            0x08000259   Thumb Code     8  startup_stm32f411xe.o(.text)
    NMI_Handler                              0x08000261   Thumb Code     2  startup_stm32f411xe.o(.text)
    HardFault_Handler                        0x08000263   Thumb Code     2  startup_stm32f411xe.o(.text)
    MemManage_Handler                        0x08000265   Thumb Code     2  startup_stm32f411xe.o(.text)
    BusFault_Handler                         0x08000267   Thumb Code     2  startup_stm32f411xe.o(.text)
    UsageFault_Handler                       0x08000269   Thumb Code     2  startup_stm32f411xe.o(.text)
    SVC_Handler                              0x0800026b   Thumb Code     2  startup_stm32f411xe.o(.text)
    DebugMon_Handler                         0x0800026d   Thumb Code     2  startup_stm32f411xe.o(.text)
    PendSV_Handler                           0x0800026f   Thumb Code     2  startup_stm32f411xe.o(.text)
    ADC_IRQHandler                           0x08000273   Thumb Code     0  startup_stm32f411xe.o(.text)
    DMA1_Stream0_IRQHandler                  0x08000273   Thumb Code     0  startup_stm32f411xe.o(.text)
    DMA1_Stream1_IRQHandler                  0x08000273   Thumb Code     0  startup_stm32f411xe.o(.text)
    DMA1_Stream2_IRQHandler                  0x08000273   Thumb Code     0  startup_stm32f411xe.o(.text)
    DMA1_Stream3_IRQHandler                  0x08000273   Thumb Code     0  startup_stm32f411xe.o(.text)
    DMA1_Stream4_IRQHandler                  0x08000273   Thumb Code     0  startup_stm32f411xe.o(.text)
    DMA1_Stream5_IRQHandler                  0x08000273   Thumb Code     0  startup_stm32f411xe.o(.text)
    DMA1_Stream6_IRQHandler                  0x08000273   Thumb Code     0  startup_stm32f411xe.o(.text)
    DMA1_Stream7_IRQHandler                  0x08000273   Thumb Code     0  startup_stm32f411xe.o(.text)
    DMA2_Stream0_IRQHandler                  0x08000273   Thumb Code     0  startup_stm32f411xe.o(.text)
    DMA2_Stream1_IRQHandler                  0x08000273   Thumb Code     0  startup_stm32f411xe.o(.text)
    DMA2_Stream2_IRQHandler                  0x08000273   Thumb Code     0  startup_stm32f411xe.o(.text)
    DMA2_Stream3_IRQHandler                  0x08000273   Thumb Code     0  startup_stm32f411xe.o(.text)
    DMA2_Stream4_IRQHandler                  0x08000273   Thumb Code     0  startup_stm32f411xe.o(.text)
    DMA2_Stream5_IRQHandler                  0x08000273   Thumb Code     0  startup_stm32f411xe.o(.text)
    DMA2_Stream6_IRQHandler                  0x08000273   Thumb Code     0  startup_stm32f411xe.o(.text)
    DMA2_Stream7_IRQHandler                  0x08000273   Thumb Code     0  startup_stm32f411xe.o(.text)
    EXTI0_IRQHandler                         0x08000273   Thumb Code     0  startup_stm32f411xe.o(.text)
    EXTI15_10_IRQHandler                     0x08000273   Thumb Code     0  startup_stm32f411xe.o(.text)
    EXTI1_IRQHandler                         0x08000273   Thumb Code     0  startup_stm32f411xe.o(.text)
    EXTI2_IRQHandler                         0x08000273   Thumb Code     0  startup_stm32f411xe.o(.text)
    EXTI3_IRQHandler                         0x08000273   Thumb Code     0  startup_stm32f411xe.o(.text)
    EXTI4_IRQHandler                         0x08000273   Thumb Code     0  startup_stm32f411xe.o(.text)
    EXTI9_5_IRQHandler                       0x08000273   Thumb Code     0  startup_stm32f411xe.o(.text)
    FLASH_IRQHandler                         0x08000273   Thumb Code     0  startup_stm32f411xe.o(.text)
    FPU_IRQHandler                           0x08000273   Thumb Code     0  startup_stm32f411xe.o(.text)
    I2C1_ER_IRQHandler                       0x08000273   Thumb Code     0  startup_stm32f411xe.o(.text)
    I2C1_EV_IRQHandler                       0x08000273   Thumb Code     0  startup_stm32f411xe.o(.text)
    I2C2_ER_IRQHandler                       0x08000273   Thumb Code     0  startup_stm32f411xe.o(.text)
    I2C2_EV_IRQHandler                       0x08000273   Thumb Code     0  startup_stm32f411xe.o(.text)
    I2C3_ER_IRQHandler                       0x08000273   Thumb Code     0  startup_stm32f411xe.o(.text)
    I2C3_EV_IRQHandler                       0x08000273   Thumb Code     0  startup_stm32f411xe.o(.text)
    OTG_FS_IRQHandler                        0x08000273   Thumb Code     0  startup_stm32f411xe.o(.text)
    OTG_FS_WKUP_IRQHandler                   0x08000273   Thumb Code     0  startup_stm32f411xe.o(.text)
    PVD_IRQHandler                           0x08000273   Thumb Code     0  startup_stm32f411xe.o(.text)
    RCC_IRQHandler                           0x08000273   Thumb Code     0  startup_stm32f411xe.o(.text)
    RTC_Alarm_IRQHandler                     0x08000273   Thumb Code     0  startup_stm32f411xe.o(.text)
    RTC_WKUP_IRQHandler                      0x08000273   Thumb Code     0  startup_stm32f411xe.o(.text)
    SDIO_IRQHandler                          0x08000273   Thumb Code     0  startup_stm32f411xe.o(.text)
    SPI1_IRQHandler                          0x08000273   Thumb Code     0  startup_stm32f411xe.o(.text)
    SPI2_IRQHandler                          0x08000273   Thumb Code     0  startup_stm32f411xe.o(.text)
    SPI3_IRQHandler                          0x08000273   Thumb Code     0  startup_stm32f411xe.o(.text)
    SPI4_IRQHandler                          0x08000273   Thumb Code     0  startup_stm32f411xe.o(.text)
    SPI5_IRQHandler                          0x08000273   Thumb Code     0  startup_stm32f411xe.o(.text)
    TAMP_STAMP_IRQHandler                    0x08000273   Thumb Code     0  startup_stm32f411xe.o(.text)
    TIM1_BRK_TIM9_IRQHandler                 0x08000273   Thumb Code     0  startup_stm32f411xe.o(.text)
    TIM1_CC_IRQHandler                       0x08000273   Thumb Code     0  startup_stm32f411xe.o(.text)
    TIM1_TRG_COM_TIM11_IRQHandler            0x08000273   Thumb Code     0  startup_stm32f411xe.o(.text)
    TIM1_UP_TIM10_IRQHandler                 0x08000273   Thumb Code     0  startup_stm32f411xe.o(.text)
    TIM2_IRQHandler                          0x08000273   Thumb Code     0  startup_stm32f411xe.o(.text)
    TIM3_IRQHandler                          0x08000273   Thumb Code     0  startup_stm32f411xe.o(.text)
    TIM4_IRQHandler                          0x08000273   Thumb Code     0  startup_stm32f411xe.o(.text)
    TIM5_IRQHandler                          0x08000273   Thumb Code     0  startup_stm32f411xe.o(.text)
    USART1_IRQHandler                        0x08000273   Thumb Code     0  startup_stm32f411xe.o(.text)
    USART2_IRQHandler                        0x08000273   Thumb Code     0  startup_stm32f411xe.o(.text)
    USART6_IRQHandler                        0x08000273   Thumb Code     0  startup_stm32f411xe.o(.text)
    WWDG_IRQHandler                          0x08000273   Thumb Code     0  startup_stm32f411xe.o(.text)
    __user_initial_stackheap                 0x08000275   Thumb Code     0  startup_stm32f411xe.o(.text)
    __I$use$semihosting                      0x08000299   Thumb Code     0  use_no_semi.o(.text)
    __use_no_semihosting_swi                 0x08000299   Thumb Code     2  use_no_semi.o(.text)
    __2printf                                0x0800029d   Thumb Code    20  noretval__2printf.o(.text)
    __2sprintf                               0x080002b5   Thumb Code    34  noretval__2sprintf.o(.text)
    _printf_pre_padding                      0x080002dd   Thumb Code    44  _printf_pad.o(.text)
    _printf_post_padding                     0x08000309   Thumb Code    34  _printf_pad.o(.text)
    _printf_int_hex                          0x0800032d   Thumb Code    84  _printf_hex_int.o(.text)
    _printf_longlong_hex                     0x0800032d   Thumb Code     0  _printf_hex_int.o(.text)
    __printf                                 0x08000385   Thumb Code   308  __printf_flags_wp.o(.text)
    putc                                     0x080004bd   Thumb Code     4  putc.o(.text)
    __use_two_region_memory                  0x080004c1   Thumb Code     2  heapauxi.o(.text)
    __rt_heap_escrow                         0x080004c3   Thumb Code     2  heapauxi.o(.text)
    __rt_heap_expand                         0x080004c5   Thumb Code     2  heapauxi.o(.text)
    _printf_int_common                       0x080004c7   Thumb Code   178  _printf_intcommon.o(.text)
    __lib_sel_fp_printf                      0x08000579   Thumb Code     2  _printf_fp_dec.o(.text)
    _printf_fp_dec_real                      0x0800072b   Thumb Code   620  _printf_fp_dec.o(.text)
    _printf_char_common                      0x080009a3   Thumb Code    32  _printf_char_common.o(.text)
    _sputc                                   0x080009c9   Thumb Code    10  _sputc.o(.text)
    _printf_char_file                        0x080009d5   Thumb Code    32  _printf_char_file.o(.text)
    __user_libspace                          0x080009f9   Thumb Code     8  libspace.o(.text)
    __user_perproc_libspace                  0x080009f9   Thumb Code     0  libspace.o(.text)
    __user_perthread_libspace                0x080009f9   Thumb Code     0  libspace.o(.text)
    __rt_locale                              0x08000a01   Thumb Code     8  rt_locale_intlibspace.o(.text)
    _ll_udiv10                               0x08000a09   Thumb Code   138  lludiv10.o(.text)
    _printf_fp_infnan                        0x08000a95   Thumb Code   112  _printf_fp_infnan.o(.text)
    _btod_etento                             0x08000b15   Thumb Code   224  bigflt0.o(.text)
    __user_setup_stackheap                   0x08000bf9   Thumb Code    74  sys_stackheap_outer.o(.text)
    exit                                     0x08000c43   Thumb Code    18  exit.o(.text)
    strcmp                                   0x08000c55   Thumb Code   128  strcmpv7m.o(.text)
    _btod_d2e                                0x08000cd5   Thumb Code    62  btod.o(CL$$btod_d2e)
    _d2e_denorm_low                          0x08000d13   Thumb Code    70  btod.o(CL$$btod_d2e_denorm_low)
    _d2e_norm_op1                            0x08000d59   Thumb Code    96  btod.o(CL$$btod_d2e_norm_op1)
    __btod_div_common                        0x08000db9   Thumb Code   696  btod.o(CL$$btod_div_common)
    _e2e                                     0x080010f1   Thumb Code   220  btod.o(CL$$btod_e2e)
    _btod_ediv                               0x080011cd   Thumb Code    42  btod.o(CL$$btod_ediv)
    _btod_emul                               0x080011f7   Thumb Code    42  btod.o(CL$$btod_emul)
    __btod_mult_common                       0x08001221   Thumb Code   580  btod.o(CL$$btod_mult_common)
    BUTTON_INIT                              0x08001465   Thumb Code    42  button.o(i.BUTTON_INIT)
    BUTTON_STATE                             0x08001495   Thumb Code    24  button.o(i.BUTTON_STATE)
    GPIO_Init                                0x0800152d   Thumb Code   144  stm32f4xx_gpio.o(i.GPIO_Init)
    GPIO_PinAFConfig                         0x080015bd   Thumb Code    70  stm32f4xx_gpio.o(i.GPIO_PinAFConfig)
    GPIO_ReadInputDataBit                    0x08001603   Thumb Code    18  stm32f4xx_gpio.o(i.GPIO_ReadInputDataBit)
    GPIO_WriteBit                            0x08001615   Thumb Code    10  stm32f4xx_gpio.o(i.GPIO_WriteBit)
    I2C_CheckEvent                           0x0800161f   Thumb Code    42  stm32f4xx_i2c.o(i.I2C_CheckEvent)
    I2C_Cmd                                  0x08001649   Thumb Code    24  stm32f4xx_i2c.o(i.I2C_Cmd)
    I2C_GenerateSTART                        0x08001661   Thumb Code    24  stm32f4xx_i2c.o(i.I2C_GenerateSTART)
    I2C_GenerateSTOP                         0x08001679   Thumb Code    24  stm32f4xx_i2c.o(i.I2C_GenerateSTOP)
    I2C_GetFlagStatus                        0x08001691   Thumb Code    58  stm32f4xx_i2c.o(i.I2C_GetFlagStatus)
    I2C_Init                                 0x080016cd   Thumb Code   218  stm32f4xx_i2c.o(i.I2C_Init)
    I2C_Send7bitAddress                      0x080017b5   Thumb Code    16  stm32f4xx_i2c.o(i.I2C_Send7bitAddress)
    I2C_SendData                             0x080017c5   Thumb Code     4  stm32f4xx_i2c.o(i.I2C_SendData)
    I2C_StartTransmission                    0x080017c9   Thumb Code    96  i2c.o(i.I2C_StartTransmission)
    I2C_WriteData                            0x08001831   Thumb Code    30  i2c.o(i.I2C_WriteData)
    LCDI2C_backlight                         0x08001855   Thumb Code    16  liquidcrystal_i2c.o(i.LCDI2C_backlight)
    LCDI2C_begin                             0x08001869   Thumb Code   162  liquidcrystal_i2c.o(i.LCDI2C_begin)
    LCDI2C_clear                             0x08001915   Thumb Code    16  liquidcrystal_i2c.o(i.LCDI2C_clear)
    LCDI2C_command                           0x08001925   Thumb Code    14  liquidcrystal_i2c.o(i.LCDI2C_command)
    LCDI2C_display                           0x08001935   Thumb Code    26  liquidcrystal_i2c.o(i.LCDI2C_display)
    LCDI2C_expanderWrite                     0x08001955   Thumb Code    40  liquidcrystal_i2c.o(i.LCDI2C_expanderWrite)
    LCDI2C_home                              0x08001985   Thumb Code    18  liquidcrystal_i2c.o(i.LCDI2C_home)
    LCDI2C_init                              0x08001999   Thumb Code    42  liquidcrystal_i2c.o(i.LCDI2C_init)
    LCDI2C_noBacklight                       0x080019c9   Thumb Code    14  liquidcrystal_i2c.o(i.LCDI2C_noBacklight)
    LCDI2C_pulseEnable                       0x080019dd   Thumb Code    34  liquidcrystal_i2c.o(i.LCDI2C_pulseEnable)
    LCDI2C_send                              0x080019ff   Thumb Code    38  liquidcrystal_i2c.o(i.LCDI2C_send)
    LCDI2C_setCursor                         0x08001a25   Thumb Code    48  liquidcrystal_i2c.o(i.LCDI2C_setCursor)
    LCDI2C_write                             0x08001a5d   Thumb Code    14  liquidcrystal_i2c.o(i.LCDI2C_write)
    LCDI2C_write4bits                        0x08001a6b   Thumb Code    18  liquidcrystal_i2c.o(i.LCDI2C_write4bits)
    LCDI2C_write_String                      0x08001a7d   Thumb Code    26  liquidcrystal_i2c.o(i.LCDI2C_write_String)
    LED_Init                                 0x08001a99   Thumb Code    46  led.o(i.LED_Init)
    LED_OFF                                  0x08001acd   Thumb Code    14  led.o(i.LED_OFF)
    LED_ON                                   0x08001ae1   Thumb Code    14  led.o(i.LED_ON)
    OneWire_Init                             0x08001af5   Thumb Code    48  ds18b20.o(i.OneWire_Init)
    PingOneWireNetwork                       0x08001b29   Thumb Code    68  ds18b20.o(i.PingOneWireNetwork)
    RCC_AHB1PeriphClockCmd                   0x08001ba9   Thumb Code    26  stm32f4xx_rcc.o(i.RCC_AHB1PeriphClockCmd)
    RCC_APB1PeriphClockCmd                   0x08001bc9   Thumb Code    26  stm32f4xx_rcc.o(i.RCC_APB1PeriphClockCmd)
    RCC_GetClocksFreq                        0x08001be9   Thumb Code   214  stm32f4xx_rcc.o(i.RCC_GetClocksFreq)
    RCC_MCO1Config                           0x08001cd1   Thumb Code    24  stm32f4xx_rcc.o(i.RCC_MCO1Config)
    ReadByte                                 0x08001ced   Thumb Code   102  ds18b20.o(i.ReadByte)
    ReportROM                                0x08001d59   Thumb Code    94  ds18b20.o(i.ReportROM)
    ReportScratchpad                         0x08001e0d   Thumb Code   100  ds18b20.o(i.ReportScratchpad)
    ReportTemperature                        0x08001e79   Thumb Code   234  ds18b20.o(i.ReportTemperature)
    SER_PutChar                              0x08001fd1   Thumb Code    24  usart2.o(i.SER_PutChar)
    SendByte                                 0x08001fed   Thumb Code    82  ds18b20.o(i.SendByte)
    SendInitialization                       0x08002045   Thumb Code    78  ds18b20.o(i.SendInitialization)
    StartConversion                          0x08002099   Thumb Code    32  ds18b20.o(i.StartConversion)
    SysTick_Handler                          0x080020e1   Thumb Code   162  tm_stm32f4_delay.o(i.SysTick_Handler)
    SystemInit                               0x08002191   Thumb Code    82  system_stm32f4xx.o(i.SystemInit)
    TM_DELAY_Init                            0x080021f5   Thumb Code   110  tm_stm32f4_delay.o(i.TM_DELAY_Init)
    USART2_Init                              0x0800227d   Thumb Code   124  usart2.o(i.USART2_Init)
    USART_Cmd                                0x08002301   Thumb Code    24  stm32f4xx_usart.o(i.USART_Cmd)
    USART_Init                               0x08002319   Thumb Code   204  stm32f4xx_usart.o(i.USART_Init)
    __ARM_fpclassify                         0x080023ed   Thumb Code    48  fpclassify.o(i.__ARM_fpclassify)
    _is_digit                                0x0800241d   Thumb Code    14  __printf_wp.o(i._is_digit)
    _sys_exit                                0x0800242b   Thumb Code     4  retar.o(i._sys_exit)
    ferror                                   0x0800242f   Thumb Code     8  retar.o(i.ferror)
    fputc                                    0x08002437   Thumb Code    14  retar.o(i.fputc)
    init_I2C1                                0x08002445   Thumb Code   110  i2c.o(i.init_I2C1)
    main                                     0x080024c9   Thumb Code   230  main.o(i.main)
    _get_lc_numeric                          0x0800260d   Thumb Code    44  lc_numeric_c.o(locale$$code)
    __fpl_dretinf                            0x08002639   Thumb Code    12  dretinf.o(x$fpl$dretinf)
    __aeabi_f2d                              0x08002645   Thumb Code     0  f2d.o(x$fpl$f2d)
    _f2d                                     0x08002645   Thumb Code    86  f2d.o(x$fpl$f2d)
    __fpl_fnaninf                            0x0800269b   Thumb Code   140  fnaninf.o(x$fpl$fnaninf)
    _fp_init                                 0x08002727   Thumb Code    10  fpinit.o(x$fpl$fpinit)
    __fplib_config_fpu_vfp                   0x0800272f   Thumb Code     0  fpinit.o(x$fpl$fpinit)
    __fplib_config_pureend_doubles           0x0800272f   Thumb Code     0  fpinit.o(x$fpl$fpinit)
    _printf_fp_dec                           0x08002731   Thumb Code     4  printf1.o(x$fpl$printf1)
    __I$use$fp                               0x08002734   Number         0  usenofp.o(x$fpl$usenofp)
    Region$$Table$$Base                      0x08002858   Number         0  anon$$obj.o(Region$$Table)
    Region$$Table$$Limit                     0x08002878   Number         0  anon$$obj.o(Region$$Table)
    __stdout                                 0x20000000   Data           4  retar.o(.data)
    __stdin                                  0x20000004   Data           4  retar.o(.data)
    i2c_gpio                                 0x20000008   Data           8  i2c.o(.data)
    lcdi2c                                   0x20000010   Data           8  liquidcrystal_i2c.o(.data)
    reading_rom                              0x20000018   Data           8  ds18b20.o(.data)
    TM_TimingDelay                           0x20000030   Data           4  tm_stm32f4_delay.o(.data)
    TM_Time                                  0x20000034   Data           4  tm_stm32f4_delay.o(.data)
    TM_Time2                                 0x20000038   Data           4  tm_stm32f4_delay.o(.data)
    mult                                     0x2000003c   Data           4  tm_stm32f4_delay.o(.data)
    TM_DELAY_Initialized                     0x20000040   Data           1  tm_stm32f4_delay.o(.data)
    SystemCoreClock                          0x20000044   Data           4  system_stm32f4xx.o(.data)
    i2c                                      0x20000048   Data          16  i2c.o(.bss)
    reading_pad                              0x20000058   Data           9  ds18b20.o(.bss)
    __libspace_start                         0x2000007c   Data          96  libspace.o(.bss)
    __temporary_stack_top$libspace           0x200000dc   Data           0  libspace.o(.bss)



==============================================================================

Memory Map of the image

  Image Entry point : 0x08000259

  Load Region LR_1 (Base: 0x08000000, Size: 0x000028dc, Max: 0xffffffff, ABSOLUTE)

    Execution Region ER_RO (Exec base: 0x08000000, Load base: 0x08000000, Size: 0x00002894, Max: 0xffffffff, ABSOLUTE)

    Exec Addr    Load Addr    Size         Type   Attr      Idx    E Section Name        Object

    0x08000000   0x08000000   0x00000198   Data   RO         1821    RESET               startup_stm32f411xe.o
    0x08000198   0x08000198   0x00000008   Code   RO         1989  * !!!main             c_w.l(__main.o)
    0x080001a0   0x080001a0   0x00000034   Code   RO         2273    !!!scatter          c_w.l(__scatter.o)
    0x080001d4   0x080001d4   0x0000001a   Code   RO         2275    !!handler_copy      c_w.l(__scatter_copy.o)
    0x080001ee   0x080001ee   0x00000002   PAD
    0x080001f0   0x080001f0   0x0000001c   Code   RO         2277    !!handler_zi        c_w.l(__scatter_zi.o)
    0x0800020c   0x0800020c   0x00000000   Code   RO         1984    .ARM.Collect$$_printf_percent$$00000000  c_w.l(_printf_percent.o)
    0x0800020c   0x0800020c   0x00000006   Code   RO         1983    .ARM.Collect$$_printf_percent$$00000003  c_w.l(_printf_f.o)
    0x08000212   0x08000212   0x00000006   Code   RO         1982    .ARM.Collect$$_printf_percent$$0000000C  c_w.l(_printf_x.o)
    0x08000218   0x08000218   0x00000004   Code   RO         2051    .ARM.Collect$$_printf_percent$$00000017  c_w.l(_printf_percent_end.o)
    0x0800021c   0x0800021c   0x00000002   Code   RO         2216    .ARM.Collect$$libinit$$00000000  c_w.l(libinit.o)
    0x0800021e   0x0800021e   0x00000004   Code   RO         2056    .ARM.Collect$$libinit$$00000001  c_w.l(libinit2.o)
    0x08000222   0x08000222   0x00000000   Code   RO         2059    .ARM.Collect$$libinit$$00000004  c_w.l(libinit2.o)
    0x08000222   0x08000222   0x00000000   Code   RO         2062    .ARM.Collect$$libinit$$0000000A  c_w.l(libinit2.o)
    0x08000222   0x08000222   0x00000000   Code   RO         2064    .ARM.Collect$$libinit$$0000000C  c_w.l(libinit2.o)
    0x08000222   0x08000222   0x00000000   Code   RO         2066    .ARM.Collect$$libinit$$0000000E  c_w.l(libinit2.o)
    0x08000222   0x08000222   0x00000006   Code   RO         2067    .ARM.Collect$$libinit$$0000000F  c_w.l(libinit2.o)
    0x08000228   0x08000228   0x00000000   Code   RO         2069    .ARM.Collect$$libinit$$00000011  c_w.l(libinit2.o)
    0x08000228   0x08000228   0x00000000   Code   RO         2071    .ARM.Collect$$libinit$$00000013  c_w.l(libinit2.o)
    0x08000228   0x08000228   0x00000000   Code   RO         2073    .ARM.Collect$$libinit$$00000015  c_w.l(libinit2.o)
    0x08000228   0x08000228   0x0000000a   Code   RO         2074    .ARM.Collect$$libinit$$00000016  c_w.l(libinit2.o)
    0x08000232   0x08000232   0x00000000   Code   RO         2075    .ARM.Collect$$libinit$$00000017  c_w.l(libinit2.o)
    0x08000232   0x08000232   0x00000000   Code   RO         2077    .ARM.Collect$$libinit$$00000019  c_w.l(libinit2.o)
    0x08000232   0x08000232   0x00000000   Code   RO         2079    .ARM.Collect$$libinit$$0000001B  c_w.l(libinit2.o)
    0x08000232   0x08000232   0x00000000   Code   RO         2081    .ARM.Collect$$libinit$$0000001D  c_w.l(libinit2.o)
    0x08000232   0x08000232   0x00000000   Code   RO         2083    .ARM.Collect$$libinit$$0000001F  c_w.l(libinit2.o)
    0x08000232   0x08000232   0x00000000   Code   RO         2085    .ARM.Collect$$libinit$$00000021  c_w.l(libinit2.o)
    0x08000232   0x08000232   0x00000000   Code   RO         2087    .ARM.Collect$$libinit$$00000023  c_w.l(libinit2.o)
    0x08000232   0x08000232   0x00000000   Code   RO         2089    .ARM.Collect$$libinit$$00000025  c_w.l(libinit2.o)
    0x08000232   0x08000232   0x00000000   Code   RO         2093    .ARM.Collect$$libinit$$0000002C  c_w.l(libinit2.o)
    0x08000232   0x08000232   0x00000000   Code   RO         2095    .ARM.Collect$$libinit$$0000002E  c_w.l(libinit2.o)
    0x08000232   0x08000232   0x00000000   Code   RO         2097    .ARM.Collect$$libinit$$00000030  c_w.l(libinit2.o)
    0x08000232   0x08000232   0x00000000   Code   RO         2099    .ARM.Collect$$libinit$$00000032  c_w.l(libinit2.o)
    0x08000232   0x08000232   0x00000002   Code   RO         2100    .ARM.Collect$$libinit$$00000033  c_w.l(libinit2.o)
    0x08000234   0x08000234   0x00000002   Code   RO         2270    .ARM.Collect$$libshutdown$$00000000  c_w.l(libshutdown.o)
    0x08000236   0x08000236   0x00000000   Code   RO         2228    .ARM.Collect$$libshutdown$$00000002  c_w.l(libshutdown2.o)
    0x08000236   0x08000236   0x00000000   Code   RO         2230    .ARM.Collect$$libshutdown$$00000004  c_w.l(libshutdown2.o)
    0x08000236   0x08000236   0x00000000   Code   RO         2233    .ARM.Collect$$libshutdown$$00000007  c_w.l(libshutdown2.o)
    0x08000236   0x08000236   0x00000000   Code   RO         2236    .ARM.Collect$$libshutdown$$0000000A  c_w.l(libshutdown2.o)
    0x08000236   0x08000236   0x00000000   Code   RO         2238    .ARM.Collect$$libshutdown$$0000000C  c_w.l(libshutdown2.o)
    0x08000236   0x08000236   0x00000000   Code   RO         2241    .ARM.Collect$$libshutdown$$0000000F  c_w.l(libshutdown2.o)
    0x08000236   0x08000236   0x00000002   Code   RO         2242    .ARM.Collect$$libshutdown$$00000010  c_w.l(libshutdown2.o)
    0x08000238   0x08000238   0x00000000   Code   RO         2015    .ARM.Collect$$rtentry$$00000000  c_w.l(__rtentry.o)
    0x08000238   0x08000238   0x00000000   Code   RO         2116    .ARM.Collect$$rtentry$$00000002  c_w.l(__rtentry2.o)
    0x08000238   0x08000238   0x00000006   Code   RO         2128    .ARM.Collect$$rtentry$$00000004  c_w.l(__rtentry4.o)
    0x0800023e   0x0800023e   0x00000000   Code   RO         2118    .ARM.Collect$$rtentry$$00000009  c_w.l(__rtentry2.o)
    0x0800023e   0x0800023e   0x00000004   Code   RO         2119    .ARM.Collect$$rtentry$$0000000A  c_w.l(__rtentry2.o)
    0x08000242   0x08000242   0x00000000   Code   RO         2121    .ARM.Collect$$rtentry$$0000000C  c_w.l(__rtentry2.o)
    0x08000242   0x08000242   0x00000008   Code   RO         2122    .ARM.Collect$$rtentry$$0000000D  c_w.l(__rtentry2.o)
    0x0800024a   0x0800024a   0x00000002   Code   RO         2217    .ARM.Collect$$rtexit$$00000000  c_w.l(rtexit.o)
    0x0800024c   0x0800024c   0x00000000   Code   RO         2244    .ARM.Collect$$rtexit$$00000002  c_w.l(rtexit2.o)
    0x0800024c   0x0800024c   0x00000004   Code   RO         2245    .ARM.Collect$$rtexit$$00000003  c_w.l(rtexit2.o)
    0x08000250   0x08000250   0x00000006   Code   RO         2246    .ARM.Collect$$rtexit$$00000004  c_w.l(rtexit2.o)
    0x08000256   0x08000256   0x00000002   PAD
    0x08000258   0x08000258   0x00000040   Code   RO         1822  * .text               startup_stm32f411xe.o
    0x08000298   0x08000298   0x00000002   Code   RO         1865    .text               c_w.l(use_no_semi.o)
    0x0800029a   0x0800029a   0x00000002   PAD
    0x0800029c   0x0800029c   0x00000018   Code   RO         1933    .text               c_w.l(noretval__2printf.o)
    0x080002b4   0x080002b4   0x00000028   Code   RO         1935    .text               c_w.l(noretval__2sprintf.o)
    0x080002dc   0x080002dc   0x0000004e   Code   RO         1939    .text               c_w.l(_printf_pad.o)
    0x0800032a   0x0800032a   0x00000002   PAD
    0x0800032c   0x0800032c   0x00000058   Code   RO         1944    .text               c_w.l(_printf_hex_int.o)
    0x08000384   0x08000384   0x00000138   Code   RO         1974    .text               c_w.l(__printf_flags_wp.o)
    0x080004bc   0x080004bc   0x00000004   Code   RO         1985    .text               c_w.l(putc.o)
    0x080004c0   0x080004c0   0x00000006   Code   RO         1987    .text               c_w.l(heapauxi.o)
    0x080004c6   0x080004c6   0x000000b2   Code   RO         2041    .text               c_w.l(_printf_intcommon.o)
    0x08000578   0x08000578   0x0000041e   Code   RO         2043    .text               c_w.l(_printf_fp_dec.o)
    0x08000996   0x08000996   0x00000002   PAD
    0x08000998   0x08000998   0x00000030   Code   RO         2045    .text               c_w.l(_printf_char_common.o)
    0x080009c8   0x080009c8   0x0000000a   Code   RO         2047    .text               c_w.l(_sputc.o)
    0x080009d2   0x080009d2   0x00000002   PAD
    0x080009d4   0x080009d4   0x00000024   Code   RO         2049    .text               c_w.l(_printf_char_file.o)
    0x080009f8   0x080009f8   0x00000008   Code   RO         2112    .text               c_w.l(libspace.o)
    0x08000a00   0x08000a00   0x00000008   Code   RO         2133    .text               c_w.l(rt_locale_intlibspace.o)
    0x08000a08   0x08000a08   0x0000008a   Code   RO         2143    .text               c_w.l(lludiv10.o)
    0x08000a92   0x08000a92   0x00000002   PAD
    0x08000a94   0x08000a94   0x00000080   Code   RO         2145    .text               c_w.l(_printf_fp_infnan.o)
    0x08000b14   0x08000b14   0x000000e4   Code   RO         2149    .text               c_w.l(bigflt0.o)
    0x08000bf8   0x08000bf8   0x0000004a   Code   RO         2193    .text               c_w.l(sys_stackheap_outer.o)
    0x08000c42   0x08000c42   0x00000012   Code   RO         2199    .text               c_w.l(exit.o)
    0x08000c54   0x08000c54   0x00000080   Code   RO         2205    .text               c_w.l(strcmpv7m.o)
    0x08000cd4   0x08000cd4   0x0000003e   Code   RO         2152    CL$$btod_d2e        c_w.l(btod.o)
    0x08000d12   0x08000d12   0x00000046   Code   RO         2154    CL$$btod_d2e_denorm_low  c_w.l(btod.o)
    0x08000d58   0x08000d58   0x00000060   Code   RO         2153    CL$$btod_d2e_norm_op1  c_w.l(btod.o)
    0x08000db8   0x08000db8   0x00000338   Code   RO         2162    CL$$btod_div_common  c_w.l(btod.o)
    0x080010f0   0x080010f0   0x000000dc   Code   RO         2159    CL$$btod_e2e        c_w.l(btod.o)
    0x080011cc   0x080011cc   0x0000002a   Code   RO         2156    CL$$btod_ediv       c_w.l(btod.o)
    0x080011f6   0x080011f6   0x0000002a   Code   RO         2155    CL$$btod_emul       c_w.l(btod.o)
    0x08001220   0x08001220   0x00000244   Code   RO         2161    CL$$btod_mult_common  c_w.l(btod.o)
    0x08001464   0x08001464   0x00000030   Code   RO          264    i.BUTTON_INIT       button.o
    0x08001494   0x08001494   0x0000001c   Code   RO          265    i.BUTTON_STATE      button.o
    0x080014b0   0x080014b0   0x00000020   Code   RO            4    i.Delay             main.o
    0x080014d0   0x080014d0   0x00000020   Code   RO          624    i.Delay             ds18b20.o
    0x080014f0   0x080014f0   0x0000003c   Code   RO          386    i.Delayms           liquidcrystal_i2c.o
    0x0800152c   0x0800152c   0x00000090   Code   RO         1290    i.GPIO_Init         stm32f4xx_gpio.o
    0x080015bc   0x080015bc   0x00000046   Code   RO         1291    i.GPIO_PinAFConfig  stm32f4xx_gpio.o
    0x08001602   0x08001602   0x00000012   Code   RO         1294    i.GPIO_ReadInputDataBit  stm32f4xx_gpio.o
    0x08001614   0x08001614   0x0000000a   Code   RO         1302    i.GPIO_WriteBit     stm32f4xx_gpio.o
    0x0800161e   0x0800161e   0x0000002a   Code   RO         1595    i.I2C_CheckEvent    stm32f4xx_i2c.o
    0x08001648   0x08001648   0x00000018   Code   RO         1598    i.I2C_Cmd           stm32f4xx_i2c.o
    0x08001660   0x08001660   0x00000018   Code   RO         1606    i.I2C_GenerateSTART  stm32f4xx_i2c.o
    0x08001678   0x08001678   0x00000018   Code   RO         1607    i.I2C_GenerateSTOP  stm32f4xx_i2c.o
    0x08001690   0x08001690   0x0000003a   Code   RO         1608    i.I2C_GetFlagStatus  stm32f4xx_i2c.o
    0x080016ca   0x080016ca   0x00000002   PAD
    0x080016cc   0x080016cc   0x000000e8   Code   RO         1613    i.I2C_Init          stm32f4xx_i2c.o
    0x080017b4   0x080017b4   0x00000010   Code   RO         1620    i.I2C_Send7bitAddress  stm32f4xx_i2c.o
    0x080017c4   0x080017c4   0x00000004   Code   RO         1621    i.I2C_SendData      stm32f4xx_i2c.o
    0x080017c8   0x080017c8   0x00000068   Code   RO          334    i.I2C_StartTransmission  i2c.o
    0x08001830   0x08001830   0x00000024   Code   RO          335    i.I2C_WriteData     i2c.o
    0x08001854   0x08001854   0x00000014   Code   RO          389    i.LCDI2C_backlight  liquidcrystal_i2c.o
    0x08001868   0x08001868   0x000000ac   Code   RO          390    i.LCDI2C_begin      liquidcrystal_i2c.o
    0x08001914   0x08001914   0x00000010   Code   RO          394    i.LCDI2C_clear      liquidcrystal_i2c.o
    0x08001924   0x08001924   0x0000000e   Code   RO          395    i.LCDI2C_command    liquidcrystal_i2c.o
    0x08001932   0x08001932   0x00000002   PAD
    0x08001934   0x08001934   0x00000020   Code   RO          400    i.LCDI2C_display    liquidcrystal_i2c.o
    0x08001954   0x08001954   0x00000030   Code   RO          401    i.LCDI2C_expanderWrite  liquidcrystal_i2c.o
    0x08001984   0x08001984   0x00000012   Code   RO          402    i.LCDI2C_home       liquidcrystal_i2c.o
    0x08001996   0x08001996   0x00000002   PAD
    0x08001998   0x08001998   0x00000030   Code   RO          403    i.LCDI2C_init       liquidcrystal_i2c.o
    0x080019c8   0x080019c8   0x00000014   Code   RO          407    i.LCDI2C_noBacklight  liquidcrystal_i2c.o
    0x080019dc   0x080019dc   0x00000022   Code   RO          411    i.LCDI2C_pulseEnable  liquidcrystal_i2c.o
    0x080019fe   0x080019fe   0x00000026   Code   RO          415    i.LCDI2C_send       liquidcrystal_i2c.o
    0x08001a24   0x08001a24   0x00000038   Code   RO          417    i.LCDI2C_setCursor  liquidcrystal_i2c.o
    0x08001a5c   0x08001a5c   0x0000000e   Code   RO          418    i.LCDI2C_write      liquidcrystal_i2c.o
    0x08001a6a   0x08001a6a   0x00000012   Code   RO          419    i.LCDI2C_write4bits  liquidcrystal_i2c.o
    0x08001a7c   0x08001a7c   0x0000001a   Code   RO          420    i.LCDI2C_write_String  liquidcrystal_i2c.o
    0x08001a96   0x08001a96   0x00000002   PAD
    0x08001a98   0x08001a98   0x00000034   Code   RO          294    i.LED_Init          led.o
    0x08001acc   0x08001acc   0x00000014   Code   RO          295    i.LED_OFF           led.o
    0x08001ae0   0x08001ae0   0x00000014   Code   RO          296    i.LED_ON            led.o
    0x08001af4   0x08001af4   0x00000034   Code   RO          625    i.OneWire_Init      ds18b20.o
    0x08001b28   0x08001b28   0x00000080   Code   RO          626    i.PingOneWireNetwork  ds18b20.o
    0x08001ba8   0x08001ba8   0x00000020   Code   RO          723    i.RCC_AHB1PeriphClockCmd  stm32f4xx_rcc.o
    0x08001bc8   0x08001bc8   0x00000020   Code   RO          729    i.RCC_APB1PeriphClockCmd  stm32f4xx_rcc.o
    0x08001be8   0x08001be8   0x000000e8   Code   RO          741    i.RCC_GetClocksFreq  stm32f4xx_rcc.o
    0x08001cd0   0x08001cd0   0x0000001c   Code   RO          754    i.RCC_MCO1Config    stm32f4xx_rcc.o
    0x08001cec   0x08001cec   0x0000006c   Code   RO          627    i.ReadByte          ds18b20.o
    0x08001d58   0x08001d58   0x000000b4   Code   RO          628    i.ReportROM         ds18b20.o
    0x08001e0c   0x08001e0c   0x0000006c   Code   RO          629    i.ReportScratchpad  ds18b20.o
    0x08001e78   0x08001e78   0x00000158   Code   RO          630    i.ReportTemperature  ds18b20.o
    0x08001fd0   0x08001fd0   0x0000001c   Code   RO          229    i.SER_PutChar       usart2.o
    0x08001fec   0x08001fec   0x00000058   Code   RO          631    i.SendByte          ds18b20.o
    0x08002044   0x08002044   0x00000054   Code   RO          632    i.SendInitialization  ds18b20.o
    0x08002098   0x08002098   0x00000048   Code   RO          633    i.StartConversion   ds18b20.o
    0x080020e0   0x080020e0   0x000000b0   Code   RO         1394    i.SysTick_Handler   tm_stm32f4_delay.o
    0x08002190   0x08002190   0x00000064   Code   RO         1830    i.SystemInit        system_stm32f4xx.o
    0x080021f4   0x080021f4   0x00000088   Code   RO         1397    i.TM_DELAY_Init     tm_stm32f4_delay.o
    0x0800227c   0x0800227c   0x00000084   Code   RO          230    i.USART2_Init       usart2.o
    0x08002300   0x08002300   0x00000018   Code   RO         1095    i.USART_Cmd         stm32f4xx_usart.o
    0x08002318   0x08002318   0x000000d4   Code   RO         1102    i.USART_Init        stm32f4xx_usart.o
    0x080023ec   0x080023ec   0x00000030   Code   RO         2190    i.__ARM_fpclassify  m_wm.l(fpclassify.o)
    0x0800241c   0x0800241c   0x0000000e   Code   RO         1972    i._is_digit         c_w.l(__printf_wp.o)
    0x0800242a   0x0800242a   0x00000004   Code   RO          167    i._sys_exit         retar.o
    0x0800242e   0x0800242e   0x00000008   Code   RO          169    i.ferror            retar.o
    0x08002436   0x08002436   0x0000000e   Code   RO          171    i.fputc             retar.o
    0x08002444   0x08002444   0x00000084   Code   RO          336    i.init_I2C1         i2c.o
    0x080024c8   0x080024c8   0x00000144   Code   RO            5    i.main              main.o
    0x0800260c   0x0800260c   0x0000002c   Code   RO         2175    locale$$code        c_w.l(lc_numeric_c.o)
    0x08002638   0x08002638   0x0000000c   Code   RO         2105    x$fpl$dretinf       fz_wm.l(dretinf.o)
    0x08002644   0x08002644   0x00000056   Code   RO         2009    x$fpl$f2d           fz_wm.l(f2d.o)
    0x0800269a   0x0800269a   0x0000008c   Code   RO         2107    x$fpl$fnaninf       fz_wm.l(fnaninf.o)
    0x08002726   0x08002726   0x0000000a   Code   RO         2186    x$fpl$fpinit        fz_wm.l(fpinit.o)
    0x08002730   0x08002730   0x00000004   Code   RO         2011    x$fpl$printf1       fz_wm.l(printf1.o)
    0x08002734   0x08002734   0x00000000   Code   RO         2109    x$fpl$usenofp       fz_wm.l(usenofp.o)
    0x08002734   0x08002734   0x00000010   Data   RO          421    .constdata          liquidcrystal_i2c.o
    0x08002744   0x08002744   0x00000028   Data   RO         1945    .constdata          c_w.l(_printf_hex_int.o)
    0x0800276c   0x0800276c   0x00000011   Data   RO         1975    .constdata          c_w.l(__printf_flags_wp.o)
    0x0800277d   0x0800277d   0x00000003   PAD
    0x08002780   0x08002780   0x00000094   Data   RO         2150    .constdata          c_w.l(bigflt0.o)
    0x08002814   0x08002814   0x00000044   Data   RO          635    .conststring        ds18b20.o
    0x08002858   0x08002858   0x00000020   Data   RO         2271    Region$$Table       anon$$obj.o
    0x08002878   0x08002878   0x0000001c   Data   RO         2174    locale$$data        c_w.l(lc_numeric_c.o)


    Execution Region ER_RW (Exec base: 0x20000000, Load base: 0x08002894, Size: 0x00000048, Max: 0xffffffff, ABSOLUTE)

    Exec Addr    Load Addr    Size         Type   Attr      Idx    E Section Name        Object

    0x20000000   0x08002894   0x00000008   Data   RW          172    .data               retar.o
    0x20000008   0x0800289c   0x00000008   Data   RW          338    .data               i2c.o
    0x20000010   0x080028a4   0x00000008   Data   RW          422    .data               liquidcrystal_i2c.o
    0x20000018   0x080028ac   0x00000008   Data   RW          636    .data               ds18b20.o
    0x20000020   0x080028b4   0x00000010   Data   RW          771    .data               stm32f4xx_rcc.o
    0x20000030   0x080028c4   0x00000011   Data   RW         1406    .data               tm_stm32f4_delay.o
    0x20000041   0x080028d5   0x00000003   PAD
    0x20000044   0x080028d8   0x00000004   Data   RW         1832    .data               system_stm32f4xx.o


    Execution Region ER_ZI (Exec base: 0x20000048, Load base: 0x080028dc, Size: 0x00000698, Max: 0xffffffff, ABSOLUTE)

    Exec Addr    Load Addr    Size         Type   Attr      Idx    E Section Name        Object

    0x20000048        -       0x00000010   Zero   RW          337    .bss                i2c.o
    0x20000058        -       0x00000009   Zero   RW          634    .bss                ds18b20.o
    0x20000061   0x080028dc   0x00000003   PAD
    0x20000064        -       0x00000018   Zero   RW         1405    .bss                tm_stm32f4_delay.o
    0x2000007c        -       0x00000060   Zero   RW         2113    .bss                c_w.l(libspace.o)
    0x200000dc   0x080028dc   0x00000004   PAD
    0x200000e0        -       0x00000200   Zero   RW         1820    HEAP                startup_stm32f411xe.o
    0x200002e0        -       0x00000400   Zero   RW         1819    STACK               startup_stm32f411xe.o


==============================================================================

Image component sizes


      Code (inc. data)   RO Data    RW Data    ZI Data      Debug   Object Name

        76         10          0          0          0       1057   button.o
      1196        332         68          8          9       7598   ds18b20.o
       272         36          0          8         16       2331   i2c.o
        92         18          0          0          0       1446   led.o
       634         54         16          8          0      15931   liquidcrystal_i2c.o
       356        100          0          0          0     234275   main.o
        26          0          0          8          0       3347   retar.o
        64         26        408          0       1536        896   startup_stm32f411xe.o
       242          0          0          0          0       9579   stm32f4xx_gpio.o
       424         14          0          0          0      14242   stm32f4xx_i2c.o
       324         34          0         16          0      20371   stm32f4xx_rcc.o
       236          8          0          0          0      23689   stm32f4xx_usart.o
       100         18          0          4          0       1335   system_stm32f4xx.o
       312         40          0         17         24      33137   tm_stm32f4_delay.o
       160         12          0          0          0       1168   usart2.o

    ----------------------------------------------------------------------
      4522        702        524         72       1588     370402   Object Totals
         0          0         32          0          0          0   (incl. Generated)
         8          0          0          3          3          0   (incl. Padding)

    ----------------------------------------------------------------------

      Code (inc. data)   RO Data    RW Data    ZI Data      Debug   Library Member Name

         8          0          0          0          0         68   __main.o
       312          4         17          0          0         92   __printf_flags_wp.o
        14          0          0          0          0         68   __printf_wp.o
         0          0          0          0          0          0   __rtentry.o
        12          0          0          0          0          0   __rtentry2.o
         6          0          0          0          0          0   __rtentry4.o
        52          8          0          0          0          0   __scatter.o
        26          0          0          0          0          0   __scatter_copy.o
        28          0          0          0          0          0   __scatter_zi.o
        48          6          0          0          0         96   _printf_char_common.o
        36          4          0          0          0         80   _printf_char_file.o
         6          0          0          0          0          0   _printf_f.o
      1054          0          0          0          0        216   _printf_fp_dec.o
       128         16          0          0          0         84   _printf_fp_infnan.o
        88          4         40          0          0         88   _printf_hex_int.o
       178          0          0          0          0         88   _printf_intcommon.o
        78          0          0          0          0        108   _printf_pad.o
         0          0          0          0          0          0   _printf_percent.o
         4          0          0          0          0          0   _printf_percent_end.o
         6          0          0          0          0          0   _printf_x.o
        10          0          0          0          0         68   _sputc.o
       228          4        148          0          0         96   bigflt0.o
      1936        128          0          0          0        672   btod.o
        18          0          0          0          0         80   exit.o
         6          0          0          0          0        152   heapauxi.o
        44         10         28          0          0         76   lc_numeric_c.o
         2          0          0          0          0          0   libinit.o
        22          0          0          0          0          0   libinit2.o
         2          0          0          0          0          0   libshutdown.o
         2          0          0          0          0          0   libshutdown2.o
         8          4          0          0         96         68   libspace.o
       138          0          0          0          0         80   lludiv10.o
        24          4          0          0          0         84   noretval__2printf.o
        40          6          0          0          0         84   noretval__2sprintf.o
         4          0          0          0          0         68   putc.o
         8          4          0          0          0         68   rt_locale_intlibspace.o
         2          0          0          0          0          0   rtexit.o
        10          0          0          0          0          0   rtexit2.o
       128          0          0          0          0         68   strcmpv7m.o
        74          0          0          0          0         80   sys_stackheap_outer.o
         2          0          0          0          0         68   use_no_semi.o
        12          0          0          0          0        116   dretinf.o
        86          4          0          0          0        132   f2d.o
       140          4          0          0          0        132   fnaninf.o
        10          0          0          0          0        116   fpinit.o
         4          0          0          0          0        116   printf1.o
         0          0          0          0          0          0   usenofp.o
        48          0          0          0          0        124   fpclassify.o

    ----------------------------------------------------------------------
      5106        210        236          0        100       3536   Library Totals
        14          0          3          0          4          0   (incl. Padding)

    ----------------------------------------------------------------------

      Code (inc. data)   RO Data    RW Data    ZI Data      Debug   Library Name

      4792        202        233          0         96       2800   c_w.l
       252          8          0          0          0        612   fz_wm.l
        48          0          0          0          0        124   m_wm.l

    ----------------------------------------------------------------------
      5106        210        236          0        100       3536   Library Totals

    ----------------------------------------------------------------------

==============================================================================


      Code (inc. data)   RO Data    RW Data    ZI Data      Debug   

      9628        912        760         72       1688     366230   Grand Totals
      9628        912        760         72       1688     366230   ELF Image Totals
      9628        912        760         72          0          0   ROM Totals

==============================================================================

    Total RO  Size (Code + RO Data)                10388 (  10.14kB)
    Total RW  Size (RW Data + ZI Data)              1760 (   1.72kB)
    Total ROM Size (Code + RO Data + RW Data)      10460 (  10.21kB)

==============================================================================

